Component: ARM Compiler 5.06 update 7 (build 960) Tool: armlink [4d3601]

==============================================================================

Section Cross References

    main.o(i.Cross_StateTurn) refers to bsp.o(.data) for LaserControl
    main.o(i.Delay) refers to main.o(.data) for uwTimingDelay
    main.o(i.Laser_StateTurn) refers to bsp_uart_dma.o(i.DMA_Tx) for DMA_Tx
    main.o(i.Laser_StateTurn) refers to fsmc.o(i.CycleCode_Renew) for CycleCode_Renew
    main.o(i.Laser_StateTurn) refers to bsp.o(.data) for LaserControl
    main.o(i.Laser_StateTurn) refers to bsp_uart_dma.o(.bss) for Uart_Tx_Buffer3
    main.o(i.Laser_StateTurn) refers to main.o(.data) for CycleCodeTime
    main.o(i.Pulse_StateTurn) refers to bsp.o(.data) for LaserControl
    main.o(i.TimingDelay_Decrement) refers to main.o(.data) for uwTimingDelay
    main.o(i.main) refers to misc.o(i.NVIC_PriorityGroupConfig) for NVIC_PriorityGroupConfig
    main.o(i.main) refers to system_stm32f4xx.o(i.SystemInit) for SystemInit
    main.o(i.main) refers to stm32f4xx_rcc.o(i.RCC_GetClocksFreq) for RCC_GetClocksFreq
    main.o(i.main) refers to main.o(i.Delay) for Delay
    main.o(i.main) refers to tim.o(i.TIM2_Int_Init) for TIM2_Int_Init
    main.o(i.main) refers to tim.o(i.TIM3_Int_Init) for TIM3_Int_Init
    main.o(i.main) refers to fsmc.o(i.FSMC_Init) for FSMC_Init
    main.o(i.main) refers to gpio.o(i.User_GPIO_Init) for User_GPIO_Init
    main.o(i.main) refers to delay.o(i.delay_init) for delay_init
    main.o(i.main) refers to lcd.o(i.LCD_Init) for LCD_Init
    main.o(i.main) refers to flash.o(i.Read_Memory) for Read_Memory
    main.o(i.main) refers to bsp_ui_showp_foundation.o(i.UI_Init) for UI_Init
    main.o(i.main) refers to soft_i2c.o(i.bsp_InitI2C) for bsp_InitI2C
    main.o(i.main) refers to ring_buffer.o(i.RB_Init) for RB_Init
    main.o(i.main) refers to bsp_uart_dma.o(i.Uart_Init) for Uart_Init
    main.o(i.main) refers to bsp_key.o(i.MenuTrig_Down) for MenuTrig_Down
    main.o(i.main) refers to bsp_key.o(i.MenuTrig_Up) for MenuTrig_Up
    main.o(i.main) refers to bsp_key_oc.o(i.MenuTrig_OK) for MenuTrig_OK
    main.o(i.main) refers to bsp_key_oc.o(i.MenuTrig_Cancel) for MenuTrig_Cancel
    main.o(i.main) refers to main.o(i.Cross_StateTurn) for Cross_StateTurn
    main.o(i.main) refers to main.o(i.Laser_StateTurn) for Laser_StateTurn
    main.o(i.main) refers to fsmc.o(i.CycleCode_Renew) for CycleCode_Renew
    main.o(i.main) refers to stm32f4xx_gpio.o(i.GPIO_ResetBits) for GPIO_ResetBits
    main.o(i.main) refers to stm32f4xx_gpio.o(i.GPIO_SetBits) for GPIO_SetBits
    main.o(i.main) refers to ring_buffer.o(i.RB_Get_Length) for RB_Get_Length
    main.o(i.main) refers to ring_buffer.o(i.RB_Read_Byte) for RB_Read_Byte
    main.o(i.main) refers to bsp_uart.o(i.UART_RemoteDecode) for UART_RemoteDecode
    main.o(i.main) refers to soft_i2c_lm75b.o(i.LM75BTempRead) for LM75BTempRead
    main.o(i.main) refers to dadd.o(.text) for __aeabi_dadd
    main.o(i.main) refers to dfixui.o(.text) for __aeabi_d2uiz
    main.o(i.main) refers to d2f.o(.text) for __aeabi_d2f
    main.o(i.main) refers to lcd.o(i.LCD_ShowNum1) for LCD_ShowNum1
    main.o(i.main) refers to lcd.o(i.LCD_ShowString) for LCD_ShowString
    main.o(i.main) refers to lcd.o(i.Number_Highlight_Show) for Number_Highlight_Show
    main.o(i.main) refers to main.o(.bss) for RCC_Clocks
    main.o(i.main) refers to bsp.o(.data) for LaserControl
    main.o(i.main) refers to main.o(.data) for b_Ext_Sync
    main.o(i.main) refers to usart.o(.data) for LaserState
    main.o(i.main) refers to bsp.o(.bss) for retdata
    main.o(i.main) refers to lcd.o(i.LCD_Print) for LCD_Print
    gpio.o(i.User_GPIO_Init) refers to stm32f4xx_rcc.o(i.RCC_AHB1PeriphClockCmd) for RCC_AHB1PeriphClockCmd
    gpio.o(i.User_GPIO_Init) refers to stm32f4xx_gpio.o(i.GPIO_Init) for GPIO_Init
    gpio.o(i.User_GPIO_Init) refers to stm32f4xx_rcc.o(i.RCC_MCO1Config) for RCC_MCO1Config
    gpio.o(i.User_GPIO_Init) refers to stm32f4xx_rcc.o(i.RCC_MCO2Config) for RCC_MCO2Config
    stm32f4xx_it.o(i.SysTick_Handler) refers to main.o(i.TimingDelay_Decrement) for TimingDelay_Decrement
    i2c.o(i.I2C_LM75_Read) refers to stm32f4xx_i2c.o(i.I2C_GetFlagStatus) for I2C_GetFlagStatus
    i2c.o(i.I2C_LM75_Read) refers to stm32f4xx_i2c.o(i.I2C_GenerateSTART) for I2C_GenerateSTART
    i2c.o(i.I2C_LM75_Read) refers to stm32f4xx_i2c.o(i.I2C_CheckEvent) for I2C_CheckEvent
    i2c.o(i.I2C_LM75_Read) refers to stm32f4xx_i2c.o(i.I2C_Send7bitAddress) for I2C_Send7bitAddress
    i2c.o(i.I2C_LM75_Read) refers to stm32f4xx_i2c.o(i.I2C_SendData) for I2C_SendData
    i2c.o(i.I2C_LM75_Read) refers to stm32f4xx_i2c.o(i.I2C_AcknowledgeConfig) for I2C_AcknowledgeConfig
    i2c.o(i.I2C_LM75_Read) refers to stm32f4xx_i2c.o(i.I2C_ReceiveData) for I2C_ReceiveData
    i2c.o(i.I2C_LM75_Read) refers to stm32f4xx_i2c.o(i.I2C_GenerateSTOP) for I2C_GenerateSTOP
    i2c.o(i.I2C_LM75_Read) refers to i2c.o(i.data_convert) for data_convert
[...]
    .ARM.Collect$$$$00002712                 0x0800019c   Section        4  entry2.o(.ARM.Collect$$$$00002712)
    __lit__00000000                          0x0800019c   Data           4  entry2.o(.ARM.Collect$$$$00002712)
    .text                                    0x080001a0   Section       36  startup_stm32f407xx.o(.text)
    $v0                                      0x080001a0   Number         0  startup_stm32f407xx.o(.text)
    .text                                    0x080001c4   Section        0  memcpya.o(.text)
    .text                                    0x080001e8   Section        0  memseta.o(.text)
    .text                                    0x0800020c   Section        0  strlen.o(.text)
    .text                                    0x0800021a   Section        0  dadd.o(.text)
    .text                                    0x08000368   Section        0  dmul.o(.text)
    .text                                    0x0800044c   Section        0  ddiv.o(.text)
    .text                                    0x0800052a   Section        0  dfltui.o(.text)
    .text                                    0x08000544   Section        0  dfixui.o(.text)
    .text                                    0x08000576   Section        0  d2f.o(.text)
    .text                                    0x080005ae   Section        0  uidiv.o(.text)
    .text                                    0x080005da   Section        0  llshl.o(.text)
    .text                                    0x080005f8   Section        0  llushr.o(.text)
    .text                                    0x08000618   Section        0  llsshr.o(.text)
    .text                                    0x0800063c   Section        0  fepilogue.o(.text)
    .text                                    0x0800063c   Section        0  iusefp.o(.text)
    .text                                    0x080006aa   Section        0  depilogue.o(.text)
    .text                                    0x08000764   Section       36  init.o(.text)
    i.BusFault_Handler                       0x08000788   Section        0  stm32f4xx_it.o(i.BusFault_Handler)
    i.Cross_StateTurn                        0x0800078c   Section        0  main.o(i.Cross_StateTurn)
    i.CycleCode_Renew                        0x080007bc   Section        0  fsmc.o(i.CycleCode_Renew)
    i.DMA1_Stream3_IRQHandler                0x0800088c   Section        0  bsp_uart_dma.o(i.DMA1_Stream3_IRQHandler)
    i.DMA1_Stream4_IRQHandler                0x080008b4   Section        0  bsp_uart_dma.o(i.DMA1_Stream4_IRQHandler)
    i.DMA1_Stream6_IRQHandler                0x080008dc   Section        0  bsp_uart_dma.o(i.DMA1_Stream6_IRQHandler)
    i.DMA1_Stream7_IRQHandler                0x08000910   Section        0  bsp_uart_dma.o(i.DMA1_Stream7_IRQHandler)
    i.DMA2_Stream6_IRQHandler                0x08000938   Section        0  bsp_uart_dma.o(i.DMA2_Stream6_IRQHandler)
    i.DMA2_Stream7_IRQHandler                0x08000960   Section        0  bsp_uart_dma.o(i.DMA2_Stream7_IRQHandler)
    i.DMA_ClearFlag                          0x08000994   Section        0  stm32f4xx_dma.o(i.DMA_ClearFlag)
    i.DMA_Cmd                                0x080009c8   Section        0  stm32f4xx_dma.o(i.DMA_Cmd)
    i.DMA_DeInit                             0x080009e0   Section        0  stm32f4xx_dma.o(i.DMA_DeInit)
    i.DMA_GetCurrDataCounter                 0x08000b38   Section        0  stm32f4xx_dma.o(i.DMA_GetCurrDataCounter)
    i.DMA_GetFlagStatus                      0x08000b40   Section        0  stm32f4xx_dma.o(i.DMA_GetFlagStatus)
    i.DMA_ITConfig                           0x08000b84   Section        0  stm32f4xx_dma.o(i.DMA_ITConfig)
    i.DMA_Init                               0x08000bc0   Section        0  stm32f4xx_dma.o(i.DMA_Init)
    i.DMA_Rx                                 0x08000c18   Section        0  bsp_uart_dma.o(i.DMA_Rx)
    i.DMA_SetCurrDataCounter                 0x08000d34   Section        0  stm32f4xx_dma.o(i.DMA_SetCurrDataCounter)
    i.DMA_Tx                                 0x08000d38   Section        0  bsp_uart_dma.o(i.DMA_Tx)
    i.DebugMon_Handler                       0x08000db0   Section        0  stm32f4xx_it.o(i.DebugMon_Handler)
    i.Delay                                  0x08000db4   Section        0  main.o(i.Delay)
    Delay                                    0x08000db5   Thumb Code    20  main.o(i.Delay)
    i.FLASH_ClearFlag                        0x08000dcc   Section        0  stm32f4xx_flash.o(i.FLASH_ClearFlag)
    i.FLASH_DataCacheCmd                     0x08000dd8   Section        0  stm32f4xx_flash.o(i.FLASH_DataCacheCmd)
    i.FLASH_EraseSector                      0x08000dfc   Section        0  stm32f4xx_flash.o(i.FLASH_EraseSector)
    i.FLASH_GetStatus                        0x08000e84   Section        0  stm32f4xx_flash.o(i.FLASH_GetStatus)
    i.FLASH_Lock                             0x08000ed8   Section        0  stm32f4xx_flash.o(i.FLASH_Lock)
    i.FLASH_ProgramWord                      0x08000eec   Section        0  stm32f4xx_flash.o(i.FLASH_ProgramWord)
    i.FLASH_Unlock                           0x08000f3c   Section        0  stm32f4xx_flash.o(i.FLASH_Unlock)
    i.FLASH_WaitForLastOperation             0x08000f60   Section        0  stm32f4xx_flash.o(i.FLASH_WaitForLastOperation)
    i.FSMC_GPIO_Config                       0x08000f84   Section        0  fsmc.o(i.FSMC_GPIO_Config)
    i.FSMC_Init                              0x080011e8   Section        0  fsmc.o(i.FSMC_Init)
    i.FSMC_NORSRAMCmd                        0x0800124c   Section        0  stm32f4xx_fsmc.o(i.FSMC_NORSRAMCmd)
    i.FSMC_NORSRAMInit                       0x08001280   Section        0  stm32f4xx_fsmc.o(i.FSMC_NORSRAMInit)
    i.GPIO_Init                              0x080013a4   Section        0  stm32f4xx_gpio.o(i.GPIO_Init)
    i.GPIO_PinAFConfig                       0x08001434   Section        0  stm32f4xx_gpio.o(i.GPIO_PinAFConfig)
    i.GPIO_ResetBits                         0x0800147a   Section        0  stm32f4xx_gpio.o(i.GPIO_ResetBits)
    i.GPIO_SetBits                           0x0800147e   Section        0  stm32f4xx_gpio.o(i.GPIO_SetBits)
    i.GetSector                              0x08001484   Section        0  flash.o(i.GetSector)
    i.HandleEndSymbol                        0x08001568   Section        0  bsp_uart.o(i.HandleEndSymbol)
    i.HandleStartSymbol                      0x08001588   Section        0  bsp_uart.o(i.HandleStartSymbol)
    i.HandleValidData                        0x08001598   Section        0  bsp_uart.o(i.HandleValidData)
    i.HardFault_Handler                      0x080015a4   Section        0  stm32f4xx_it.o(i.HardFault_Handler)
    i.LCD_Address_Set                        0x080015a8   Section        0  lcd.o(i.LCD_Address_Set)
    i.LCD_Clear                              0x080015e2   Section        0  lcd.o(i.LCD_Clear)
    i.LCD_DrawPoint                          0x08001616   Section        0  lcd.o(i.LCD_DrawPoint)
    i.LCD_Init                               0x08001634   Section        0  lcd.o(i.LCD_Init)
    i.LCD_PortInit                           0x08001864   Section        0  lcd.o(i.LCD_PortInit)
    i.LCD_Print                              0x080018bc   Section        0  lcd.o(i.LCD_Print)
    i.LCD_ShowBigChar                        0x08001968   Section        0  lcd.o(i.LCD_ShowBigChar)
    i.LCD_ShowBigString                      0x080019e0   Section        0  lcd.o(i.LCD_ShowBigString)
    i.LCD_ShowChar                           0x08001a2c   Section        0  lcd.o(i.LCD_ShowChar)
    i.LCD_ShowChinese                        0x08001b0c   Section        0  lcd.o(i.LCD_ShowChinese)
    i.LCD_ShowNum1                           0x08001b98   Section        0  lcd.o(i.LCD_ShowNum1)
    i.LCD_ShowString                         0x08001c38   Section        0  lcd.o(i.LCD_ShowString)
    i.LCD_WR_DATA                            0x08001c84   Section        0  lcd.o(i.LCD_WR_DATA)
    i.LCD_WR_DATA8                           0x08001ca4   Section        0  lcd.o(i.LCD_WR_DATA8)
    i.LCD_WR_REG                             0x08001cbc   Section        0  lcd.o(i.LCD_WR_REG)
    i.LCD_Writ_Bus                           0x08001cd4   Section        0  lcd.o(i.LCD_Writ_Bus)
    i.LM75BTempRead                          0x08001d18   Section        0  soft_i2c_lm75b.o(i.LM75BTempRead)
    i.Laser_StateTurn                        0x08001d84   Section        0  main.o(i.Laser_StateTurn)
    i.MemManage_Handler                      0x08001e10   Section        0  stm32f4xx_it.o(i.MemManage_Handler)
    i.MenuTrig_Cancel                        0x08001e14   Section        0  bsp_key_oc.o(i.MenuTrig_Cancel)
    i.MenuTrig_Down                          0x0800209c   Section        0  bsp_key.o(i.MenuTrig_Down)
    i.MenuTrig_OK                            0x08002240   Section        0  bsp_key_oc.o(i.MenuTrig_OK)
    i.MenuTrig_Up                            0x080025a0   Section        0  bsp_key.o(i.MenuTrig_Up)
    i.Menu_0_1                               0x08002720   Section        0  ui.o(i.Menu_0_1)
    i.Menu_0_2                               0x08002784   Section        0  ui.o(i.Menu_0_2)
    i.Menu_0_3                               0x08002804   Section        0  ui.o(i.Menu_0_3)
    i.Menu_0_4                               0x08002884   Section        0  ui.o(i.Menu_0_4)
    i.Menu_0_5                               0x080028d4   Section        0  ui.o(i.Menu_0_5)
    i.Menu_0_6                               0x08002924   Section        0  ui.o(i.Menu_0_6)
    i.Menu_1                                 0x08002974   Section        0  ui.o(i.Menu_1)
    i.Menu_2_x                               0x080029b8   Section        0  ui.o(i.Menu_2_x)
    i.Menu_2_x_OK                            0x08002a50   Section        0  ui.o(i.Menu_2_x_OK)
    i.Menu_4                                 0x08002bec   Section        0  ui.o(i.Menu_4)
    i.Menu_Infobar                           0x08002c34   Section        0  bsp_ui_showp_foundation.o(i.Menu_Infobar)
    i.Menu_Refresh                           0x08002c58   Section        0  ui.o(i.Menu_Refresh)
    i.Menu_Title                             0x08002d40   Section        0  bsp_ui_showp_foundation.o(i.Menu_Title)
    i.MyDMA_Config                           0x08002d68   Section        0  bsp_uart_dma.o(i.MyDMA_Config)
    i.MyGPIO_Config                          0x08002dd4   Section        0  bsp_uart_dma.o(i.MyGPIO_Config)
    i.MyNVIC_Config                          0x08002e78   Section        0  bsp_uart_dma.o(i.MyNVIC_Config)
    i.Myuart_Config                          0x08002e9c   Section        0  bsp_uart_dma.o(i.Myuart_Config)
    i.NMI_Handler                            0x08002f50   Section        0  stm32f4xx_it.o(i.NMI_Handler)
    i.NVIC_Init                              0x08002f54   Section        0  misc.o(i.NVIC_Init)
    i.NVIC_PriorityGroupConfig               0x08002fcc   Section        0  misc.o(i.NVIC_PriorityGroupConfig)
    i.Number_Highlight_Show                  0x08002fe0   Section        0  lcd.o(i.Number_Highlight_Show)
    i.PendSV_Handler                         0x0800316c   Section        0  stm32f4xx_it.o(i.PendSV_Handler)
    i.Program_control                        0x0800316e   Section        0  bsp_ui_showp_foundation.o(i.Program_control)
    i.Pulse_StateTurn                        0x08003178   Section        0  main.o(i.Pulse_StateTurn)
    i.RB_Get_FreeSize                        0x080031b8   Section        0  ring_buffer.o(i.RB_Get_FreeSize)
    i.RB_Get_Length                          0x080031c2   Section        0  ring_buffer.o(i.RB_Get_Length)
    i.RB_Init                                0x080031c8   Section        0  ring_buffer.o(i.RB_Init)
    i.RB_Read_Byte                           0x080031e6   Section        0  ring_buffer.o(i.RB_Read_Byte)
    i.RB_Write_Byte                          0x08003216   Section        0  ring_buffer.o(i.RB_Write_Byte)
    i.RCC_AHB1PeriphClockCmd                 0x08003248   Section        0  stm32f4xx_rcc.o(i.RCC_AHB1PeriphClockCmd)
    i.RCC_AHB3PeriphClockCmd                 0x08003268   Section        0  stm32f4xx_rcc.o(i.RCC_AHB3PeriphClockCmd)
    i.RCC_APB1PeriphClockCmd                 0x08003288   Section        0  stm32f4xx_rcc.o(i.RCC_APB1PeriphClockCmd)
    i.RCC_APB2PeriphClockCmd                 0x080032a8   Section        0  stm32f4xx_rcc.o(i.RCC_APB2PeriphClockCmd)
    i.RCC_GetClocksFreq                      0x080032c8   Section        0  stm32f4xx_rcc.o(i.RCC_GetClocksFreq)
    i.RCC_MCO1Config                         0x080033b0   Section        0  stm32f4xx_rcc.o(i.RCC_MCO1Config)
    i.RCC_MCO2Config                         0x080033cc   Section        0  stm32f4xx_rcc.o(i.RCC_MCO2Config)
    i.RandomCode_Check                       0x080033e8   Section        0  randomcode.o(i.RandomCode_Check)
    i.RandomSaveData_Check                   0x08003440   Section        0  randomcode.o(i.RandomSaveData_Check)
    i.Read_Memory                            0x0800352c   Section        0  flash.o(i.Read_Memory)
    i.STMFLASH_Write                         0x08003548   Section        0  flash.o(i.STMFLASH_Write)
    i.SVC_Handler                            0x080035d4   Section        0  stm32f4xx_it.o(i.SVC_Handler)
    i.Search_ch32x32                         0x080035d8   Section        0  lcd.o(i.Search_ch32x32)
    i.SetSysClock                            0x08003610   Section        0  system_stm32f4xx.o(i.SetSysClock)
    SetSysClock                              0x08003611   Thumb Code   220  system_stm32f4xx.o(i.SetSysClock)
    i.SysTick_CLKSourceConfig                0x080036fc   Section        0  misc.o(i.SysTick_CLKSourceConfig)
    i.SysTick_Handler                        0x08003724   Section        0  stm32f4xx_it.o(i.SysTick_Handler)
    i.SystemInit                             0x0800372c   Section        0  system_stm32f4xx.o(i.SystemInit)
    i.TIM2_IRQHandler                        0x08003794   Section        0  tim.o(i.TIM2_IRQHandler)
    i.TIM2_Int_Init                          0x080037d8   Section        0  tim.o(i.TIM2_Int_Init)
    i.TIM3_IRQHandler                        0x08003834   Section        0  tim.o(i.TIM3_IRQHandler)
    i.TIM3_Int_Init                          0x08003858   Section        0  tim.o(i.TIM3_Int_Init)
    i.TIM_ClearITPendingBit                  0x080038b4   Section        0  stm32f4xx_tim.o(i.TIM_ClearITPendingBit)
    i.TIM_Cmd                                0x080038ba   Section        0  stm32f4xx_tim.o(i.TIM_Cmd)
    i.TIM_GetITStatus                        0x080038d2   Section        0  stm32f4xx_tim.o(i.TIM_GetITStatus)
    i.TIM_ITConfig                           0x080038f4   Section        0  stm32f4xx_tim.o(i.TIM_ITConfig)
    i.TIM_TimeBaseInit                       0x08003908   Section        0  stm32f4xx_tim.o(i.TIM_TimeBaseInit)
    i.TimingDelay_Decrement                  0x0800398c   Section        0  main.o(i.TimingDelay_Decrement)
    i.UART4_IRQHandler                       0x080039a4   Section        0  bsp_uart_dma.o(i.UART4_IRQHandler)
    i.UART5_IRQHandler                       0x080039c0   Section        0  bsp_uart_dma.o(i.UART5_IRQHandler)
    i.UART_AnswerError                       0x080039dc   Section        0  usart.o(i.UART_AnswerError)
    i.UART_Answer_LightData                  0x08003a18   Section        0  bsp.o(i.UART_Answer_LightData)
    i.UART_Answer_NoData                     0x08003d84   Section        0  usart.o(i.UART_Answer_NoData)
    i.UART_Answer_RandomNumber               0x08003e2c   Section        0  usart.o(i.UART_Answer_RandomNumber)
    i.UART_Inbuff                            0x08003e8c   Section        0  bsp_uart.o(i.UART_Inbuff)
    i.UART_RemoteCMD_Process                 0x08003ec0   Section        0  bsp.o(i.UART_RemoteCMD_Process)
    i.UART_RemoteDecode                      0x080045b8   Section        0  bsp_uart.o(i.UART_RemoteDecode)
    i.UART_RemoteEncode                      0x08004624   Section        0  usart.o(i.UART_RemoteEncode)
    i.UART_SendInbuff                        0x08004748   Section        0  usart.o(i.UART_SendInbuff)
    i.UI_Init                                0x08004760   Section        0  bsp_ui_showp_foundation.o(i.UI_Init)
    i.UI_Level_0                             0x08004780   Section        0  bsp_ui_showp_foundation.o(i.UI_Level_0)
    i.UI_Level_1                             0x080047d0   Section        0  bsp_ui_showp_foundation.o(i.UI_Level_1)
    i.UI_Level_2                             0x0800480c   Section        0  bsp_ui_showp_foundation.o(i.UI_Level_2)
    i.UI_Level_3                             0x08004850   Section        0  bsp_ui_showp_foundation.o(i.UI_Level_3)
    i.UI_Level_4                             0x080048e8   Section        0  bsp_ui_showp_foundation.o(i.UI_Level_4)
    i.UI_Level_5                             0x0800492c   Section        0  bsp_ui_showp_foundation.o(i.UI_Level_5)
    i.UI_Level_6                             0x080049cc   Section        0  bsp_ui_showp_foundation.o(i.UI_Level_6)
    i.USART1_IRQHandler                      0x08004a60   Section        0  bsp_uart_dma.o(i.USART1_IRQHandler)
    i.USART2_IRQHandler                      0x08004a7c   Section        0  bsp_uart_dma.o(i.USART2_IRQHandler)
    i.USART3_IRQHandler                      0x08004a98   Section        0  bsp_uart_dma.o(i.USART3_IRQHandler)
    i.USART6_IRQHandler                      0x08004ab4   Section        0  bsp_uart_dma.o(i.USART6_IRQHandler)
    i.USART_ClearFlag                        0x08004ad0   Section        0  stm32f4xx_usart.o(i.USART_ClearFlag)
    i.USART_Cmd                              0x08004ae2   Section        0  stm32f4xx_usart.o(i.USART_Cmd)
    i.USART_DMACmd                           0x08004afa   Section        0  stm32f4xx_usart.o(i.USART_DMACmd)
    i.USART_GetITStatus                      0x08004b0c   Section        0  stm32f4xx_usart.o(i.USART_GetITStatus)
    i.USART_ITConfig                         0x08004b60   Section        0  stm32f4xx_usart.o(i.USART_ITConfig)
    i.USART_Init                             0x08004bac   Section        0  stm32f4xx_usart.o(i.USART_Init)
    i.Uart_Init                              0x08004c80   Section        0  bsp_uart_dma.o(i.Uart_Init)
    i.UsageFault_Handler                     0x08004e08   Section        0  stm32f4xx_it.o(i.UsageFault_Handler)
    i.User_GPIO_Init                         0x08004e0c   Section        0  gpio.o(i.User_GPIO_Init)
    i.__0snprintf$1                          0x08004ee8   Section        0  printf1.o(i.__0snprintf$1)
    i.__scatterload_copy                     0x08004f1c   Section       14  handlers.o(i.__scatterload_copy)
    i.__scatterload_null                     0x08004f2a   Section        2  handlers.o(i.__scatterload_null)
    i.__scatterload_zeroinit                 0x08004f2c   Section       14  handlers.o(i.__scatterload_zeroinit)
    i._printf_core                           0x08004f3c   Section        0  printf1.o(i._printf_core)
    _printf_core                             0x08004f3d   Thumb Code   336  printf1.o(i._printf_core)
    i._snputc                                0x08005090   Section        0  printf1.o(i._snputc)
    _snputc                                  0x08005091   Thumb Code    22  printf1.o(i._snputc)
    i.attenuation_number                     0x080050a6   Section        0  bsp.o(i.attenuation_number)
    i.bsp_InitI2C                            0x080050c4   Section        0  soft_i2c.o(i.bsp_InitI2C)
    i.delay_init                             0x080050fc   Section        0  delay.o(i.delay_init)
    i.delay_ms                               0x08005138   Section        0  delay.o(i.delay_ms)
    i.delay_xms                              0x08005170   Section        0  delay.o(i.delay_xms)
    i.ee_ReadBytes                           0x080051bc   Section        0  soft_i2c_lm75b.o(i.ee_ReadBytes)
    i.i2c_Ack                                0x0800522c   Section        0  soft_i2c.o(i.i2c_Ack)
    i.i2c_Delay                              0x08005260   Section        0  soft_i2c.o(i.i2c_Delay)
    i2c_Delay                                0x08005261   Thumb Code    14  soft_i2c.o(i.i2c_Delay)
    i.i2c_NAck                               0x08005270   Section        0  soft_i2c.o(i.i2c_NAck)
    i.i2c_ReadByte                           0x0800529c   Section        0  soft_i2c.o(i.i2c_ReadByte)
    i.i2c_SendByte                           0x080052e0   Section        0  soft_i2c.o(i.i2c_SendByte)
    i.i2c_Start                              0x08005338   Section        0  soft_i2c.o(i.i2c_Start)
    i.i2c_Stop                               0x0800536c   Section        0  soft_i2c.o(i.i2c_Stop)
    i.i2c_WaitAck                            0x08005390   Section        0  soft_i2c.o(i.i2c_WaitAck)
    i.main                                   0x080053d0   Section        0  main.o(i.main)
    i.mypow                                  0x080058c0   Section        0  lcd.o(i.mypow)
    .constdata                               0x080058d6   Section    18695  lcd.o(.constdata)
    .data                                    0x20000000   Section       42  main.o(.data)
    uwTimingDelay                            0x20000000   Data           4  main.o(.data)
    Random_Index                             0x20000028   Data           2  main.o(.data)
    .data                                    0x2000002a   Section        5  usart.o(.data)
    ucdata                                   0x2000002d   Data           1  usart.o(.data)
    g_ansondata                              0x2000002e   Data           1  usart.o(.data)
    .data                                    0x20000030   Section        2  lcd.o(.data)
    .data                                    0x20000032   Section        4  delay.o(.data)
    fac_us                                   0x20000032   Data           1  delay.o(.data)
    fac_ms                                   0x20000034   Data           2  delay.o(.data)
    .data                                    0x20000038   Section        4  tim.o(.data)
    SYS_Count                                0x20000038   Data           4  tim.o(.data)
    .data                                    0x20000040   Section       29  bsp.o(.data)
    RandomIndex                              0x2000005a   Data           2  bsp.o(.data)
    RandomRxError                            0x2000005c   Data           1  bsp.o(.data)
    .data                                    0x2000005e   Section       16  bsp_uart_dma.o(.data)
    SizeUart_Rx_Buffer1                      0x2000005e   Data           2  bsp_uart_dma.o(.data)
    SizeUart_Tx_Buffer1                      0x20000062   Data           2  bsp_uart_dma.o(.data)
    SizeUart_Rx_Buffer3                      0x20000066   Data           2  bsp_uart_dma.o(.data)
    SizeUart_Tx_Buffer3                      0x2000006a   Data           2  bsp_uart_dma.o(.data)
    .data                                    0x2000006e   Section       16  stm32f4xx_rcc.o(.data)
    APBAHBPrescTable                         0x2000006e   Data          16  stm32f4xx_rcc.o(.data)
    .bss                                     0x20000080   Section    15620  main.o(.bss)
    .bss                                     0x20003d84   Section      128  usart.o(.bss)
    .bss                                     0x20003e04   Section       32  bsp.o(.bss)
    .bss                                     0x20003e24   Section     2816  bsp_uart_dma.o(.bss)
    STACK                                    0x20004928   Section     1024  startup_stm32f407xx.o(STACK)

    Global Symbols

    Symbol Name                              Value     Ov Type        Size  Object(Section)

    BuildAttributes$$THM_ISAv4$E$P$D$K$B$S$7EM$VFPi3$EXTD16$VFPS$VFMA$PE$A:L22UL41UL21$X:L11$S22US41US21$IEEE1$IW$USESV6$~STKCKD$USESV7$~SHL$OTIME$ROPI$EBA8$MICROLIB$REQ8$PRES8$EABIv2 0x00000000   Number         0  anon$$obj.o ABSOLUTE
    __ARM_use_no_argv                        0x00000000   Number         0  main.o ABSOLUTE
    _printf_a                                0x00000000   Number         0  stubs.o ABSOLUTE
    _printf_c                                0x00000000   Number         0  stubs.o ABSOLUTE
    _printf_charcount                        0x00000000   Number         0  stubs.o ABSOLUTE
    _printf_d                                0x00000000   Number         0  stubs.o ABSOLUTE
    _printf_e                                0x00000000   Number         0  stubs.o ABSOLUTE
    _printf_f                                0x00000000   Number         0  stubs.o ABSOLUTE
    _printf_flags                            0x00000000   Number         0  stubs.o ABSOLUTE
    _printf_fp_dec                           0x00000000   Number         0  stubs.o ABSOLUTE
    _printf_fp_hex                           0x00000000   Number         0  stubs.o ABSOLUTE
    _printf_g                                0x00000000   Number         0  stubs.o ABSOLUTE
    _printf_i                                0x00000000   Number         0  stubs.o ABSOLUTE
    _printf_int_dec                          0x00000000   Number         0  stubs.o ABSOLUTE
    _printf_l                                0x00000000   Number         0  stubs.o ABSOLUTE
    _printf_lc                               0x00000000   Number         0  stubs.o ABSOLUTE
    _printf_ll                               0x00000000   Number         0  stubs.o ABSOLUTE
    _printf_lld                              0x00000000   Number         0  stubs.o ABSOLUTE
    _printf_lli                              0x00000000   Number         0  stubs.o ABSOLUTE
    _printf_llo                              0x00000000   Number         0  stubs.o ABSOLUTE
    _printf_llu                              0x00000000   Number         0  stubs.o ABSOLUTE
    _printf_llx                              0x00000000   Number         0  stubs.o ABSOLUTE
    _printf_longlong_dec                     0x00000000   Number         0  stubs.o ABSOLUTE
    _printf_longlong_hex                     0x00000000   Number         0  stubs.o ABSOLUTE
    _printf_longlong_oct                     0x00000000   Number         0  stubs.o ABSOLUTE
    _printf_ls                               0x00000000   Number         0  stubs.o ABSOLUTE
    _printf_mbtowc                           0x00000000   Number         0  stubs.o ABSOLUTE
    _printf_n                                0x00000000   Number         0  stubs.o ABSOLUTE
    _printf_o                                0x00000000   Number         0  stubs.o ABSOLUTE
    _printf_p                                0x00000000   Number         0  stubs.o ABSOLUTE
    _printf_percent                          0x00000000   Number         0  stubs.o ABSOLUTE
    _printf_pre_padding                      0x00000000   Number         0  stubs.o ABSOLUTE
    _printf_return_value                     0x00000000   Number         0  stubs.o ABSOLUTE
    _printf_s                                0x00000000   Number         0  stubs.o ABSOLUTE
    _printf_sizespec                         0x00000000   Number         0  stubs.o ABSOLUTE
    _printf_str                              0x00000000   Number         0  stubs.o ABSOLUTE
    _printf_truncate_signed                  0x00000000   Number         0  stubs.o ABSOLUTE
    _printf_truncate_unsigned                0x00000000   Number         0  stubs.o ABSOLUTE
    _printf_u                                0x00000000   Number         0  stubs.o ABSOLUTE
    _printf_wc                               0x00000000   Number         0  stubs.o ABSOLUTE
    _printf_wctomb                           0x00000000   Number         0  stubs.o ABSOLUTE
    _printf_widthprec                        0x00000000   Number         0  stubs.o ABSOLUTE
    _printf_x                                0x00000000   Number         0  stubs.o ABSOLUTE
    __arm_fini_                               - Undefined Weak Reference
    __cpp_initialize__aeabi_                  - Undefined Weak Reference
    __cxa_finalize                            - Undefined Weak Reference
    __decompress                              - Undefined Weak Reference
    _clock_init                               - Undefined Weak Reference
    _microlib_exit                            - Undefined Weak Reference
    __Vectors_Size                           0x00000188   Number         0  startup_stm32f407xx.o ABSOLUTE
    __Vectors                                0x08000000   Data           4  startup_stm32f407xx.o(RESET)
    __Vectors_End                            0x08000188   Data           0  startup_stm32f407xx.o(RESET)
    __main                                   0x08000189   Thumb Code     0  entry.o(.ARM.Collect$$$$00000000)
    _main_stk                                0x08000189   Thumb Code     0  entry2.o(.ARM.Collect$$$$00000001)
    _main_scatterload                        0x0800018d   Thumb Code     0  entry5.o(.ARM.Collect$$$$00000004)
    __main_after_scatterload                 0x08000191   Thumb Code     0  entry5.o(.ARM.Collect$$$$00000004)
    _main_clock                              0x08000191   Thumb Code     0  entry7b.o(.ARM.Collect$$$$00000008)
    _main_cpp_init                           0x08000191   Thumb Code     0  entry8b.o(.ARM.Collect$$$$0000000A)
    _main_init                               0x08000191   Thumb Code     0  entry9a.o(.ARM.Collect$$$$0000000B)
    __rt_lib_shutdown_fini                   0x08000199   Thumb Code     0  entry12b.o(.ARM.Collect$$$$0000000E)
    __rt_final_cpp                           0x0800019d   Thumb Code     0  entry10a.o(.ARM.Collect$$$$0000000F)
    __rt_final_exit                          0x0800019d   Thumb Code     0  entry11a.o(.ARM.Collect$$$$00000011)
    Reset_Handler                            0x080001a1   Thumb Code     8  startup_stm32f407xx.o(.text)
    ADC_IRQHandler                           0x080001bb   Thumb Code     0  startup_stm32f407xx.o(.text)
    CAN1_RX0_IRQHandler                      0x080001bb   Thumb Code     0  startup_stm32f407xx.o(.text)
    CAN1_RX1_IRQHandler                      0x080001bb   Thumb Code     0  startup_stm32f407xx.o(.text)
    CAN1_SCE_IRQHandler                      0x080001bb   Thumb Code     0  startup_stm32f407xx.o(.text)
    CAN1_TX_IRQHandler                       0x080001bb   Thumb Code     0  startup_stm32f407xx.o(.text)
    CAN2_RX0_IRQHandler                      0x080001bb   Thumb Code     0  startup_stm32f407xx.o(.text)
    CAN2_RX1_IRQHandler                      0x080001bb   Thumb Code     0  startup_stm32f407xx.o(.text)
    CAN2_SCE_IRQHandler                      0x080001bb   Thumb Code     0  startup_stm32f407xx.o(.text)
    CAN2_TX_IRQHandler                       0x080001bb   Thumb Code     0  startup_stm32f407xx.o(.text)
    DCMI_IRQHandler                          0x080001bb   Thumb Code     0  startup_stm32f407xx.o(.text)
    DMA1_Stream0_IRQHandler                  0x080001bb   Thumb Code     0  startup_stm32f407xx.o(.text)
    DMA1_Stream1_IRQHandler                  0x080001bb   Thumb Code     0  startup_stm32f407xx.o(.text)
    DMA1_Stream2_IRQHandler                  0x080001bb   Thumb Code     0  startup_stm32f407xx.o(.text)
    DMA1_Stream5_IRQHandler                  0x080001bb   Thumb Code     0  startup_stm32f407xx.o(.text)
    DMA2_Stream0_IRQHandler                  0x080001bb   Thumb Code     0  startup_stm32f407xx.o(.text)
    DMA2_Stream1_IRQHandler                  0x080001bb   Thumb Code     0  startup_stm32f407xx.o(.text)
    DMA2_Stream2_IRQHandler                  0x080001bb   Thumb Code     0  startup_stm32f407xx.o(.text)
    DMA2_Stream3_IRQHandler                  0x080001bb   Thumb Code     0  startup_stm32f407xx.o(.text)
    DMA2_Stream4_IRQHandler                  0x080001bb   Thumb Code     0  startup_stm32f407xx.o(.text)
    DMA2_Stream5_IRQHandler                  0x080001bb   Thumb Code     0  startup_stm32f407xx.o(.text)
    ETH_IRQHandler                           0x080001bb   Thumb Code     0  startup_stm32f407xx.o(.text)
    ETH_WKUP_IRQHandler                      0x080001bb   Thumb Code     0  startup_stm32f407xx.o(.text)
    EXTI0_IRQHandler                         0x080001bb   Thumb Code     0  startup_stm32f407xx.o(.text)
    EXTI15_10_IRQHandler                     0x080001bb   Thumb Code     0  startup_stm32f407xx.o(.text)
    EXTI1_IRQHandler                         0x080001bb   Thumb Code     0  startup_stm32f407xx.o(.text)
    EXTI2_IRQHandler                         0x080001bb   Thumb Code     0  startup_stm32f407xx.o(.text)
    EXTI3_IRQHandler                         0x080001bb   Thumb Code     0  startup_stm32f407xx.o(.text)
    EXTI4_IRQHandler                         0x080001bb   Thumb Code     0  startup_stm32f407xx.o(.text)
    EXTI9_5_IRQHandler                       0x080001bb   Thumb Code     0  startup_stm32f407xx.o(.text)
    FLASH_IRQHandler                         0x080001bb   Thumb Code     0  startup_stm32f407xx.o(.text)
    FMC_IRQHandler                           0x080001bb   Thumb Code     0  startup_stm32f407xx.o(.text)
    FPU_IRQHandler                           0x080001bb   Thumb Code     0  startup_stm32f407xx.o(.text)
    HASH_RNG_IRQHandler                      0x080001bb   Thumb Code     0  startup_stm32f407xx.o(.text)
    I2C1_ER_IRQHandler                       0x080001bb   Thumb Code     0  startup_stm32f407xx.o(.text)
    I2C1_EV_IRQHandler                       0x080001bb   Thumb Code     0  startup_stm32f407xx.o(.text)
    I2C2_ER_IRQHandler                       0x080001bb   Thumb Code     0  startup_stm32f407xx.o(.text)
    I2C2_EV_IRQHandler                       0x080001bb   Thumb Code     0  startup_stm32f407xx.o(.text)
    I2C3_ER_IRQHandler                       0x080001bb   Thumb Code     0  startup_stm32f407xx.o(.text)
    I2C3_EV_IRQHandler                       0x080001bb   Thumb Code     0  startup_stm32f407xx.o(.text)
    OTG_FS_IRQHandler                        0x080001bb   Thumb Code     0  startup_stm32f407xx.o(.text)
    OTG_FS_WKUP_IRQHandler                   0x080001bb   Thumb Code     0  startup_stm32f407xx.o(.text)
    OTG_HS_EP1_IN_IRQHandler                 0x080001bb   Thumb Code     0  startup_stm32f407xx.o(.text)
    OTG_HS_EP1_OUT_IRQHandler                0x080001bb   Thumb Code     0  startup_stm32f407xx.o(.text)
    OTG_HS_IRQHandler                        0x080001bb   Thumb Code     0  startup_stm32f407xx.o(.text)
    OTG_HS_WKUP_IRQHandler                   0x080001bb   Thumb Code     0  startup_stm32f407xx.o(.text)
    PVD_IRQHandler                           0x080001bb   Thumb Code     0  startup_stm32f407xx.o(.text)
    RCC_IRQHandler                           0x080001bb   Thumb Code     0  startup_stm32f407xx.o(.text)
    RTC_Alarm_IRQHandler                     0x080001bb   Thumb Code     0  startup_stm32f407xx.o(.text)
    RTC_WKUP_IRQHandler                      0x080001bb   Thumb Code     0  startup_stm32f407xx.o(.text)
    SDIO_IRQHandler                          0x080001bb   Thumb Code     0  startup_stm32f407xx.o(.text)
    SPI1_IRQHandler                          0x080001bb   Thumb Code     0  startup_stm32f407xx.o(.text)
    SPI2_IRQHandler                          0x080001bb   Thumb Code     0  startup_stm32f407xx.o(.text)
    SPI3_IRQHandler                          0x080001bb   Thumb Code     0  startup_stm32f407xx.o(.text)
    TAMP_STAMP_IRQHandler                    0x080001bb   Thumb Code     0  startup_stm32f407xx.o(.text)
    TIM1_BRK_TIM9_IRQHandler                 0x080001bb   Thumb Code     0  startup_stm32f407xx.o(.text)
    TIM1_CC_IRQHandler                       0x080001bb   Thumb Code     0  startup_stm32f407xx.o(.text)
    TIM1_TRG_COM_TIM11_IRQHandler            0x080001bb   Thumb Code     0  startup_stm32f407xx.o(.text)
    TIM1_UP_TIM10_IRQHandler                 0x080001bb   Thumb Code     0  startup_stm32f407xx.o(.text)
    TIM4_IRQHandler                          0x080001bb   Thumb Code     0  startup_stm32f407xx.o(.text)
    TIM5_IRQHandler                          0x080001bb   Thumb Code     0  startup_stm32f407xx.o(.text)
    TIM6_DAC_IRQHandler                      0x080001bb   Thumb Code     0  startup_stm32f407xx.o(.text)
    TIM7_IRQHandler                          0x080001bb   Thumb Code     0  startup_stm32f407xx.o(.text)
    TIM8_BRK_TIM12_IRQHandler                0x080001bb   Thumb Code     0  startup_stm32f407xx.o(.text)
    TIM8_CC_IRQHandler                       0x080001bb   Thumb Code     0  startup_stm32f407xx.o(.text)
    TIM8_TRG_COM_TIM14_IRQHandler            0x080001bb   Thumb Code     0  startup_stm32f407xx.o(.text)
    TIM8_UP_TIM13_IRQHandler                 0x080001bb   Thumb Code     0  startup_stm32f407xx.o(.text)
    WWDG_IRQHandler                          0x080001bb   Thumb Code     0  startup_stm32f407xx.o(.text)
    __aeabi_memcpy                           0x080001c5   Thumb Code    36  memcpya.o(.text)
    __aeabi_memcpy4                          0x080001c5   Thumb Code     0  memcpya.o(.text)
    __aeabi_memcpy8                          0x080001c5   Thumb Code     0  memcpya.o(.text)
    __aeabi_memset                           0x080001e9   Thumb Code    14  memseta.o(.text)
    __aeabi_memset4                          0x080001e9   Thumb Code     0  memseta.o(.text)
    __aeabi_memset8                          0x080001e9   Thumb Code     0  memseta.o(.text)
    __aeabi_memclr                           0x080001f7   Thumb Code     4  memseta.o(.text)
    __aeabi_memclr4                          0x080001f7   Thumb Code     0  memseta.o(.text)
    __aeabi_memclr8                          0x080001f7   Thumb Code     0  memseta.o(.text)
    _memset$wrapper                          0x080001fb   Thumb Code    18  memseta.o(.text)
    strlen                                   0x0800020d   Thumb Code    14  strlen.o(.text)
    __aeabi_dadd                             0x0800021b   Thumb Code   322  dadd.o(.text)
    __aeabi_dsub                             0x0800035d   Thumb Code     6  dadd.o(.text)
    __aeabi_drsub                            0x08000363   Thumb Code     6  dadd.o(.text)
    __aeabi_dmul                             0x08000369   Thumb Code   228  dmul.o(.text)
    __aeabi_ddiv                             0x0800044d   Thumb Code   222  ddiv.o(.text)
    __aeabi_ui2d                             0x0800052b   Thumb Code    26  dfltui.o(.text)
    __aeabi_d2uiz                            0x08000545   Thumb Code    50  dfixui.o(.text)
    __aeabi_d2f                              0x08000577   Thumb Code    56  d2f.o(.text)
    __aeabi_uidiv                            0x080005af   Thumb Code     0  uidiv.o(.text)
    __aeabi_uidivmod                         0x080005af   Thumb Code    44  uidiv.o(.text)
    __aeabi_llsl                             0x080005db   Thumb Code    30  llshl.o(.text)
    _ll_shift_l                              0x080005db   Thumb Code     0  llshl.o(.text)
    __aeabi_llsr                             0x080005f9   Thumb Code    32  llushr.o(.text)
    _ll_ushift_r                             0x080005f9   Thumb Code     0  llushr.o(.text)
    __aeabi_lasr                             0x08000619   Thumb Code    36  llsshr.o(.text)
    _ll_sshift_r                             0x08000619   Thumb Code     0  llsshr.o(.text)
    __I$use$fp                               0x0800063d   Thumb Code     0  iusefp.o(.text)
    _float_round                             0x0800063d   Thumb Code    18  fepilogue.o(.text)
    _float_epilogue                          0x0800064f   Thumb Code    92  fepilogue.o(.text)
    _double_round                            0x080006ab   Thumb Code    30  depilogue.o(.text)
    _double_epilogue                         0x080006c9   Thumb Code   156  depilogue.o(.text)
    __scatterload                            0x08000765   Thumb Code    28  init.o(.text)
    __scatterload_rt2                        0x08000765   Thumb Code     0  init.o(.text)
    BusFault_Handler                         0x08000789   Thumb Code     4  stm32f4xx_it.o(i.BusFault_Handler)
    Cross_StateTurn                          0x0800078d   Thumb Code    42  main.o(i.Cross_StateTurn)
    CycleCode_Renew                          0x080007bd   Thumb Code   166  fsmc.o(i.CycleCode_Renew)
    DMA1_Stream3_IRQHandler                  0x0800088d   Thumb Code    34  bsp_uart_dma.o(i.DMA1_Stream3_IRQHandler)
    DMA1_Stream4_IRQHandler                  0x080008b5   Thumb Code    30  bsp_uart_dma.o(i.DMA1_Stream4_IRQHandler)
    DMA1_Stream6_IRQHandler                  0x080008dd   Thumb Code    38  bsp_uart_dma.o(i.DMA1_Stream6_IRQHandler)
    DMA1_Stream7_IRQHandler                  0x08000911   Thumb Code    34  bsp_uart_dma.o(i.DMA1_Stream7_IRQHandler)
    DMA2_Stream6_IRQHandler                  0x08000939   Thumb Code    30  bsp_uart_dma.o(i.DMA2_Stream6_IRQHandler)
    DMA2_Stream7_IRQHandler                  0x08000961   Thumb Code    42  bsp_uart_dma.o(i.DMA2_Stream7_IRQHandler)
    DMA_ClearFlag                            0x08000995   Thumb Code    38  stm32f4xx_dma.o(i.DMA_ClearFlag)
    DMA_Cmd                                  0x080009c9   Thumb Code    22  stm32f4xx_dma.o(i.DMA_Cmd)
    DMA_DeInit                               0x080009e1   Thumb Code   324  stm32f4xx_dma.o(i.DMA_DeInit)
    DMA_GetCurrDataCounter                   0x08000b39   Thumb Code     8  stm32f4xx_dma.o(i.DMA_GetCurrDataCounter)
    DMA_GetFlagStatus                        0x08000b41   Thumb Code    54  stm32f4xx_dma.o(i.DMA_GetFlagStatus)
    DMA_ITConfig                             0x08000b85   Thumb Code    58  stm32f4xx_dma.o(i.DMA_ITConfig)
    DMA_Init                                 0x08000bc1   Thumb Code    82  stm32f4xx_dma.o(i.DMA_Init)
    DMA_Rx                                   0x08000c19   Thumb Code   206  bsp_uart_dma.o(i.DMA_Rx)
    DMA_SetCurrDataCounter                   0x08000d35   Thumb Code     4  stm32f4xx_dma.o(i.DMA_SetCurrDataCounter)
    DMA_Tx                                   0x08000d39   Thumb Code    88  bsp_uart_dma.o(i.DMA_Tx)
    DebugMon_Handler                         0x08000db1   Thumb Code     2  stm32f4xx_it.o(i.DebugMon_Handler)
    FLASH_ClearFlag                          0x08000dcd   Thumb Code     6  stm32f4xx_flash.o(i.FLASH_ClearFlag)
    FLASH_DataCacheCmd                       0x08000dd9   Thumb Code    30  stm32f4xx_flash.o(i.FLASH_DataCacheCmd)
    FLASH_EraseSector                        0x08000dfd   Thumb Code   130  stm32f4xx_flash.o(i.FLASH_EraseSector)
    FLASH_GetStatus                          0x08000e85   Thumb Code    80  stm32f4xx_flash.o(i.FLASH_GetStatus)
    FLASH_Lock                               0x08000ed9   Thumb Code    14  stm32f4xx_flash.o(i.FLASH_Lock)
    FLASH_ProgramWord                        0x08000eed   Thumb Code    74  stm32f4xx_flash.o(i.FLASH_ProgramWord)
    FLASH_Unlock                             0x08000f3d   Thumb Code    24  stm32f4xx_flash.o(i.FLASH_Unlock)
    FLASH_WaitForLastOperation               0x08000f61   Thumb Code    34  stm32f4xx_flash.o(i.FLASH_WaitForLastOperation)
    FSMC_GPIO_Config                         0x08000f85   Thumb Code   598  fsmc.o(i.FSMC_GPIO_Config)
    FSMC_Init                                0x080011e9   Thumb Code    98  fsmc.o(i.FSMC_Init)
    FSMC_NORSRAMCmd                          0x0800124d   Thumb Code    46  stm32f4xx_fsmc.o(i.FSMC_NORSRAMCmd)
    FSMC_NORSRAMInit                         0x08001281   Thumb Code   282  stm32f4xx_fsmc.o(i.FSMC_NORSRAMInit)
    GPIO_Init                                0x080013a5   Thumb Code   144  stm32f4xx_gpio.o(i.GPIO_Init)
    GPIO_PinAFConfig                         0x08001435   Thumb Code    70  stm32f4xx_gpio.o(i.GPIO_PinAFConfig)
    GPIO_ResetBits                           0x0800147b   Thumb Code     4  stm32f4xx_gpio.o(i.GPIO_ResetBits)
    GPIO_SetBits                             0x0800147f   Thumb Code     4  stm32f4xx_gpio.o(i.GPIO_SetBits)
    GetSector                                0x08001485   Thumb Code   182  flash.o(i.GetSector)
    HandleEndSymbol                          0x08001569   Thumb Code    26  bsp_uart.o(i.HandleEndSymbol)
    HandleStartSymbol                        0x08001589   Thumb Code    12  bsp_uart.o(i.HandleStartSymbol)
    HandleValidData                          0x08001599   Thumb Code    12  bsp_uart.o(i.HandleValidData)
    HardFault_Handler                        0x080015a5   Thumb Code     4  stm32f4xx_it.o(i.HardFault_Handler)
    LCD_Address_Set                          0x080015a9   Thumb Code    58  lcd.o(i.LCD_Address_Set)
    LCD_Clear                                0x080015e3   Thumb Code    52  lcd.o(i.LCD_Clear)
    LCD_DrawPoint                            0x08001617   Thumb Code    28  lcd.o(i.LCD_DrawPoint)
    LCD_Init                                 0x08001635   Thumb Code   554  lcd.o(i.LCD_Init)
    LCD_PortInit                             0x08001865   Thumb Code    78  lcd.o(i.LCD_PortInit)
    LCD_Print                                0x080018bd   Thumb Code   170  lcd.o(i.LCD_Print)
    LCD_ShowBigChar                          0x08001969   Thumb Code   114  lcd.o(i.LCD_ShowBigChar)
    LCD_ShowBigString                        0x080019e1   Thumb Code    76  lcd.o(i.LCD_ShowBigString)
    LCD_ShowChar                             0x08001a2d   Thumb Code   214  lcd.o(i.LCD_ShowChar)
    LCD_ShowChinese                          0x08001b0d   Thumb Code   130  lcd.o(i.LCD_ShowChinese)
    LCD_ShowNum1                             0x08001b99   Thumb Code   156  lcd.o(i.LCD_ShowNum1)
    LCD_ShowString                           0x08001c39   Thumb Code    74  lcd.o(i.LCD_ShowString)
    LCD_WR_DATA                              0x08001c85   Thumb Code    26  lcd.o(i.LCD_WR_DATA)
    LCD_WR_DATA8                             0x08001ca5   Thumb Code    20  lcd.o(i.LCD_WR_DATA8)
    LCD_WR_REG                               0x08001cbd   Thumb Code    20  lcd.o(i.LCD_WR_REG)
    LCD_Writ_Bus                             0x08001cd5   Thumb Code    62  lcd.o(i.LCD_Writ_Bus)
    LM75BTempRead                            0x08001d19   Thumb Code    92  soft_i2c_lm75b.o(i.LM75BTempRead)
    Laser_StateTurn                          0x08001d85   Thumb Code   118  main.o(i.Laser_StateTurn)
    MemManage_Handler                        0x08001e11   Thumb Code     4  stm32f4xx_it.o(i.MemManage_Handler)
    MenuTrig_Cancel                          0x08001e15   Thumb Code   582  bsp_key_oc.o(i.MenuTrig_Cancel)
    MenuTrig_Down                            0x0800209d   Thumb Code   398  bsp_key.o(i.MenuTrig_Down)
    MenuTrig_OK                              0x08002241   Thumb Code   774  bsp_key_oc.o(i.MenuTrig_OK)
    MenuTrig_Up                              0x080025a1   Thumb Code   364  bsp_key.o(i.MenuTrig_Up)
    Menu_0_1                                 0x08002721   Thumb Code    62  ui.o(i.Menu_0_1)
    Menu_0_2                                 0x08002785   Thumb Code    88  ui.o(i.Menu_0_2)
    Menu_0_3                                 0x08002805   Thumb Code    88  ui.o(i.Menu_0_3)
    Menu_0_4                                 0x08002885   Thumb Code    58  ui.o(i.Menu_0_4)
    Menu_0_5                                 0x080028d5   Thumb Code    58  ui.o(i.Menu_0_5)
    Menu_0_6                                 0x08002925   Thumb Code    58  ui.o(i.Menu_0_6)
    Menu_1                                   0x08002975   Thumb Code    60  ui.o(i.Menu_1)
    Menu_2_x                                 0x080029b9   Thumb Code   138  ui.o(i.Menu_2_x)
    Menu_2_x_OK                              0x08002a51   Thumb Code   324  ui.o(i.Menu_2_x_OK)
    Menu_4                                   0x08002bed   Thumb Code    62  ui.o(i.Menu_4)
    Menu_Infobar                             0x08002c35   Thumb Code    20  bsp_ui_showp_foundation.o(i.Menu_Infobar)
    Menu_Refresh                             0x08002c59   Thumb Code   226  ui.o(i.Menu_Refresh)
    Menu_Title                               0x08002d41   Thumb Code    22  bsp_ui_showp_foundation.o(i.Menu_Title)
    MyDMA_Config                             0x08002d69   Thumb Code   108  bsp_uart_dma.o(i.MyDMA_Config)
    MyGPIO_Config                            0x08002dd5   Thumb Code   150  bsp_uart_dma.o(i.MyGPIO_Config)
    MyNVIC_Config                            0x08002e79   Thumb Code    34  bsp_uart_dma.o(i.MyNVIC_Config)
    Myuart_Config                            0x08002e9d   Thumb Code   152  bsp_uart_dma.o(i.Myuart_Config)
    NMI_Handler                              0x08002f51   Thumb Code     2  stm32f4xx_it.o(i.NMI_Handler)
    NVIC_Init                                0x08002f55   Thumb Code   106  misc.o(i.NVIC_Init)
    NVIC_PriorityGroupConfig                 0x08002fcd   Thumb Code    10  misc.o(i.NVIC_PriorityGroupConfig)
    Number_Highlight_Show                    0x08002fe1   Thumb Code   376  lcd.o(i.Number_Highlight_Show)
    PendSV_Handler                           0x0800316d   Thumb Code     2  stm32f4xx_it.o(i.PendSV_Handler)
    Program_control                          0x0800316f   Thumb Code     8  bsp_ui_showp_foundation.o(i.Program_control)
    Pulse_StateTurn                          0x08003179   Thumb Code    56  main.o(i.Pulse_StateTurn)
    RB_Get_FreeSize                          0x080031b9   Thumb Code    10  ring_buffer.o(i.RB_Get_FreeSize)
    RB_Get_Length                            0x080031c3   Thumb Code     6  ring_buffer.o(i.RB_Get_Length)
    RB_Init                                  0x080031c9   Thumb Code    30  ring_buffer.o(i.RB_Init)
    RB_Read_Byte                             0x080031e7   Thumb Code    48  ring_buffer.o(i.RB_Read_Byte)
    RB_Write_Byte                            0x08003217   Thumb Code    50  ring_buffer.o(i.RB_Write_Byte)
    RCC_AHB1PeriphClockCmd                   0x08003249   Thumb Code    26  stm32f4xx_rcc.o(i.RCC_AHB1PeriphClockCmd)
    RCC_AHB3PeriphClockCmd                   0x08003269   Thumb Code    26  stm32f4xx_rcc.o(i.RCC_AHB3PeriphClockCmd)
    RCC_APB1PeriphClockCmd                   0x08003289   Thumb Code    26  stm32f4xx_rcc.o(i.RCC_APB1PeriphClockCmd)
    RCC_APB2PeriphClockCmd                   0x080032a9   Thumb Code    26  stm32f4xx_rcc.o(i.RCC_APB2PeriphClockCmd)
    RCC_GetClocksFreq                        0x080032c9   Thumb Code   214  stm32f4xx_rcc.o(i.RCC_GetClocksFreq)
    RCC_MCO1Config                           0x080033b1   Thumb Code    24  stm32f4xx_rcc.o(i.RCC_MCO1Config)
    RCC_MCO2Config                           0x080033cd   Thumb Code    24  stm32f4xx_rcc.o(i.RCC_MCO2Config)
    RandomCode_Check                         0x080033e9   Thumb Code    80  randomcode.o(i.RandomCode_Check)
    RandomSaveData_Check                     0x08003441   Thumb Code   212  randomcode.o(i.RandomSaveData_Check)
    Read_Memory                              0x0800352d   Thumb Code    26  flash.o(i.Read_Memory)
    STMFLASH_Write                           0x08003549   Thumb Code   134  flash.o(i.STMFLASH_Write)
    SVC_Handler                              0x080035d5   Thumb Code     2  stm32f4xx_it.o(i.SVC_Handler)
    Search_ch32x32                           0x080035d9   Thumb Code    52  lcd.o(i.Search_ch32x32)
    SysTick_CLKSourceConfig                  0x080036fd   Thumb Code    40  misc.o(i.SysTick_CLKSourceConfig)
    SysTick_Handler                          0x08003725   Thumb Code     8  stm32f4xx_it.o(i.SysTick_Handler)
    SystemInit                               0x0800372d   Thumb Code    88  system_stm32f4xx.o(i.SystemInit)
    TIM2_IRQHandler                          0x08003795   Thumb Code    62  tim.o(i.TIM2_IRQHandler)
    TIM2_Int_Init                            0x080037d9   Thumb Code    90  tim.o(i.TIM2_Int_Init)
    TIM3_IRQHandler                          0x08003835   Thumb Code    28  tim.o(i.TIM3_IRQHandler)
    TIM3_Int_Init                            0x08003859   Thumb Code    86  tim.o(i.TIM3_Int_Init)
    TIM_ClearITPendingBit                    0x080038b5   Thumb Code     6  stm32f4xx_tim.o(i.TIM_ClearITPendingBit)
    TIM_Cmd                                  0x080038bb   Thumb Code    24  stm32f4xx_tim.o(i.TIM_Cmd)
    TIM_GetITStatus                          0x080038d3   Thumb Code    34  stm32f4xx_tim.o(i.TIM_GetITStatus)
    TIM_ITConfig                             0x080038f5   Thumb Code    18  stm32f4xx_tim.o(i.TIM_ITConfig)
    TIM_TimeBaseInit                         0x08003909   Thumb Code   104  stm32f4xx_tim.o(i.TIM_TimeBaseInit)
    TimingDelay_Decrement                    0x0800398d   Thumb Code    18  main.o(i.TimingDelay_Decrement)
    UART4_IRQHandler                         0x080039a5   Thumb Code    22  bsp_uart_dma.o(i.UART4_IRQHandler)
    UART5_IRQHandler                         0x080039c1   Thumb Code    22  bsp_uart_dma.o(i.UART5_IRQHandler)
    UART_AnswerError                         0x080039dd   Thumb Code    54  usart.o(i.UART_AnswerError)
    UART_Answer_LightData                    0x08003a19   Thumb Code   866  bsp.o(i.UART_Answer_LightData)
    UART_Answer_NoData                       0x08003d85   Thumb Code   150  usart.o(i.UART_Answer_NoData)
    UART_Answer_RandomNumber                 0x08003e2d   Thumb Code    86  usart.o(i.UART_Answer_RandomNumber)
    UART_Inbuff                              0x08003e8d   Thumb Code    48  bsp_uart.o(i.UART_Inbuff)
    UART_RemoteCMD_Process                   0x08003ec1   Thumb Code  1736  bsp.o(i.UART_RemoteCMD_Process)
    UART_RemoteDecode                        0x080045b9   Thumb Code   102  bsp_uart.o(i.UART_RemoteDecode)
    UART_RemoteEncode                        0x08004625   Thumb Code   266  usart.o(i.UART_RemoteEncode)
    UART_SendInbuff                          0x08004749   Thumb Code    24  usart.o(i.UART_SendInbuff)
    UI_Init                                  0x08004761   Thumb Code    28  bsp_ui_showp_foundation.o(i.UI_Init)
    UI_Level_0                               0x08004781   Thumb Code    72  bsp_ui_showp_foundation.o(i.UI_Level_0)
    UI_Level_1                               0x080047d1   Thumb Code    52  bsp_ui_showp_foundation.o(i.UI_Level_1)
    UI_Level_2                               0x0800480d   Thumb Code    62  bsp_ui_showp_foundation.o(i.UI_Level_2)
    UI_Level_3                               0x08004851   Thumb Code   102  bsp_ui_showp_foundation.o(i.UI_Level_3)
    UI_Level_4                               0x080048e9   Thumb Code    52  bsp_ui_showp_foundation.o(i.UI_Level_4)
    UI_Level_5                               0x0800492d   Thumb Code   114  bsp_ui_showp_foundation.o(i.UI_Level_5)
    UI_Level_6                               0x080049cd   Thumb Code    90  bsp_ui_showp_foundation.o(i.UI_Level_6)
    USART1_IRQHandler                        0x08004a61   Thumb Code    22  bsp_uart_dma.o(i.USART1_IRQHandler)
    USART2_IRQHandler                        0x08004a7d   Thumb Code    22  bsp_uart_dma.o(i.USART2_IRQHandler)
    USART3_IRQHandler                        0x08004a99   Thumb Code    22  bsp_uart_dma.o(i.USART3_IRQHandler)
    USART6_IRQHandler                        0x08004ab5   Thumb Code    22  bsp_uart_dma.o(i.USART6_IRQHandler)
    USART_ClearFlag                          0x08004ad1   Thumb Code    18  stm32f4xx_usart.o(i.USART_ClearFlag)
    USART_Cmd                                0x08004ae3   Thumb Code    24  stm32f4xx_usart.o(i.USART_Cmd)
    USART_DMACmd                             0x08004afb   Thumb Code    18  stm32f4xx_usart.o(i.USART_DMACmd)
    USART_GetITStatus                        0x08004b0d   Thumb Code    84  stm32f4xx_usart.o(i.USART_GetITStatus)
    USART_ITConfig                           0x08004b61   Thumb Code    74  stm32f4xx_usart.o(i.USART_ITConfig)
    USART_Init                               0x08004bad   Thumb Code   204  stm32f4xx_usart.o(i.USART_Init)
    Uart_Init                                0x08004c81   Thumb Code   344  bsp_uart_dma.o(i.Uart_Init)
    UsageFault_Handler                       0x08004e09   Thumb Code     4  stm32f4xx_it.o(i.UsageFault_Handler)
    User_GPIO_Init                           0x08004e0d   Thumb Code   204  gpio.o(i.User_GPIO_Init)
    __0snprintf$1                            0x08004ee9   Thumb Code    48  printf1.o(i.__0snprintf$1)
    __1snprintf$1                            0x08004ee9   Thumb Code     0  printf1.o(i.__0snprintf$1)
    __2snprintf                              0x08004ee9   Thumb Code     0  printf1.o(i.__0snprintf$1)
    __scatterload_copy                       0x08004f1d   Thumb Code    14  handlers.o(i.__scatterload_copy)
    __scatterload_null                       0x08004f2b   Thumb Code     2  handlers.o(i.__scatterload_null)
    __scatterload_zeroinit                   0x08004f2d   Thumb Code    14  handlers.o(i.__scatterload_zeroinit)
    attenuation_number                       0x080050a7   Thumb Code    30  bsp.o(i.attenuation_number)
    bsp_InitI2C                              0x080050c5   Thumb Code    52  soft_i2c.o(i.bsp_InitI2C)
    delay_init                               0x080050fd   Thumb Code    52  delay.o(i.delay_init)
    delay_ms                                 0x08005139   Thumb Code    56  delay.o(i.delay_ms)
    delay_xms                                0x08005171   Thumb Code    72  delay.o(i.delay_xms)
    ee_ReadBytes                             0x080051bd   Thumb Code   112  soft_i2c_lm75b.o(i.ee_ReadBytes)
    i2c_Ack                                  0x0800522d   Thumb Code    48  soft_i2c.o(i.i2c_Ack)
    i2c_NAck                                 0x08005271   Thumb Code    38  soft_i2c.o(i.i2c_NAck)
    i2c_ReadByte                             0x0800529d   Thumb Code    62  soft_i2c.o(i.i2c_ReadByte)
    i2c_SendByte                             0x080052e1   Thumb Code    84  soft_i2c.o(i.i2c_SendByte)
    i2c_Start                                0x08005339   Thumb Code    46  soft_i2c.o(i.i2c_Start)
    i2c_Stop                                 0x0800536d   Thumb Code    32  soft_i2c.o(i.i2c_Stop)
    i2c_WaitAck                              0x08005391   Thumb Code    58  soft_i2c.o(i.i2c_WaitAck)
    main                                     0x080053d1   Thumb Code  1254  main.o(i.main)
    mypow                                    0x080058c1   Thumb Code    22  lcd.o(i.mypow)
    Font32x32_Index                          0x080058d6   Data         119  lcd.o(.constdata)
    Hzk32                                    0x0800594d   Data        7552  lcd.o(.constdata)
    asc2_1608                                0x080076cd   Data        1520  lcd.o(.constdata)
    Hzk16                                    0x08007cbd   Data         224  lcd.o(.constdata)
    Half_zk3216                              0x08007d9d   Data        6080  lcd.o(.constdata)
    image                                    0x0800955d   Data        3200  lcd.o(.constdata)
    Region$$Table$$Base                      0x0800a1e0   Number         0  anon$$obj.o(Region$$Table)
    Region$$Table$$Limit                     0x0800a200   Number         0  anon$$obj.o(Region$$Table)
    Packet_flag                              0x20000004   Data           1  main.o(.data)
    b_Ext_Sync                               0x20000005   Data           1  main.o(.data)
    b_Ext_Sync_old                           0x20000006   Data           1  main.o(.data)
    flag_timer2                              0x20000007   Data           1  main.o(.data)
    cn                                       0x20000008   Data           8  main.o(.data)
    RandomNumber                             0x20000010   Data           2  main.o(.data)
    RandomBaseFreq                           0x20000012   Data           2  main.o(.data)
    RandomMinValue                           0x20000014   Data           2  main.o(.data)
    RandomMaxValue                           0x20000016   Data           2  main.o(.data)
    RandomCodeTime                           0x20000018   Data           4  main.o(.data)
    CycleCodeTime                            0x2000001c   Data           4  main.o(.data)
    Temp_CycleCodeTime                       0x20000020   Data           4  main.o(.data)
    Temp_dB_Loss                             0x20000024   Data           2  main.o(.data)
    dB_Loss                                  0x20000026   Data           2  main.o(.data)
    LaserState                               0x2000002a   Data           2  usart.o(.data)
    UART_Send_Buffer_Index                   0x2000002c   Data           1  usart.o(.data)
    BACK_COLOR                               0x20000030   Data           2  lcd.o(.data)
    Lightsoutce                              0x20000040   Data           1  bsp.o(.data)
    Byte_TypeConversion                      0x20000048   Data           8  bsp.o(.data)
    PauseTime                                0x20000050   Data           2  bsp.o(.data)
    b_Random_EN                              0x20000052   Data           1  bsp.o(.data)
    LaserControl                             0x20000054   Data           2  bsp.o(.data)
    Menu_Indexs                              0x20000056   Data           3  bsp.o(.data)
    Number_Rx_Buffer1                        0x20000060   Data           2  bsp_uart_dma.o(.data)
    Number_Tx_Buffer1                        0x20000064   Data           2  bsp_uart_dma.o(.data)
    Number_Rx_Buffer3                        0x20000068   Data           2  bsp_uart_dma.o(.data)
    Number_Tx_Buffer3                        0x2000006c   Data           2  bsp_uart_dma.o(.data)
    RCC_Clocks                               0x20000080   Data          16  main.o(.bss)
    RemoteDataPacket                         0x20000090   Data          35  main.o(.bss)
    uart1_rxbuff                             0x200000b3   Data        4096  main.o(.bss)
    uart1_txbuff                             0x200010b3   Data          64  main.o(.bss)
    uart3_rxbuff                             0x200010f3   Data        1024  main.o(.bss)
    uart3_txbuff                             0x200014f3   Data          64  main.o(.bss)
    rb_uart1_rx                              0x20001534   Data          20  main.o(.bss)
    rb_uart1_tx                              0x20001548   Data          20  main.o(.bss)
    rb_uart3_rx                              0x2000155c   Data          20  main.o(.bss)
    rb_uart3_tx                              0x20001570   Data          20  main.o(.bss)
    u32_FlashBuff                            0x20001584   Data        8192  main.o(.bss)
    u16_RandomData                           0x20003584   Data        2048  main.o(.bss)
    UART_Send_Buffer                         0x20003d84   Data         128  usart.o(.bss)
    retdata                                  0x20003e04   Data          12  bsp.o(.bss)
    display                                  0x20003e10   Data          20  bsp.o(.bss)
    Uart_Rx_Buffer1                          0x20003e24   Data        2048  bsp_uart_dma.o(.bss)
    Uart_Tx_Buffer1                          0x20004624   Data         256  bsp_uart_dma.o(.bss)
    Uart_Rx_Buffer3                          0x20004724   Data         256  bsp_uart_dma.o(.bss)
    Uart_Tx_Buffer3                          0x20004824   Data         256  bsp_uart_dma.o(.bss)
    __initial_sp                             0x20004d28   Data           0  startup_stm32f407xx.o(STACK)



==============================================================================

Memory Map of the image

  Image Entry point : 0x080001a1

  Load Region LR_1 (Base: 0x08000000, Size: 0x0000a280, Max: 0xffffffff, ABSOLUTE)

    Execution Region ER_RO (Exec base: 0x08000000, Load base: 0x08000000, Size: 0x0000a200, Max: 0xffffffff, ABSOLUTE)

    Exec Addr    Load Addr    Size         Type   Attr      Idx    E Section Name        Object

    0x08000000   0x08000000   0x00000188   Data   RO         1628    RESET               startup_stm32f407xx.o
    0x08000188   0x08000188   0x00000000   Code   RO         3844  * .ARM.Collect$$$$00000000  mc_w.l(entry.o)
    0x08000188   0x08000188   0x00000004   Code   RO         4132    .ARM.Collect$$$$00000001  mc_w.l(entry2.o)
    0x0800018c   0x0800018c   0x00000004   Code   RO         4135    .ARM.Collect$$$$00000004  mc_w.l(entry5.o)
    0x08000190   0x08000190   0x00000000   Code   RO         4137    .ARM.Collect$$$$00000008  mc_w.l(entry7b.o)
    0x08000190   0x08000190   0x00000000   Code   RO         4139    .ARM.Collect$$$$0000000A  mc_w.l(entry8b.o)
    0x08000190   0x08000190   0x00000008   Code   RO         4140    .ARM.Collect$$$$0000000B  mc_w.l(entry9a.o)
    0x08000198   0x08000198   0x00000004   Code   RO         4147    .ARM.Collect$$$$0000000E  mc_w.l(entry12b.o)
    0x0800019c   0x0800019c   0x00000000   Code   RO         4142    .ARM.Collect$$$$0000000F  mc_w.l(entry10a.o)
    0x0800019c   0x0800019c   0x00000000   Code   RO         4144    .ARM.Collect$$$$00000011  mc_w.l(entry11a.o)
    0x0800019c   0x0800019c   0x00000004   Code   RO         4133    .ARM.Collect$$$$00002712  mc_w.l(entry2.o)
    0x080001a0   0x080001a0   0x00000024   Code   RO         1629  * .text               startup_stm32f407xx.o
    0x080001c4   0x080001c4   0x00000024   Code   RO         3847    .text               mc_w.l(memcpya.o)
    0x080001e8   0x080001e8   0x00000024   Code   RO         3849    .text               mc_w.l(memseta.o)
    0x0800020c   0x0800020c   0x0000000e   Code   RO         3851    .text               mc_w.l(strlen.o)
    0x0800021a   0x0800021a   0x0000014e   Code   RO         4116    .text               mf_w.l(dadd.o)
    0x08000368   0x08000368   0x000000e4   Code   RO         4118    .text               mf_w.l(dmul.o)
    0x0800044c   0x0800044c   0x000000de   Code   RO         4120    .text               mf_w.l(ddiv.o)
    0x0800052a   0x0800052a   0x0000001a   Code   RO         4126    .text               mf_w.l(dfltui.o)
    0x08000544   0x08000544   0x00000032   Code   RO         4128    .text               mf_w.l(dfixui.o)
    0x08000576   0x08000576   0x00000038   Code   RO         4130    .text               mf_w.l(d2f.o)
    0x080005ae   0x080005ae   0x0000002c   Code   RO         4151    .text               mc_w.l(uidiv.o)
    0x080005da   0x080005da   0x0000001e   Code   RO         4155    .text               mc_w.l(llshl.o)
    0x080005f8   0x080005f8   0x00000020   Code   RO         4157    .text               mc_w.l(llushr.o)
    0x08000618   0x08000618   0x00000024   Code   RO         4159    .text               mc_w.l(llsshr.o)
    0x0800063c   0x0800063c   0x00000000   Code   RO         4161    .text               mc_w.l(iusefp.o)
    0x0800063c   0x0800063c   0x0000006e   Code   RO         4162    .text               mf_w.l(fepilogue.o)
    0x080006aa   0x080006aa   0x000000ba   Code   RO         4164    .text               mf_w.l(depilogue.o)
    0x08000764   0x08000764   0x00000024   Code   RO         4170    .text               mc_w.l(init.o)
    0x08000788   0x08000788   0x00000004   Code   RO          287    i.BusFault_Handler  stm32f4xx_it.o
    0x0800078c   0x0800078c   0x00000030   Code   RO            4    i.Cross_StateTurn   main.o
    0x080007bc   0x080007bc   0x000000d0   Code   RO          860    i.CycleCode_Renew   fsmc.o
    0x0800088c   0x0800088c   0x00000028   Code   RO         1316    i.DMA1_Stream3_IRQHandler  bsp_uart_dma.o
    0x080008b4   0x080008b4   0x00000028   Code   RO         1317    i.DMA1_Stream4_IRQHandler  bsp_uart_dma.o
    0x080008dc   0x080008dc   0x00000034   Code   RO         1318    i.DMA1_Stream6_IRQHandler  bsp_uart_dma.o
    0x08000910   0x08000910   0x00000028   Code   RO         1319    i.DMA1_Stream7_IRQHandler  bsp_uart_dma.o
    0x08000938   0x08000938   0x00000028   Code   RO         1320    i.DMA2_Stream6_IRQHandler  bsp_uart_dma.o
    0x08000960   0x08000960   0x00000034   Code   RO         1321    i.DMA2_Stream7_IRQHandler  bsp_uart_dma.o
    0x08000994   0x08000994   0x00000034   Code   RO         3715    i.DMA_ClearFlag     stm32f4xx_dma.o
    0x080009c8   0x080009c8   0x00000016   Code   RO         3717    i.DMA_Cmd           stm32f4xx_dma.o
    0x080009de   0x080009de   0x00000002   PAD
    0x080009e0   0x080009e0   0x00000158   Code   RO         3718    i.DMA_DeInit        stm32f4xx_dma.o
    0x08000b38   0x08000b38   0x00000008   Code   RO         3723    i.DMA_GetCurrDataCounter  stm32f4xx_dma.o
    0x08000b40   0x08000b40   0x00000044   Code   RO         3726    i.DMA_GetFlagStatus  stm32f4xx_dma.o
    0x08000b84   0x08000b84   0x0000003a   Code   RO         3728    i.DMA_ITConfig      stm32f4xx_dma.o
    0x08000bbe   0x08000bbe   0x00000002   PAD
    0x08000bc0   0x08000bc0   0x00000058   Code   RO         3729    i.DMA_Init          stm32f4xx_dma.o
    0x08000c18   0x08000c18   0x0000011c   Code   RO         1322    i.DMA_Rx            bsp_uart_dma.o
    0x08000d34   0x08000d34   0x00000004   Code   RO         3732    i.DMA_SetCurrDataCounter  stm32f4xx_dma.o
    0x08000d38   0x08000d38   0x00000078   Code   RO         1323    i.DMA_Tx            bsp_uart_dma.o
    0x08000db0   0x08000db0   0x00000002   Code   RO          288    i.DebugMon_Handler  stm32f4xx_it.o
    0x08000db2   0x08000db2   0x00000002   PAD
    0x08000db4   0x08000db4   0x00000018   Code   RO            5    i.Delay             main.o
    0x08000dcc   0x08000dcc   0x0000000c   Code   RO         2888    i.FLASH_ClearFlag   stm32f4xx_flash.o
    0x08000dd8   0x08000dd8   0x00000024   Code   RO         2889    i.FLASH_DataCacheCmd  stm32f4xx_flash.o
    0x08000dfc   0x08000dfc   0x00000088   Code   RO         2894    i.FLASH_EraseSector  stm32f4xx_flash.o
    0x08000e84   0x08000e84   0x00000054   Code   RO         2896    i.FLASH_GetStatus   stm32f4xx_flash.o
    0x08000ed8   0x08000ed8   0x00000014   Code   RO         2900    i.FLASH_Lock        stm32f4xx_flash.o
    0x08000eec   0x08000eec   0x00000050   Code   RO         2924    i.FLASH_ProgramWord  stm32f4xx_flash.o
    0x08000f3c   0x08000f3c   0x00000024   Code   RO         2926    i.FLASH_Unlock      stm32f4xx_flash.o
    0x08000f60   0x08000f60   0x00000022   Code   RO         2927    i.FLASH_WaitForLastOperation  stm32f4xx_flash.o
    0x08000f82   0x08000f82   0x00000002   PAD
    0x08000f84   0x08000f84   0x00000264   Code   RO          861    i.FSMC_GPIO_Config  fsmc.o
    0x080011e8   0x080011e8   0x00000062   Code   RO          862    i.FSMC_Init         fsmc.o
    0x0800124a   0x0800124a   0x00000002   PAD
    0x0800124c   0x0800124c   0x00000034   Code   RO         1688    i.FSMC_NORSRAMCmd   stm32f4xx_fsmc.o
    0x08001280   0x08001280   0x00000124   Code   RO         1690    i.FSMC_NORSRAMInit  stm32f4xx_fsmc.o
    0x080013a4   0x080013a4   0x00000090   Code   RO         2151    i.GPIO_Init         stm32f4xx_gpio.o
    0x08001434   0x08001434   0x00000046   Code   RO         2152    i.GPIO_PinAFConfig  stm32f4xx_gpio.o
    0x0800147a   0x0800147a   0x00000004   Code   RO         2158    i.GPIO_ResetBits    stm32f4xx_gpio.o
    0x0800147e   0x0800147e   0x00000004   Code   RO         2159    i.GPIO_SetBits      stm32f4xx_gpio.o
    0x08001482   0x08001482   0x00000002   PAD
    0x08001484   0x08001484   0x000000e4   Code   RO          818    i.GetSector         flash.o
    0x08001568   0x08001568   0x00000020   Code   RO         1263    i.HandleEndSymbol   bsp_uart.o
    0x08001588   0x08001588   0x00000010   Code   RO         1264    i.HandleStartSymbol  bsp_uart.o
    0x08001598   0x08001598   0x0000000c   Code   RO         1265    i.HandleValidData   bsp_uart.o
    0x080015a4   0x080015a4   0x00000004   Code   RO          289    i.HardFault_Handler  stm32f4xx_it.o
    0x080015a8   0x080015a8   0x0000003a   Code   RO          498    i.LCD_Address_Set   lcd.o
    0x080015e2   0x080015e2   0x00000034   Code   RO          499    i.LCD_Clear         lcd.o
    0x08001616   0x08001616   0x0000001c   Code   RO          501    i.LCD_DrawPoint     lcd.o
    0x08001632   0x08001632   0x00000002   PAD
    0x08001634   0x08001634   0x00000230   Code   RO          505    i.LCD_Init          lcd.o
    0x08001864   0x08001864   0x00000058   Code   RO          506    i.LCD_PortInit      lcd.o
    0x080018bc   0x080018bc   0x000000aa   Code   RO          507    i.LCD_Print         lcd.o
    0x08001966   0x08001966   0x00000002   PAD
    0x08001968   0x08001968   0x00000078   Code   RO          508    i.LCD_ShowBigChar   lcd.o
    0x080019e0   0x080019e0   0x0000004c   Code   RO          509    i.LCD_ShowBigString  lcd.o
    0x08001a2c   0x08001a2c   0x000000e0   Code   RO          510    i.LCD_ShowChar      lcd.o
    0x08001b0c   0x08001b0c   0x0000008c   Code   RO          511    i.LCD_ShowChinese   lcd.o
    0x08001b98   0x08001b98   0x000000a0   Code   RO          513    i.LCD_ShowNum1      lcd.o
    0x08001c38   0x08001c38   0x0000004a   Code   RO          515    i.LCD_ShowString    lcd.o
    0x08001c82   0x08001c82   0x00000002   PAD
    0x08001c84   0x08001c84   0x00000020   Code   RO          516    i.LCD_WR_DATA       lcd.o
    0x08001ca4   0x08001ca4   0x00000018   Code   RO          517    i.LCD_WR_DATA8      lcd.o
    0x08001cbc   0x08001cbc   0x00000018   Code   RO          518    i.LCD_WR_REG        lcd.o
    0x08001cd4   0x08001cd4   0x00000044   Code   RO          519    i.LCD_Writ_Bus      lcd.o
    0x08001d18   0x08001d18   0x0000006c   Code   RO         1047    i.LM75BTempRead     soft_i2c_lm75b.o
    0x08001d84   0x08001d84   0x0000008c   Code   RO            6    i.Laser_StateTurn   main.o
    0x08001e10   0x08001e10   0x00000004   Code   RO          290    i.MemManage_Handler  stm32f4xx_it.o
    0x08001e14   0x08001e14   0x00000288   Code   RO         1575    i.MenuTrig_Cancel   bsp_key_oc.o
    0x0800209c   0x0800209c   0x000001a4   Code   RO         1545    i.MenuTrig_Down     bsp_key.o
    0x08002240   0x08002240   0x00000360   Code   RO         1576    i.MenuTrig_OK       bsp_key_oc.o
    0x080025a0   0x080025a0   0x00000180   Code   RO         1546    i.MenuTrig_Up       bsp_key.o
    0x08002720   0x08002720   0x00000064   Code   RO          734    i.Menu_0_1          ui.o
    0x08002784   0x08002784   0x00000080   Code   RO          735    i.Menu_0_2          ui.o
    0x08002804   0x08002804   0x00000080   Code   RO          736    i.Menu_0_3          ui.o
    0x08002884   0x08002884   0x00000050   Code   RO          737    i.Menu_0_4          ui.o
    0x080028d4   0x080028d4   0x00000050   Code   RO          738    i.Menu_0_5          ui.o
    0x08002924   0x08002924   0x00000050   Code   RO          739    i.Menu_0_6          ui.o
    0x08002974   0x08002974   0x00000044   Code   RO          740    i.Menu_1            ui.o
    0x080029b8   0x080029b8   0x00000098   Code   RO          741    i.Menu_2_x          ui.o
    0x08002a50   0x08002a50   0x0000019c   Code   RO          742    i.Menu_2_x_OK       ui.o
    0x08002bec   0x08002bec   0x00000048   Code   RO          743    i.Menu_4            ui.o
    0x08002c34   0x08002c34   0x00000024   Code   RO         1461    i.Menu_Infobar      bsp_ui_showp_foundation.o
    0x08002c58   0x08002c58   0x000000e8   Code   RO          744    i.Menu_Refresh      ui.o
    0x08002d40   0x08002d40   0x00000028   Code   RO         1462    i.Menu_Title        bsp_ui_showp_foundation.o
    0x08002d68   0x08002d68   0x0000006c   Code   RO         1324    i.MyDMA_Config      bsp_uart_dma.o
    0x08002dd4   0x08002dd4   0x000000a4   Code   RO         1325    i.MyGPIO_Config     bsp_uart_dma.o
    0x08002e78   0x08002e78   0x00000022   Code   RO         1326    i.MyNVIC_Config     bsp_uart_dma.o
    0x08002e9a   0x08002e9a   0x00000002   PAD
    0x08002e9c   0x08002e9c   0x000000b4   Code   RO         1327    i.Myuart_Config     bsp_uart_dma.o
    0x08002f50   0x08002f50   0x00000002   Code   RO          291    i.NMI_Handler       stm32f4xx_it.o
    0x08002f52   0x08002f52   0x00000002   PAD
    0x08002f54   0x08002f54   0x00000078   Code   RO         2840    i.NVIC_Init         misc.o
    0x08002fcc   0x08002fcc   0x00000014   Code   RO         2841    i.NVIC_PriorityGroupConfig  misc.o
    0x08002fe0   0x08002fe0   0x0000018c   Code   RO          521    i.Number_Highlight_Show  lcd.o
    0x0800316c   0x0800316c   0x00000002   Code   RO          292    i.PendSV_Handler    stm32f4xx_it.o
    0x0800316e   0x0800316e   0x00000008   Code   RO         1463    i.Program_control   bsp_ui_showp_foundation.o
    0x08003176   0x08003176   0x00000002   PAD
    0x08003178   0x08003178   0x00000040   Code   RO            7    i.Pulse_StateTurn   main.o
    0x080031b8   0x080031b8   0x0000000a   Code   RO         1131    i.RB_Get_FreeSize   ring_buffer.o
    0x080031c2   0x080031c2   0x00000006   Code   RO         1132    i.RB_Get_Length     ring_buffer.o
    0x080031c8   0x080031c8   0x0000001e   Code   RO         1133    i.RB_Init           ring_buffer.o
    0x080031e6   0x080031e6   0x00000030   Code   RO         1134    i.RB_Read_Byte      ring_buffer.o
    0x08003216   0x08003216   0x00000032   Code   RO         1136    i.RB_Write_Byte     ring_buffer.o
    0x08003248   0x08003248   0x00000020   Code   RO         1812    i.RCC_AHB1PeriphClockCmd  stm32f4xx_rcc.o
    0x08003268   0x08003268   0x00000020   Code   RO         1818    i.RCC_AHB3PeriphClockCmd  stm32f4xx_rcc.o
    0x08003288   0x08003288   0x00000020   Code   RO         1821    i.RCC_APB1PeriphClockCmd  stm32f4xx_rcc.o
    0x080032a8   0x080032a8   0x00000020   Code   RO         1824    i.RCC_APB2PeriphClockCmd  stm32f4xx_rcc.o
    0x080032c8   0x080032c8   0x000000e8   Code   RO         1833    i.RCC_GetClocksFreq  stm32f4xx_rcc.o
    0x080033b0   0x080033b0   0x0000001c   Code   RO         1846    i.RCC_MCO1Config    stm32f4xx_rcc.o
    0x080033cc   0x080033cc   0x0000001c   Code   RO         1847    i.RCC_MCO2Config    stm32f4xx_rcc.o
    0x080033e8   0x080033e8   0x00000058   Code   RO          896    i.RandomCode_Check  randomcode.o
    0x08003440   0x08003440   0x000000ec   Code   RO          897    i.RandomSaveData_Check  randomcode.o
    0x0800352c   0x0800352c   0x0000001a   Code   RO          819    i.Read_Memory       flash.o
    0x08003546   0x08003546   0x00000002   PAD
    0x08003548   0x08003548   0x0000008c   Code   RO          821    i.STMFLASH_Write    flash.o
    0x080035d4   0x080035d4   0x00000002   Code   RO          293    i.SVC_Handler       stm32f4xx_it.o
    0x080035d6   0x080035d6   0x00000002   PAD
    0x080035d8   0x080035d8   0x00000038   Code   RO          522    i.Search_ch32x32    lcd.o
    0x08003610   0x08003610   0x000000ec   Code   RO         1636    i.SetSysClock       system_stm32f4xx.o
    0x080036fc   0x080036fc   0x00000028   Code   RO         2844    i.SysTick_CLKSourceConfig  misc.o
    0x08003724   0x08003724   0x00000008   Code   RO          294    i.SysTick_Handler   stm32f4xx_it.o
    0x0800372c   0x0800372c   0x00000068   Code   RO         1638    i.SystemInit        system_stm32f4xx.o
    0x08003794   0x08003794   0x00000044   Code   RO          926    i.TIM2_IRQHandler   tim.o
    0x080037d8   0x080037d8   0x0000005a   Code   RO          927    i.TIM2_Int_Init     tim.o
    0x08003832   0x08003832   0x00000002   PAD
    0x08003834   0x08003834   0x00000024   Code   RO          928    i.TIM3_IRQHandler   tim.o
    0x08003858   0x08003858   0x0000005c   Code   RO          929    i.TIM3_Int_Init     tim.o
    0x080038b4   0x080038b4   0x00000006   Code   RO         3160    i.TIM_ClearITPendingBit  stm32f4xx_tim.o
    0x080038ba   0x080038ba   0x00000018   Code   RO         3165    i.TIM_Cmd           stm32f4xx_tim.o
    0x080038d2   0x080038d2   0x00000022   Code   RO         3186    i.TIM_GetITStatus   stm32f4xx_tim.o
    0x080038f4   0x080038f4   0x00000012   Code   RO         3190    i.TIM_ITConfig      stm32f4xx_tim.o
    0x08003906   0x08003906   0x00000002   PAD
    0x08003908   0x08003908   0x00000084   Code   RO         3237    i.TIM_TimeBaseInit  stm32f4xx_tim.o
    0x0800398c   0x0800398c   0x00000018   Code   RO            8    i.TimingDelay_Decrement  main.o
    0x080039a4   0x080039a4   0x0000001c   Code   RO         1328    i.UART4_IRQHandler  bsp_uart_dma.o
    0x080039c0   0x080039c0   0x0000001c   Code   RO         1329    i.UART5_IRQHandler  bsp_uart_dma.o
    0x080039dc   0x080039dc   0x0000003c   Code   RO          412    i.UART_AnswerError  usart.o
    0x08003a18   0x08003a18   0x0000036c   Code   RO         1089    i.UART_Answer_LightData  bsp.o
    0x08003d84   0x08003d84   0x000000a8   Code   RO          413    i.UART_Answer_NoData  usart.o
    0x08003e2c   0x08003e2c   0x00000060   Code   RO          415    i.UART_Answer_RandomNumber  usart.o
    0x08003e8c   0x08003e8c   0x00000034   Code   RO         1266    i.UART_Inbuff       bsp_uart.o
    0x08003ec0   0x08003ec0   0x000006f8   Code   RO         1090    i.UART_RemoteCMD_Process  bsp.o
    0x080045b8   0x080045b8   0x0000006c   Code   RO         1267    i.UART_RemoteDecode  bsp_uart.o
    0x08004624   0x08004624   0x00000124   Code   RO          416    i.UART_RemoteEncode  usart.o
    0x08004748   0x08004748   0x00000018   Code   RO          418    i.UART_SendInbuff   usart.o
    0x08004760   0x08004760   0x00000020   Code   RO         1464    i.UI_Init           bsp_ui_showp_foundation.o
    0x08004780   0x08004780   0x00000050   Code   RO         1465    i.UI_Level_0        bsp_ui_showp_foundation.o
    0x080047d0   0x080047d0   0x0000003c   Code   RO         1466    i.UI_Level_1        bsp_ui_showp_foundation.o
    0x0800480c   0x0800480c   0x00000044   Code   RO         1467    i.UI_Level_2        bsp_ui_showp_foundation.o
    0x08004850   0x08004850   0x00000098   Code   RO         1468    i.UI_Level_3        bsp_ui_showp_foundation.o
    0x080048e8   0x080048e8   0x00000044   Code   RO         1469    i.UI_Level_4        bsp_ui_showp_foundation.o
    0x0800492c   0x0800492c   0x000000a0   Code   RO         1470    i.UI_Level_5        bsp_ui_showp_foundation.o
    0x080049cc   0x080049cc   0x00000094   Code   RO         1471    i.UI_Level_6        bsp_ui_showp_foundation.o
    0x08004a60   0x08004a60   0x0000001c   Code   RO         1330    i.USART1_IRQHandler  bsp_uart_dma.o
    0x08004a7c   0x08004a7c   0x0000001c   Code   RO         1331    i.USART2_IRQHandler  bsp_uart_dma.o
    0x08004a98   0x08004a98   0x0000001c   Code   RO         1332    i.USART3_IRQHandler  bsp_uart_dma.o
    0x08004ab4   0x08004ab4   0x0000001c   Code   RO         1333    i.USART6_IRQHandler  bsp_uart_dma.o
    0x08004ad0   0x08004ad0   0x00000012   Code   RO         2252    i.USART_ClearFlag   stm32f4xx_usart.o
    0x08004ae2   0x08004ae2   0x00000018   Code   RO         2256    i.USART_Cmd         stm32f4xx_usart.o
    0x08004afa   0x08004afa   0x00000012   Code   RO         2257    i.USART_DMACmd      stm32f4xx_usart.o
    0x08004b0c   0x08004b0c   0x00000054   Code   RO         2260    i.USART_GetITStatus  stm32f4xx_usart.o
    0x08004b60   0x08004b60   0x0000004a   Code   RO         2262    i.USART_ITConfig    stm32f4xx_usart.o
    0x08004baa   0x08004baa   0x00000002   PAD
    0x08004bac   0x08004bac   0x000000d4   Code   RO         2263    i.USART_Init        stm32f4xx_usart.o
    0x08004c80   0x08004c80   0x00000188   Code   RO         1334    i.Uart_Init         bsp_uart_dma.o
    0x08004e08   0x08004e08   0x00000004   Code   RO          295    i.UsageFault_Handler  stm32f4xx_it.o
    0x08004e0c   0x08004e0c   0x000000dc   Code   RO          247    i.User_GPIO_Init    gpio.o
    0x08004ee8   0x08004ee8   0x00000034   Code   RO         3901    i.__0snprintf$1     mc_w.l(printf1.o)
    0x08004f1c   0x08004f1c   0x0000000e   Code   RO         4176    i.__scatterload_copy  mc_w.l(handlers.o)
    0x08004f2a   0x08004f2a   0x00000002   Code   RO         4177    i.__scatterload_null  mc_w.l(handlers.o)
    0x08004f2c   0x08004f2c   0x0000000e   Code   RO         4178    i.__scatterload_zeroinit  mc_w.l(handlers.o)
    0x08004f3a   0x08004f3a   0x00000002   PAD
    0x08004f3c   0x08004f3c   0x00000154   Code   RO         3907    i._printf_core      mc_w.l(printf1.o)
    0x08005090   0x08005090   0x00000016   Code   RO         3908    i._snputc           mc_w.l(printf1.o)
    0x080050a6   0x080050a6   0x0000001e   Code   RO         1091    i.attenuation_number  bsp.o
    0x080050c4   0x080050c4   0x00000038   Code   RO          970    i.bsp_InitI2C       soft_i2c.o
    0x080050fc   0x080050fc   0x0000003c   Code   RO          690    i.delay_init        delay.o
    0x08005138   0x08005138   0x00000038   Code   RO          691    i.delay_ms          delay.o
    0x08005170   0x08005170   0x0000004c   Code   RO          693    i.delay_xms         delay.o
    0x080051bc   0x080051bc   0x00000070   Code   RO         1049    i.ee_ReadBytes      soft_i2c_lm75b.o
    0x0800522c   0x0800522c   0x00000034   Code   RO          971    i.i2c_Ack           soft_i2c.o
    0x08005260   0x08005260   0x0000000e   Code   RO          973    i.i2c_Delay         soft_i2c.o
    0x0800526e   0x0800526e   0x00000002   PAD
    0x08005270   0x08005270   0x0000002c   Code   RO          974    i.i2c_NAck          soft_i2c.o
    0x0800529c   0x0800529c   0x00000044   Code   RO          975    i.i2c_ReadByte      soft_i2c.o
    0x080052e0   0x080052e0   0x00000058   Code   RO          976    i.i2c_SendByte      soft_i2c.o
    0x08005338   0x08005338   0x00000034   Code   RO          977    i.i2c_Start         soft_i2c.o
    0x0800536c   0x0800536c   0x00000024   Code   RO          978    i.i2c_Stop          soft_i2c.o
    0x08005390   0x08005390   0x00000040   Code   RO          979    i.i2c_WaitAck       soft_i2c.o
    0x080053d0   0x080053d0   0x000004f0   Code   RO            9    i.main              main.o
    0x080058c0   0x080058c0   0x00000016   Code   RO          523    i.mypow             lcd.o
    0x080058d6   0x080058d6   0x00004907   Data   RO          524    .constdata          lcd.o
    0x0800a1dd   0x0800a1dd   0x00000003   PAD
    0x0800a1e0   0x0800a1e0   0x00000020   Data   RO         4174    Region$$Table       anon$$obj.o


    Execution Region ER_RW (Exec base: 0x20000000, Load base: 0x0800a200, Size: 0x00000080, Max: 0xffffffff, ABSOLUTE)

    Exec Addr    Load Addr    Size         Type   Attr      Idx    E Section Name        Object

    0x20000000   0x0800a200   0x0000002a   Data   RW           11    .data               main.o
    0x2000002a   0x0800a22a   0x00000005   Data   RW          422    .data               usart.o
    0x2000002f   0x0800a22f   0x00000001   PAD
    0x20000030   0x0800a230   0x00000002   Data   RW          525    .data               lcd.o
    0x20000032   0x0800a232   0x00000004   Data   RW          694    .data               delay.o
    0x20000036   0x0800a236   0x00000002   PAD
    0x20000038   0x0800a238   0x00000004   Data   RW          930    .data               tim.o
    0x2000003c   0x0800a23c   0x00000004   PAD
    0x20000040   0x0800a240   0x0000001d   Data   RW         1093    .data               bsp.o
    0x2000005d   0x0800a25d   0x00000001   PAD
    0x2000005e   0x0800a25e   0x00000010   Data   RW         1337    .data               bsp_uart_dma.o
    0x2000006e   0x0800a26e   0x00000010   Data   RW         1865    .data               stm32f4xx_rcc.o


    Execution Region ER_ZI (Exec base: 0x20000080, Load base: 0x0800a280, Size: 0x00004ca8, Max: 0xffffffff, ABSOLUTE)

    Exec Addr    Load Addr    Size         Type   Attr      Idx    E Section Name        Object

    0x20000080        -       0x00003d04   Zero   RW           10    .bss                main.o
    0x20003d84        -       0x00000080   Zero   RW          421    .bss                usart.o
    0x20003e04        -       0x00000020   Zero   RW         1092    .bss                bsp.o
    0x20003e24        -       0x00000b00   Zero   RW         1336    .bss                bsp_uart_dma.o
    0x20004924   0x0800a280   0x00000004   PAD
    0x20004928        -       0x00000400   Zero   RW         1626    STACK               startup_stm32f407xx.o


==============================================================================

Image component sizes


      Code (inc. data)   RO Data    RW Data    ZI Data      Debug   Object Name

      2690        158          0         29         32       6860   bsp.o
       804         74          0          0          0       1434   bsp_key.o
      1512        180          0          0          0       1864   bsp_key_oc.o
       220         20          0          0          0       2770   bsp_uart.o
      1714        292          0         16       2816      13669   bsp_uart_dma.o
       852        230          0          0          0       6407   bsp_ui_showp_foundation.o
       192         12          0          4          0       1964   delay.o
       394         52          0          0          0       2647   flash.o
       918         56          0          0          0       2165   fsmc.o
       220         16          0          0          0       1410   gpio.o
      2372         96      18695          2          0      15722   lcd.o
      1564        200          0         42      15620     356547   main.o
       180         24          0          0          0       2133   misc.o
       324         32          0          0          0       2102   randomcode.o
       144          0          0          0          0       3471   ring_buffer.o
       474         40          0          0          0       4866   soft_i2c.o
       220         16          0          0          0       1939   soft_i2c_lm75b.o
        36          8        392          0       1024        844   startup_stm32f407xx.o
       644         54          0          0          0       6387   stm32f4xx_dma.o
       438         46          0          0          0      14142   stm32f4xx_flash.o
       344         16          0          0          0       2045   stm32f4xx_fsmc.o
       222          0          0          0          0       2943   stm32f4xx_gpio.o
        32          0          0          0          0       4398   stm32f4xx_it.o
       416         50          0         16          0       6590   stm32f4xx_rcc.o
       214         28          0          0          0       3750   stm32f4xx_tim.o
       430          8          0          0          0       4975   stm32f4xx_usart.o
       340         32          0          0          0       1589   system_stm32f4xx.o
       286         20          0          4          0       2652   tim.o
      1532        326          0          0          0       7616   ui.o
       640         60          0          5        128       4237   usart.o

    ----------------------------------------------------------------------
     20404       2146      19122        128      19624     490138   Object Totals
         0          0         32          0          0          0   (incl. Generated)
        36          0          3         10          4          0   (incl. Padding)

    ----------------------------------------------------------------------

      Code (inc. data)   RO Data    RW Data    ZI Data      Debug   Library Member Name

         0          0          0          0          0          0   entry.o
         0          0          0          0          0          0   entry10a.o
         0          0          0          0          0          0   entry11a.o
         4          0          0          0          0          0   entry12b.o
         8          4          0          0          0          0   entry2.o
         4          0          0          0          0          0   entry5.o
         0          0          0          0          0          0   entry7b.o
         0          0          0          0          0          0   entry8b.o
         8          4          0          0          0          0   entry9a.o
        30          0          0          0          0          0   handlers.o
        36          8          0          0          0         68   init.o
         0          0          0          0          0          0   iusefp.o
        30          0          0          0          0         68   llshl.o
        36          0          0          0          0         68   llsshr.o
        32          0          0          0          0         68   llushr.o
        36          0          0          0          0         68   memcpya.o
        36          0          0          0          0        108   memseta.o
       414          8          0          0          0        256   printf1.o
        14          0          0          0          0         68   strlen.o
        44          0          0          0          0         80   uidiv.o
        56          0          0          0          0         88   d2f.o
       334          0          0          0          0        148   dadd.o
       222          0          0          0          0        100   ddiv.o
       186          0          0          0          0        176   depilogue.o
        50          0          0          0          0         76   dfixui.o
        26          0          0          0          0         76   dfltui.o
       228          0          0          0          0         96   dmul.o
       110          0          0          0          0        168   fepilogue.o

    ----------------------------------------------------------------------
      1946         24          0          0          0       1780   Library Totals
         2          0          0          0          0          0   (incl. Padding)

    ----------------------------------------------------------------------

      Code (inc. data)   RO Data    RW Data    ZI Data      Debug   Library Name

       732         24          0          0          0        852   mc_w.l
      1212          0          0          0          0        928   mf_w.l

    ----------------------------------------------------------------------
      1946         24          0          0          0       1780   Library Totals

    ----------------------------------------------------------------------

==============================================================================


      Code (inc. data)   RO Data    RW Data    ZI Data      Debug   

     22350       2170      19122        128      19624     474990   Grand Totals
     22350       2170      19122        128      19624     474990   ELF Image Totals
     22350       2170      19122        128          0          0   ROM Totals

==============================================================================

    Total RO  Size (Code + RO Data)                41472 (  40.50kB)
    Total RW  Size (RW Data + ZI Data)             19752 (  19.29kB)
    Total ROM Size (Code + RO Data + RW Data)      41600 (  40.63kB)

==============================================================================

