Component: ARM Compiler 5.06 update 7 (build 960) Tool: armlink [4d3601]

==============================================================================

Section Cross References

    main.o(i.Cross_StateTurn) refers to main.o(.data) for .data
    main.o(i.Delay) refers to main.o(.data) for .data
    main.o(i.Laser_StateTurn) refers to usart.o(i.USART3_Config) for USART3_Config
    main.o(i.Laser_StateTurn) refers to usart.o(i.UART_SEND) for UART_SEND
    main.o(i.Laser_StateTurn) refers to fsmc.o(i.CycleCode_Renew) for CycleCode_Renew
    main.o(i.Laser_StateTurn) refers to main.o(.data) for .data
    main.o(i.Laser_StateTurn) refers to usart.o(.data) for CycleCodeTime
    main.o(i.Pulse_StateTurn) refers to main.o(.data) for .data
    main.o(i.Pulse_StateTurn) refers to usart.o(.data) for PauseTime
    main.o(i.TimingDelay_Decrement) refers to main.o(.data) for .data
    main.o(i.main) refers to misc.o(i.NVIC_PriorityGroupConfig) for NVIC_PriorityGroupConfig
    main.o(i.main) refers to system_stm32f4xx.o(i.SystemInit) for SystemInit
    main.o(i.main) refers to stm32f4xx_rcc.o(i.RCC_GetClocksFreq) for RCC_GetClocksFreq
    main.o(i.main) refers to main.o(i.Delay) for Delay
    main.o(i.main) refers to tim.o(i.TIM2_Int_Init) for TIM2_Int_Init
    main.o(i.main) refers to fsmc.o(i.FSMC_Init) for FSMC_Init
    main.o(i.main) refers to gpio.o(i.User_GPIO_Init) for User_GPIO_Init
    main.o(i.main) refers to delay.o(i.delay_init) for delay_init
    main.o(i.main) refers to lcd.o(i.LCD_Init) for LCD_Init
    main.o(i.main) refers to usart.o(i.USART1_Config) for USART1_Config
    main.o(i.main) refers to usart.o(i.USART3_Config) for USART3_Config
    main.o(i.main) refers to flash.o(i.Read_Memory) for Read_Memory
    main.o(i.main) refers to ui.o(i.UI_Init) for UI_Init
    main.o(i.main) refers to ui.o(i.MenuTrig_Down) for MenuTrig_Down
    main.o(i.main) refers to ui.o(i.MenuTrig_Up) for MenuTrig_Up
    main.o(i.main) refers to ui.o(i.MenuTrig_OK) for MenuTrig_OK
    main.o(i.main) refers to ui.o(i.MenuTrig_Cancel) for MenuTrig_Cancel
    main.o(i.main) refers to main.o(i.Cross_StateTurn) for Cross_StateTurn
    main.o(i.main) refers to main.o(i.Laser_StateTurn) for Laser_StateTurn
    main.o(i.main) refers to fsmc.o(i.CycleCode_Renew) for CycleCode_Renew
    main.o(i.main) refers to usart.o(i.UART_Answer_NoData) for UART_Answer_NoData
    main.o(i.main) refers to stm32f4xx_gpio.o(i.GPIO_ResetBits) for GPIO_ResetBits
    main.o(i.main) refers to stm32f4xx_gpio.o(i.GPIO_SetBits) for GPIO_SetBits
    main.o(i.main) refers to main.o(.bss) for .bss
    main.o(i.main) refers to main.o(.data) for .data
    main.o(i.main) refers to randomcode.o(.bss) for u32_FlashBuff
    main.o(i.main) refers to usart.o(.data) for LaserState
    main.o(i.main) refers to randomcode.o(.data) for b_Random_EN
    main.o(i.main) refers to ui.o(.data) for Menu_Indexs
    gpio.o(i.User_GPIO_Init) refers to stm32f4xx_rcc.o(i.RCC_AHB1PeriphClockCmd) for RCC_AHB1PeriphClockCmd
    gpio.o(i.User_GPIO_Init) refers to stm32f4xx_gpio.o(i.GPIO_Init) for GPIO_Init
    gpio.o(i.User_GPIO_Init) refers to stm32f4xx_rcc.o(i.RCC_MCO1Config) for RCC_MCO1Config
    gpio.o(i.User_GPIO_Init) refers to stm32f4xx_rcc.o(i.RCC_MCO2Config) for RCC_MCO2Config
    stm32f4xx_it.o(i.SysTick_Handler) refers to main.o(i.TimingDelay_Decrement) for TimingDelay_Decrement
    i2c.o(i.I2C_LM75_Read) refers to stm32f4xx_i2c.o(i.I2C_GetFlagStatus) for I2C_GetFlagStatus
    i2c.o(i.I2C_LM75_Read) refers to stm32f4xx_i2c.o(i.I2C_GenerateSTART) for I2C_GenerateSTART
    i2c.o(i.I2C_LM75_Read) refers to stm32f4xx_i2c.o(i.I2C_CheckEvent) for I2C_CheckEvent
    i2c.o(i.I2C_LM75_Read) refers to stm32f4xx_i2c.o(i.I2C_Send7bitAddress) for I2C_Send7bitAddress
    i2c.o(i.I2C_LM75_Read) refers to stm32f4xx_i2c.o(i.I2C_SendData) for I2C_SendData
    i2c.o(i.I2C_LM75_Read) refers to stm32f4xx_i2c.o(i.I2C_AcknowledgeConfig) for I2C_AcknowledgeConfig
    i2c.o(i.I2C_LM75_Read) refers to stm32f4xx_i2c.o(i.I2C_ReceiveData) for I2C_ReceiveData
    i2c.o(i.I2C_LM75_Read) refers to stm32f4xx_i2c.o(i.I2C_GenerateSTOP) for I2C_GenerateSTOP
    i2c.o(i.I2C_LM75_Read) refers to i2c.o(i.data_convert) for data_convert
    i2c.o(i.I2C_ReadOneByte) refers to stm32f4xx_i2c.o(i.I2C_GetFlagStatus) for I2C_GetFlagStatus
    i2c.o(i.I2C_ReadOneByte) refers to stm32f4xx_i2c.o(i.I2C_GenerateSTART) for I2C_GenerateSTART
    i2c.o(i.I2C_ReadOneByte) refers to stm32f4xx_i2c.o(i.I2C_CheckEvent) for I2C_CheckEvent
    i2c.o(i.I2C_ReadOneByte) refers to stm32f4xx_i2c.o(i.I2C_Send7bitAddress) for I2C_Send7bitAddress
    i2c.o(i.I2C_ReadOneByte) refers to stm32f4xx_i2c.o(i.I2C_SendData) for I2C_SendData
    i2c.o(i.I2C_ReadOneByte) refers to stm32f4xx_i2c.o(i.I2C_AcknowledgeConfig) for I2C_AcknowledgeConfig
    i2c.o(i.I2C_ReadOneByte) refers to stm32f4xx_i2c.o(i.I2C_GenerateSTOP) for I2C_GenerateSTOP
    i2c.o(i.I2C_ReadOneByte) refers to stm32f4xx_i2c.o(i.I2C_ReceiveData) for I2C_ReceiveData
[...]
    Removing stm32f4xx_i2c.o(i.I2C_SoftwareResetCmd), (24 bytes).
    Removing stm32f4xx_i2c.o(i.I2C_StretchClockCmd), (24 bytes).
    Removing stm32f4xx_i2c.o(i.I2C_StructInit), (28 bytes).
    Removing stm32f4xx_i2c.o(i.I2C_TransmitPEC), (24 bytes).
    Removing misc.o(.rev16_text), (4 bytes).
    Removing misc.o(.revsh_text), (4 bytes).
    Removing misc.o(.rrx_text), (6 bytes).
    Removing misc.o(i.NVIC_SetVectorTable), (20 bytes).
    Removing misc.o(i.NVIC_SystemLPConfig), (28 bytes).
    Removing stm32f4xx_flash.o(.rev16_text), (4 bytes).
    Removing stm32f4xx_flash.o(.revsh_text), (4 bytes).
    Removing stm32f4xx_flash.o(.rrx_text), (6 bytes).
    Removing stm32f4xx_flash.o(i.FLASH_DataCacheReset), (16 bytes).
    Removing stm32f4xx_flash.o(i.FLASH_EraseAllBank1Sectors), (92 bytes).
    Removing stm32f4xx_flash.o(i.FLASH_EraseAllBank2Sectors), (92 bytes).
    Removing stm32f4xx_flash.o(i.FLASH_EraseAllSectors), (92 bytes).
    Removing stm32f4xx_flash.o(i.FLASH_GetFlagStatus), (20 bytes).
    Removing stm32f4xx_flash.o(i.FLASH_ITConfig), (28 bytes).
    Removing stm32f4xx_flash.o(i.FLASH_InstructionCacheCmd), (32 bytes).
    Removing stm32f4xx_flash.o(i.FLASH_InstructionCacheReset), (16 bytes).
    Removing stm32f4xx_flash.o(i.FLASH_OB_BORConfig), (24 bytes).
    Removing stm32f4xx_flash.o(i.FLASH_OB_BootConfig), (24 bytes).
    Removing stm32f4xx_flash.o(i.FLASH_OB_GetBOR), (16 bytes).
    Removing stm32f4xx_flash.o(i.FLASH_OB_GetPCROP), (12 bytes).
    Removing stm32f4xx_flash.o(i.FLASH_OB_GetPCROP1), (12 bytes).
    Removing stm32f4xx_flash.o(i.FLASH_OB_GetRDP), (20 bytes).
    Removing stm32f4xx_flash.o(i.FLASH_OB_GetUser), (16 bytes).
    Removing stm32f4xx_flash.o(i.FLASH_OB_GetWRP), (12 bytes).
    Removing stm32f4xx_flash.o(i.FLASH_OB_GetWRP1), (12 bytes).
    Removing stm32f4xx_flash.o(i.FLASH_OB_Launch), (20 bytes).
    Removing stm32f4xx_flash.o(i.FLASH_OB_Lock), (16 bytes).
    Removing stm32f4xx_flash.o(i.FLASH_OB_PCROP1Config), (40 bytes).
    Removing stm32f4xx_flash.o(i.FLASH_OB_PCROPConfig), (40 bytes).
    Removing stm32f4xx_flash.o(i.FLASH_OB_PCROPSelectionConfig), (20 bytes).
    Removing stm32f4xx_flash.o(i.FLASH_OB_RDPConfig), (24 bytes).
    Removing stm32f4xx_flash.o(i.FLASH_OB_Unlock), (36 bytes).
    Removing stm32f4xx_flash.o(i.FLASH_OB_UserConfig), (40 bytes).
    Removing stm32f4xx_flash.o(i.FLASH_OB_WRP1Config), (40 bytes).
    Removing stm32f4xx_flash.o(i.FLASH_OB_WRPConfig), (40 bytes).
    Removing stm32f4xx_flash.o(i.FLASH_PrefetchBufferCmd), (32 bytes).
    Removing stm32f4xx_flash.o(i.FLASH_ProgramByte), (56 bytes).
    Removing stm32f4xx_flash.o(i.FLASH_ProgramDoubleWord), (64 bytes).
    Removing stm32f4xx_flash.o(i.FLASH_ProgramHalfWord), (60 bytes).
    Removing stm32f4xx_flash.o(i.FLASH_SetLatency), (12 bytes).
    Removing stm32f4xx_tim.o(.rev16_text), (4 bytes).
    Removing stm32f4xx_tim.o(.revsh_text), (4 bytes).
    Removing stm32f4xx_tim.o(.rrx_text), (6 bytes).
    Removing stm32f4xx_tim.o(i.TI1_Config), (46 bytes).
    Removing stm32f4xx_tim.o(i.TI2_Config), (54 bytes).
    Removing stm32f4xx_tim.o(i.TI3_Config), (50 bytes).
    Removing stm32f4xx_tim.o(i.TI4_Config), (54 bytes).
    Removing stm32f4xx_tim.o(i.TIM_ARRPreloadConfig), (24 bytes).
    Removing stm32f4xx_tim.o(i.TIM_BDTRConfig), (34 bytes).
    Removing stm32f4xx_tim.o(i.TIM_BDTRStructInit), (18 bytes).
    Removing stm32f4xx_tim.o(i.TIM_CCPreloadControl), (24 bytes).
    Removing stm32f4xx_tim.o(i.TIM_CCxCmd), (22 bytes).
    Removing stm32f4xx_tim.o(i.TIM_CCxNCmd), (22 bytes).
    Removing stm32f4xx_tim.o(i.TIM_ClearFlag), (6 bytes).
    Removing stm32f4xx_tim.o(i.TIM_ClearOC1Ref), (12 bytes).
    Removing stm32f4xx_tim.o(i.TIM_ClearOC2Ref), (20 bytes).
    Removing stm32f4xx_tim.o(i.TIM_ClearOC3Ref), (12 bytes).
    Removing stm32f4xx_tim.o(i.TIM_ClearOC4Ref), (20 bytes).
    Removing stm32f4xx_tim.o(i.TIM_CounterModeConfig), (12 bytes).
    Removing stm32f4xx_tim.o(i.TIM_CtrlPWMOutputs), (28 bytes).
    Removing stm32f4xx_tim.o(i.TIM_DMACmd), (20 bytes).
    Removing stm32f4xx_tim.o(i.TIM_DMAConfig), (8 bytes).
    Removing stm32f4xx_tim.o(i.TIM_DeInit), (428 bytes).
    Removing stm32f4xx_tim.o(i.TIM_ETRClockMode1Config), (32 bytes).
    Removing stm32f4xx_tim.o(i.TIM_ETRClockMode2Config), (20 bytes).
    Removing stm32f4xx_tim.o(i.TIM_ETRConfig), (24 bytes).
    Removing stm32f4xx_tim.o(i.TIM_EncoderInterfaceConfig), (50 bytes).
    Removing stm32f4xx_tim.o(i.TIM_ForcedOC1Config), (12 bytes).
    Removing stm32f4xx_tim.o(i.TIM_ForcedOC2Config), (20 bytes).
    Removing stm32f4xx_tim.o(i.TIM_ForcedOC3Config), (12 bytes).
    Removing stm32f4xx_tim.o(i.TIM_ForcedOC4Config), (20 bytes).
    Removing stm32f4xx_tim.o(i.TIM_GenerateEvent), (4 bytes).
    Removing stm32f4xx_tim.o(i.TIM_GetCapture1), (4 bytes).
    Removing stm32f4xx_tim.o(i.TIM_GetCapture2), (4 bytes).
    Removing stm32f4xx_tim.o(i.TIM_GetCapture3), (4 bytes).
    Removing stm32f4xx_tim.o(i.TIM_GetCapture4), (4 bytes).
    Removing stm32f4xx_tim.o(i.TIM_GetCounter), (4 bytes).
    Removing stm32f4xx_tim.o(i.TIM_GetFlagStatus), (14 bytes).
    Removing stm32f4xx_tim.o(i.TIM_GetPrescaler), (4 bytes).
    Removing stm32f4xx_tim.o(i.TIM_ICInit), (98 bytes).
    Removing stm32f4xx_tim.o(i.TIM_ICStructInit), (16 bytes).
    Removing stm32f4xx_tim.o(i.TIM_ITRxExternalClockConfig), (20 bytes).
    Removing stm32f4xx_tim.o(i.TIM_InternalClockConfig), (10 bytes).
    Removing stm32f4xx_tim.o(i.TIM_OC1FastConfig), (12 bytes).
    Removing stm32f4xx_tim.o(i.TIM_OC1Init), (104 bytes).
    Removing stm32f4xx_tim.o(i.TIM_OC1NPolarityConfig), (12 bytes).
    Removing stm32f4xx_tim.o(i.TIM_OC1PolarityConfig), (12 bytes).
    Removing stm32f4xx_tim.o(i.TIM_OC1PreloadConfig), (12 bytes).
    Removing stm32f4xx_tim.o(i.TIM_OC2FastConfig), (20 bytes).
    Removing stm32f4xx_tim.o(i.TIM_OC2Init), (136 bytes).
    Removing stm32f4xx_tim.o(i.TIM_OC2NPolarityConfig), (20 bytes).
    Removing stm32f4xx_tim.o(i.TIM_OC2PolarityConfig), (20 bytes).
    Removing stm32f4xx_tim.o(i.TIM_OC2PreloadConfig), (20 bytes).
    Removing stm32f4xx_tim.o(i.TIM_OC3FastConfig), (12 bytes).
    Removing stm32f4xx_tim.o(i.TIM_OC3Init), (132 bytes).
    Removing stm32f4xx_tim.o(i.TIM_OC3NPolarityConfig), (20 bytes).
    Removing stm32f4xx_tim.o(i.TIM_OC3PolarityConfig), (20 bytes).
    Removing stm32f4xx_tim.o(i.TIM_OC3PreloadConfig), (12 bytes).
    Removing stm32f4xx_tim.o(i.TIM_OC4FastConfig), (20 bytes).
    Removing stm32f4xx_tim.o(i.TIM_OC4Init), (100 bytes).
    Removing stm32f4xx_tim.o(i.TIM_OC4PolarityConfig), (20 bytes).
    Removing stm32f4xx_tim.o(i.TIM_OC4PreloadConfig), (20 bytes).
    Removing stm32f4xx_tim.o(i.TIM_OCStructInit), (20 bytes).
    Removing stm32f4xx_tim.o(i.TIM_PWMIConfig), (110 bytes).
    Removing stm32f4xx_tim.o(i.TIM_PrescalerConfig), (6 bytes).
    Removing stm32f4xx_tim.o(i.TIM_RemapConfig), (6 bytes).
    Removing stm32f4xx_tim.o(i.TIM_SelectCCDMA), (24 bytes).
    Removing stm32f4xx_tim.o(i.TIM_SelectCOM), (24 bytes).
    Removing stm32f4xx_tim.o(i.TIM_SelectHallSensor), (24 bytes).
    Removing stm32f4xx_tim.o(i.TIM_SelectInputTrigger), (12 bytes).
    Removing stm32f4xx_tim.o(i.TIM_SelectMasterSlaveMode), (16 bytes).
    Removing stm32f4xx_tim.o(i.TIM_SelectOCxM), (80 bytes).
    Removing stm32f4xx_tim.o(i.TIM_SelectOnePulseMode), (16 bytes).
    Removing stm32f4xx_tim.o(i.TIM_SelectOutputTrigger), (16 bytes).
    Removing stm32f4xx_tim.o(i.TIM_SelectSlaveMode), (16 bytes).
    Removing stm32f4xx_tim.o(i.TIM_SetAutoreload), (4 bytes).
    Removing stm32f4xx_tim.o(i.TIM_SetClockDivision), (16 bytes).
    Removing stm32f4xx_tim.o(i.TIM_SetCompare1), (4 bytes).
    Removing stm32f4xx_tim.o(i.TIM_SetCompare2), (4 bytes).
    Removing stm32f4xx_tim.o(i.TIM_SetCompare3), (4 bytes).
    Removing stm32f4xx_tim.o(i.TIM_SetCompare4), (4 bytes).
    Removing stm32f4xx_tim.o(i.TIM_SetCounter), (4 bytes).
    Removing stm32f4xx_tim.o(i.TIM_SetIC1Prescaler), (16 bytes).
    Removing stm32f4xx_tim.o(i.TIM_SetIC2Prescaler), (24 bytes).
    Removing stm32f4xx_tim.o(i.TIM_SetIC3Prescaler), (16 bytes).
    Removing stm32f4xx_tim.o(i.TIM_SetIC4Prescaler), (24 bytes).
    Removing stm32f4xx_tim.o(i.TIM_TIxExternalClockConfig), (48 bytes).
    Removing stm32f4xx_tim.o(i.TIM_TimeBaseStructInit), (18 bytes).
    Removing stm32f4xx_tim.o(i.TIM_UpdateDisableConfig), (24 bytes).
    Removing stm32f4xx_tim.o(i.TIM_UpdateRequestConfig), (24 bytes).
    Removing d2f.o(.text), (56 bytes).
    Removing fepilogue.o(.text), (110 bytes).
    Removing ddiv.o(.text), (222 bytes).
    Removing dfixul.o(.text), (48 bytes).
    Removing cdrcmple.o(.text), (48 bytes).

372 unused section(s) (total 12377 bytes) removed from the image.

==============================================================================

Image Symbol Table

    Local Symbols

    Symbol Name                              Value     Ov Type        Size  Object(Section)

    ../clib/microlib/division.c              0x00000000   Number         0  uidiv.o ABSOLUTE
    ../clib/microlib/division.c              0x00000000   Number         0  uldiv.o ABSOLUTE
    ../clib/microlib/init/entry.s            0x00000000   Number         0  entry12b.o ABSOLUTE
    ../clib/microlib/init/entry.s            0x00000000   Number         0  entry.o ABSOLUTE
    ../clib/microlib/init/entry.s            0x00000000   Number         0  entry12a.o ABSOLUTE
    ../clib/microlib/init/entry.s            0x00000000   Number         0  entry9b.o ABSOLUTE
    ../clib/microlib/init/entry.s            0x00000000   Number         0  entry11b.o ABSOLUTE
    ../clib/microlib/init/entry.s            0x00000000   Number         0  entry5.o ABSOLUTE
    ../clib/microlib/init/entry.s            0x00000000   Number         0  entry7a.o ABSOLUTE
    ../clib/microlib/init/entry.s            0x00000000   Number         0  entry7b.o ABSOLUTE
    ../clib/microlib/init/entry.s            0x00000000   Number         0  entry11a.o ABSOLUTE
    ../clib/microlib/init/entry.s            0x00000000   Number         0  entry10a.o ABSOLUTE
    ../clib/microlib/init/entry.s            0x00000000   Number         0  entry8a.o ABSOLUTE
    ../clib/microlib/init/entry.s            0x00000000   Number         0  entry8b.o ABSOLUTE
    ../clib/microlib/init/entry.s            0x00000000   Number         0  entry10b.o ABSOLUTE
    ../clib/microlib/init/entry.s            0x00000000   Number         0  entry2.o ABSOLUTE
    ../clib/microlib/init/entry.s            0x00000000   Number         0  entry9a.o ABSOLUTE
    ../clib/microlib/longlong.c              0x00000000   Number         0  llushr.o ABSOLUTE
    ../clib/microlib/longlong.c              0x00000000   Number         0  llshl.o ABSOLUTE
    ../clib/microlib/longlong.c              0x00000000   Number         0  llsshr.o ABSOLUTE
    ../clib/microlib/printf/printf.c         0x00000000   Number         0  printf1.o ABSOLUTE
    ../clib/microlib/printf/printf.c         0x00000000   Number         0  printf0.o ABSOLUTE
    ../clib/microlib/printf/printf.c         0x00000000   Number         0  printfb.o ABSOLUTE
    ../clib/microlib/printf/printf.c         0x00000000   Number         0  printf2.o ABSOLUTE
    ../clib/microlib/printf/printf.c         0x00000000   Number         0  printf5.o ABSOLUTE
    ../clib/microlib/printf/printf.c         0x00000000   Number         0  printf4.o ABSOLUTE
    ../clib/microlib/printf/printf.c         0x00000000   Number         0  printf6.o ABSOLUTE
    ../clib/microlib/printf/printf.c         0x00000000   Number         0  printf3.o ABSOLUTE
    ../clib/microlib/printf/printf.c         0x00000000   Number         0  printfa.o ABSOLUTE
    ../clib/microlib/printf/printf.c         0x00000000   Number         0  printf8.o ABSOLUTE
    ../clib/microlib/printf/printf.c         0x00000000   Number         0  printf7.o ABSOLUTE
    ../clib/microlib/printf/stubs.s          0x00000000   Number         0  stubs.o ABSOLUTE
    ../clib/microlib/stdio/fputc.c           0x00000000   Number         0  fputc.o ABSOLUTE
    ../clib/microlib/stdio/semi.s            0x00000000   Number         0  semi.o ABSOLUTE
    ../clib/microlib/stdio/streams.c         0x00000000   Number         0  stdout.o ABSOLUTE
    ../clib/microlib/string/strlen.c         0x00000000   Number         0  strlen.o ABSOLUTE
    ../clib/microlib/stubs.s                 0x00000000   Number         0  iusesemip.o ABSOLUTE
    ../clib/microlib/stubs.s                 0x00000000   Number         0  iusefp.o ABSOLUTE
    ../fplib/microlib/d2f.c                  0x00000000   Number         0  d2f.o ABSOLUTE
    ../fplib/microlib/fpadd.c                0x00000000   Number         0  dadd.o ABSOLUTE
    ../fplib/microlib/fpdiv.c                0x00000000   Number         0  ddiv.o ABSOLUTE
    ../fplib/microlib/fpepilogue.c           0x00000000   Number         0  depilogue.o ABSOLUTE
    ../fplib/microlib/fpepilogue.c           0x00000000   Number         0  fepilogue.o ABSOLUTE
    ../fplib/microlib/fpfix.c                0x00000000   Number         0  dfixul.o ABSOLUTE
    ../fplib/microlib/fpfix.c                0x00000000   Number         0  dfixui.o ABSOLUTE
    ../fplib/microlib/fpflt.c                0x00000000   Number         0  dfltui.o ABSOLUTE
    ../fplib/microlib/fpmul.c                0x00000000   Number         0  dmul.o ABSOLUTE
    ..\Library\src\misc.c                    0x00000000   Number         0  misc.o ABSOLUTE
    ..\Library\src\stm32f4xx_flash.c         0x00000000   Number         0  stm32f4xx_flash.o ABSOLUTE
    ..\Library\src\stm32f4xx_fsmc.c          0x00000000   Number         0  stm32f4xx_fsmc.o ABSOLUTE
    ..\Library\src\stm32f4xx_gpio.c          0x00000000   Number         0  stm32f4xx_gpio.o ABSOLUTE
    ..\Library\src\stm32f4xx_i2c.c           0x00000000   Number         0  stm32f4xx_i2c.o ABSOLUTE
    ..\Library\src\stm32f4xx_rcc.c           0x00000000   Number         0  stm32f4xx_rcc.o ABSOLUTE
    ..\Library\src\stm32f4xx_spi.c           0x00000000   Number         0  stm32f4xx_spi.o ABSOLUTE
    ..\Library\src\stm32f4xx_tim.c           0x00000000   Number         0  stm32f4xx_tim.o ABSOLUTE
    ..\Library\src\stm32f4xx_usart.c         0x00000000   Number         0  stm32f4xx_usart.o ABSOLUTE
    ..\System\startup_stm32f407xx.s          0x00000000   Number         0  startup_stm32f407xx.o ABSOLUTE
    ..\User\src\RandomCode.c                 0x00000000   Number         0  randomcode.o ABSOLUTE
    ..\User\src\delay.c                      0x00000000   Number         0  delay.o ABSOLUTE
    ..\User\src\flash.c                      0x00000000   Number         0  flash.o ABSOLUTE
    ..\User\src\fsmc.c                       0x00000000   Number         0  fsmc.o ABSOLUTE
    ..\User\src\gpio.c                       0x00000000   Number         0  gpio.o ABSOLUTE
    ..\User\src\i2c.c                        0x00000000   Number         0  i2c.o ABSOLUTE
    ..\User\src\lcd.c                        0x00000000   Number         0  lcd.o ABSOLUTE
    ..\User\src\main.c                       0x00000000   Number         0  main.o ABSOLUTE
    ..\User\src\stm32f4xx_it.c               0x00000000   Number         0  stm32f4xx_it.o ABSOLUTE
    ..\User\src\system_stm32f4xx.c           0x00000000   Number         0  system_stm32f4xx.o ABSOLUTE
    ..\User\src\tim.c                        0x00000000   Number         0  tim.o ABSOLUTE
    ..\User\src\ui.c                         0x00000000   Number         0  ui.o ABSOLUTE
    ..\User\src\usart.c                      0x00000000   Number         0  usart.o ABSOLUTE
    ..\\Library\\src\\misc.c                 0x00000000   Number         0  misc.o ABSOLUTE
    ..\\Library\\src\\stm32f4xx_flash.c      0x00000000   Number         0  stm32f4xx_flash.o ABSOLUTE
    ..\\Library\\src\\stm32f4xx_fsmc.c       0x00000000   Number         0  stm32f4xx_fsmc.o ABSOLUTE
    ..\\Library\\src\\stm32f4xx_gpio.c       0x00000000   Number         0  stm32f4xx_gpio.o ABSOLUTE
    ..\\Library\\src\\stm32f4xx_i2c.c        0x00000000   Number         0  stm32f4xx_i2c.o ABSOLUTE
    ..\\Library\\src\\stm32f4xx_rcc.c        0x00000000   Number         0  stm32f4xx_rcc.o ABSOLUTE
    ..\\Library\\src\\stm32f4xx_spi.c        0x00000000   Number         0  stm32f4xx_spi.o ABSOLUTE
    ..\\Library\\src\\stm32f4xx_tim.c        0x00000000   Number         0  stm32f4xx_tim.o ABSOLUTE
    ..\\Library\\src\\stm32f4xx_usart.c      0x00000000   Number         0  stm32f4xx_usart.o ABSOLUTE
    ..\\User\\src\\RandomCode.c              0x00000000   Number         0  randomcode.o ABSOLUTE
    ..\\User\\src\\delay.c                   0x00000000   Number         0  delay.o ABSOLUTE
    ..\\User\\src\\flash.c                   0x00000000   Number         0  flash.o ABSOLUTE
    ..\\User\\src\\fsmc.c                    0x00000000   Number         0  fsmc.o ABSOLUTE
    ..\\User\\src\\gpio.c                    0x00000000   Number         0  gpio.o ABSOLUTE
    ..\\User\\src\\i2c.c                     0x00000000   Number         0  i2c.o ABSOLUTE
    ..\\User\\src\\lcd.c                     0x00000000   Number         0  lcd.o ABSOLUTE
    ..\\User\\src\\main.c                    0x00000000   Number         0  main.o ABSOLUTE
    ..\\User\\src\\stm32f4xx_it.c            0x00000000   Number         0  stm32f4xx_it.o ABSOLUTE
    ..\\User\\src\\system_stm32f4xx.c        0x00000000   Number         0  system_stm32f4xx.o ABSOLUTE
    ..\\User\\src\\tim.c                     0x00000000   Number         0  tim.o ABSOLUTE
    ..\\User\\src\\ui.c                      0x00000000   Number         0  ui.o ABSOLUTE
    ..\\User\\src\\usart.c                   0x00000000   Number         0  usart.o ABSOLUTE
    cdrcmple.s                               0x00000000   Number         0  cdrcmple.o ABSOLUTE
    dc.s                                     0x00000000   Number         0  dc.o ABSOLUTE
    handlers.s                               0x00000000   Number         0  handlers.o ABSOLUTE
    init.s                                   0x00000000   Number         0  init.o ABSOLUTE
    RESET                                    0x08000000   Section      392  startup_stm32f407xx.o(RESET)
    .ARM.Collect$$$$00000000                 0x08000188   Section        0  entry.o(.ARM.Collect$$$$00000000)
    .ARM.Collect$$$$00000001                 0x08000188   Section        4  entry2.o(.ARM.Collect$$$$00000001)
    .ARM.Collect$$$$00000004                 0x0800018c   Section        4  entry5.o(.ARM.Collect$$$$00000004)
    .ARM.Collect$$$$00000008                 0x08000190   Section        0  entry7b.o(.ARM.Collect$$$$00000008)
    .ARM.Collect$$$$0000000A                 0x08000190   Section        0  entry8b.o(.ARM.Collect$$$$0000000A)
    .ARM.Collect$$$$0000000B                 0x08000190   Section        8  entry9a.o(.ARM.Collect$$$$0000000B)
    .ARM.Collect$$$$0000000E                 0x08000198   Section        4  entry12b.o(.ARM.Collect$$$$0000000E)
    .ARM.Collect$$$$0000000F                 0x0800019c   Section        0  entry10a.o(.ARM.Collect$$$$0000000F)
    .ARM.Collect$$$$00000011                 0x0800019c   Section        0  entry11a.o(.ARM.Collect$$$$00000011)
    .ARM.Collect$$$$00002712                 0x0800019c   Section        4  entry2.o(.ARM.Collect$$$$00002712)
    __lit__00000000                          0x0800019c   Data           4  entry2.o(.ARM.Collect$$$$00002712)
    .text                                    0x080001a0   Section       36  startup_stm32f407xx.o(.text)
    $v0                                      0x080001a0   Number         0  startup_stm32f407xx.o(.text)
    .text                                    0x080001c4   Section        0  strlen.o(.text)
    .text                                    0x080001d2   Section        0  dadd.o(.text)
    .text                                    0x08000320   Section        0  dmul.o(.text)
    .text                                    0x08000404   Section        0  dfltui.o(.text)
    .text                                    0x0800041e   Section        0  dfixui.o(.text)
    .text                                    0x08000450   Section        0  uidiv.o(.text)
    .text                                    0x0800047c   Section        0  llshl.o(.text)
    .text                                    0x0800049a   Section        0  llushr.o(.text)
    .text                                    0x080004ba   Section        0  llsshr.o(.text)
    .text                                    0x080004de   Section        0  iusefp.o(.text)
    .text                                    0x080004de   Section        0  depilogue.o(.text)
    .text                                    0x08000598   Section       36  init.o(.text)
    i.BusFault_Handler                       0x080005bc   Section        0  stm32f4xx_it.o(i.BusFault_Handler)
    i.Cross_StateTurn                        0x080005c0   Section        0  main.o(i.Cross_StateTurn)
    i.CycleCode_Renew                        0x080005e4   Section        0  fsmc.o(i.CycleCode_Renew)
    i.DebugMon_Handler                       0x08000678   Section        0  stm32f4xx_it.o(i.DebugMon_Handler)
    i.Delay                                  0x0800067c   Section        0  main.o(i.Delay)
    Delay                                    0x0800067d   Thumb Code    16  main.o(i.Delay)
    i.FLASH_ClearFlag                        0x08000690   Section        0  stm32f4xx_flash.o(i.FLASH_ClearFlag)
    i.FLASH_DataCacheCmd                     0x0800069c   Section        0  stm32f4xx_flash.o(i.FLASH_DataCacheCmd)
    i.FLASH_EraseSector                      0x080006bc   Section        0  stm32f4xx_flash.o(i.FLASH_EraseSector)
    i.FLASH_GetStatus                        0x0800072c   Section        0  stm32f4xx_flash.o(i.FLASH_GetStatus)
    i.FLASH_Lock                             0x08000768   Section        0  stm32f4xx_flash.o(i.FLASH_Lock)
    i.FLASH_ProgramWord                      0x08000778   Section        0  stm32f4xx_flash.o(i.FLASH_ProgramWord)
    i.FLASH_Unlock                           0x080007b4   Section        0  stm32f4xx_flash.o(i.FLASH_Unlock)
    i.FLASH_WaitForLastOperation             0x080007d8   Section        0  stm32f4xx_flash.o(i.FLASH_WaitForLastOperation)
    i.FSMC_GPIO_Config                       0x080007fc   Section        0  fsmc.o(i.FSMC_GPIO_Config)
    i.FSMC_Init                              0x08000a4c   Section        0  fsmc.o(i.FSMC_Init)
    i.FSMC_NORSRAMCmd                        0x08000aa4   Section        0  stm32f4xx_fsmc.o(i.FSMC_NORSRAMCmd)
    i.FSMC_NORSRAMInit                       0x08000ac8   Section        0  stm32f4xx_fsmc.o(i.FSMC_NORSRAMInit)
    i.GPIO_Init                              0x08000bb0   Section        0  stm32f4xx_gpio.o(i.GPIO_Init)
    i.GPIO_PinAFConfig                       0x08000c2c   Section        0  stm32f4xx_gpio.o(i.GPIO_PinAFConfig)
    i.GPIO_ResetBits                         0x08000c4c   Section        0  stm32f4xx_gpio.o(i.GPIO_ResetBits)
    i.GPIO_SetBits                           0x08000c50   Section        0  stm32f4xx_gpio.o(i.GPIO_SetBits)
    i.GetSector                              0x08000c54   Section        0  flash.o(i.GetSector)
    i.HardFault_Handler                      0x08000d10   Section        0  stm32f4xx_it.o(i.HardFault_Handler)
    i.LCD_Address_Set                        0x08000d12   Section        0  lcd.o(i.LCD_Address_Set)
    i.LCD_Clear                              0x08000d4c   Section        0  lcd.o(i.LCD_Clear)
    i.LCD_DrawPoint                          0x08000d82   Section        0  lcd.o(i.LCD_DrawPoint)
    i.LCD_Init                               0x08000d98   Section        0  lcd.o(i.LCD_Init)
    i.LCD_PortInit                           0x08000fcc   Section        0  lcd.o(i.LCD_PortInit)
    i.LCD_Print                              0x0800101c   Section        0  lcd.o(i.LCD_Print)
    i.LCD_ShowBigChar                        0x080010b0   Section        0  lcd.o(i.LCD_ShowBigChar)
    i.LCD_ShowBigString                      0x08001118   Section        0  lcd.o(i.LCD_ShowBigString)
    i.LCD_ShowChar                           0x0800115c   Section        0  lcd.o(i.LCD_ShowChar)
    i.LCD_ShowChinese                        0x0800120c   Section        0  lcd.o(i.LCD_ShowChinese)
    i.LCD_ShowString                         0x08001280   Section        0  lcd.o(i.LCD_ShowString)
    i.LCD_WR_DATA                            0x080012cc   Section        0  lcd.o(i.LCD_WR_DATA)
    i.LCD_WR_DATA8                           0x080012ec   Section        0  lcd.o(i.LCD_WR_DATA8)
    i.LCD_WR_REG                             0x08001308   Section        0  lcd.o(i.LCD_WR_REG)
    i.LCD_Writ_Bus                           0x08001324   Section        0  lcd.o(i.LCD_Writ_Bus)
    i.Laser_StateTurn                        0x08001364   Section        0  main.o(i.Laser_StateTurn)
    i.MemManage_Handler                      0x08001408   Section        0  stm32f4xx_it.o(i.MemManage_Handler)
    i.MenuTrig_Cancel                        0x0800140c   Section        0  ui.o(i.MenuTrig_Cancel)
    i.MenuTrig_Down                          0x080015b8   Section        0  ui.o(i.MenuTrig_Down)
    i.MenuTrig_OK                            0x080016b8   Section        0  ui.o(i.MenuTrig_OK)
    i.MenuTrig_Up                            0x08001930   Section        0  ui.o(i.MenuTrig_Up)
    i.Menu_0_1                               0x08001a1c   Section        0  ui.o(i.Menu_0_1)
    i.Menu_0_2                               0x08001a74   Section        0  ui.o(i.Menu_0_2)
    i.Menu_0_3                               0x08001aec   Section        0  ui.o(i.Menu_0_3)
    i.Menu_0_4                               0x08001b64   Section        0  ui.o(i.Menu_0_4)
    i.Menu_0_5                               0x08001bac   Section        0  ui.o(i.Menu_0_5)
    i.Menu_0_6                               0x08001bf4   Section        0  ui.o(i.Menu_0_6)
    i.Menu_1                                 0x08001c3c   Section        0  ui.o(i.Menu_1)
    i.Menu_2_x                               0x08001c7c   Section        0  ui.o(i.Menu_2_x)
    i.Menu_2_x_OK                            0x08001cf8   Section        0  ui.o(i.Menu_2_x_OK)
    i.Menu_4                                 0x08001e64   Section        0  ui.o(i.Menu_4)
    i.Menu_Infobar                           0x08001ea8   Section        0  ui.o(i.Menu_Infobar)
    i.Menu_Refresh                           0x08001ec8   Section        0  ui.o(i.Menu_Refresh)
    i.Menu_Title                             0x08001fa4   Section        0  ui.o(i.Menu_Title)
    i.NMI_Handler                            0x08001fcc   Section        0  stm32f4xx_it.o(i.NMI_Handler)
    i.NVIC_Init                              0x08001fd0   Section        0  misc.o(i.NVIC_Init)
    i.NVIC_PriorityGroupConfig               0x08002038   Section        0  misc.o(i.NVIC_PriorityGroupConfig)
    i.Number_Highlight_Show                  0x0800204c   Section        0  lcd.o(i.Number_Highlight_Show)
    i.PendSV_Handler                         0x080021b8   Section        0  stm32f4xx_it.o(i.PendSV_Handler)
    i.Program_control                        0x080021ba   Section        0  ui.o(i.Program_control)
    i.Pulse_StateTurn                        0x080021c4   Section        0  main.o(i.Pulse_StateTurn)
    i.RCC_AHB1PeriphClockCmd                 0x080021fc   Section        0  stm32f4xx_rcc.o(i.RCC_AHB1PeriphClockCmd)
    i.RCC_AHB3PeriphClockCmd                 0x08002218   Section        0  stm32f4xx_rcc.o(i.RCC_AHB3PeriphClockCmd)
    i.RCC_APB1PeriphClockCmd                 0x08002234   Section        0  stm32f4xx_rcc.o(i.RCC_APB1PeriphClockCmd)
    i.RCC_APB2PeriphClockCmd                 0x08002250   Section        0  stm32f4xx_rcc.o(i.RCC_APB2PeriphClockCmd)
    i.RCC_GetClocksFreq                      0x0800226c   Section        0  stm32f4xx_rcc.o(i.RCC_GetClocksFreq)
    i.RCC_MCO1Config                         0x08002310   Section        0  stm32f4xx_rcc.o(i.RCC_MCO1Config)
    i.RCC_MCO2Config                         0x08002324   Section        0  stm32f4xx_rcc.o(i.RCC_MCO2Config)
    i.RandomCode_Check                       0x08002338   Section        0  randomcode.o(i.RandomCode_Check)
    i.RandomSaveData_Check                   0x08002380   Section        0  randomcode.o(i.RandomSaveData_Check)
    i.Read_Memory                            0x08002434   Section        0  flash.o(i.Read_Memory)
    i.STMFLASH_Write                         0x0800244c   Section        0  flash.o(i.STMFLASH_Write)
    i.SVC_Handler                            0x080024c4   Section        0  stm32f4xx_it.o(i.SVC_Handler)
    i.Search_ch32x32                         0x080024c8   Section        0  lcd.o(i.Search_ch32x32)
    i.SetSysClock                            0x080024f8   Section        0  system_stm32f4xx.o(i.SetSysClock)
    SetSysClock                              0x080024f9   Thumb Code   168  system_stm32f4xx.o(i.SetSysClock)
    i.SysTick_CLKSourceConfig                0x080025b0   Section        0  misc.o(i.SysTick_CLKSourceConfig)
    i.SysTick_Handler                        0x080025cc   Section        0  stm32f4xx_it.o(i.SysTick_Handler)
    i.SystemInit                             0x080025d0   Section        0  system_stm32f4xx.o(i.SystemInit)
    i.TIM2_IRQHandler                        0x0800262c   Section        0  tim.o(i.TIM2_IRQHandler)
    i.TIM2_Int_Init                          0x08002668   Section        0  tim.o(i.TIM2_Int_Init)
    i.TIM_ClearITPendingBit                  0x080026c0   Section        0  stm32f4xx_tim.o(i.TIM_ClearITPendingBit)
    i.TIM_Cmd                                0x080026c6   Section        0  stm32f4xx_tim.o(i.TIM_Cmd)
    i.TIM_GetITStatus                        0x080026de   Section        0  stm32f4xx_tim.o(i.TIM_GetITStatus)
    i.TIM_ITConfig                           0x080026f6   Section        0  stm32f4xx_tim.o(i.TIM_ITConfig)
    i.TIM_TimeBaseInit                       0x0800270c   Section        0  stm32f4xx_tim.o(i.TIM_TimeBaseInit)
    i.TimingDelay_Decrement                  0x08002788   Section        0  main.o(i.TimingDelay_Decrement)
    i.UART_AnswerError                       0x0800279c   Section        0  usart.o(i.UART_AnswerError)
    i.UART_Answer_Energy                     0x080027d4   Section        0  usart.o(i.UART_Answer_Energy)
    i.UART_Answer_NoData                     0x08002818   Section        0  usart.o(i.UART_Answer_NoData)
    i.UART_Answer_RandomNumber               0x080028c8   Section        0  usart.o(i.UART_Answer_RandomNumber)
    i.UART_Inbuff                            0x08002914   Section        0  usart.o(i.UART_Inbuff)
    i.UART_RemoteCMD_Process                 0x08002940   Section        0  usart.o(i.UART_RemoteCMD_Process)
    i.UART_RemoteDecode                      0x08002e0c   Section        0  usart.o(i.UART_RemoteDecode)
    i.UART_RemoteEncode                      0x08002e7c   Section        0  usart.o(i.UART_RemoteEncode)
    i.UART_SEND                              0x08002ef4   Section        0  usart.o(i.UART_SEND)
    i.UART_SendInbuff                        0x08002f0c   Section        0  usart.o(i.UART_SendInbuff)
    i.UI_Init                                0x08002f24   Section        0  ui.o(i.UI_Init)
    i.UI_Level_0                             0x08002f44   Section        0  ui.o(i.UI_Level_0)
    i.UI_Level_1                             0x08002f7c   Section        0  ui.o(i.UI_Level_1)
    i.UI_Level_2                             0x08002fb0   Section        0  ui.o(i.UI_Level_2)
    i.UI_Level_3                             0x08002fec   Section        0  ui.o(i.UI_Level_3)
    i.UI_Level_4                             0x08003070   Section        0  ui.o(i.UI_Level_4)
    i.UI_Level_5                             0x080030ac   Section        0  ui.o(i.UI_Level_5)
    i.UI_Level_6                             0x08003138   Section        0  ui.o(i.UI_Level_6)
    i.USART1_Config                          0x080031bc   Section        0  usart.o(i.USART1_Config)
    i.USART1_IRQHandler                      0x0800329c   Section        0  usart.o(i.USART1_IRQHandler)
    i.USART3_Config                          0x080032f0   Section        0  usart.o(i.USART3_Config)
    i.USART3_IRQHandler                      0x080033b0   Section        0  usart.o(i.USART3_IRQHandler)
    i.USART_ClearFlag                        0x080033f4   Section        0  stm32f4xx_usart.o(i.USART_ClearFlag)
    i.USART_Cmd                              0x080033fc   Section        0  stm32f4xx_usart.o(i.USART_Cmd)
    i.USART_GetFlagStatus                    0x08003414   Section        0  stm32f4xx_usart.o(i.USART_GetFlagStatus)
    i.USART_GetITStatus                      0x08003422   Section        0  stm32f4xx_usart.o(i.USART_GetITStatus)
    i.USART_ITConfig                         0x08003462   Section        0  stm32f4xx_usart.o(i.USART_ITConfig)
    i.USART_Init                             0x08003498   Section        0  stm32f4xx_usart.o(i.USART_Init)
    i.USART_ReceiveData                      0x08003554   Section        0  stm32f4xx_usart.o(i.USART_ReceiveData)
    i.USART_SendData                         0x0800355c   Section        0  stm32f4xx_usart.o(i.USART_SendData)
    i.UsageFault_Handler                     0x08003564   Section        0  stm32f4xx_it.o(i.UsageFault_Handler)
    i.User_GPIO_Init                         0x08003568   Section        0  gpio.o(i.User_GPIO_Init)
    i.__0snprintf$1                          0x08003628   Section        0  printf1.o(i.__0snprintf$1)
    i.__scatterload_copy                     0x0800365c   Section       14  handlers.o(i.__scatterload_copy)
    i.__scatterload_null                     0x0800366a   Section        2  handlers.o(i.__scatterload_null)
    i.__scatterload_zeroinit                 0x0800366c   Section       14  handlers.o(i.__scatterload_zeroinit)
    i._printf_core                           0x0800367c   Section        0  printf1.o(i._printf_core)
    _printf_core                             0x0800367d   Thumb Code   336  printf1.o(i._printf_core)
    i._snputc                                0x080037d0   Section        0  printf1.o(i._snputc)
    _snputc                                  0x080037d1   Thumb Code    22  printf1.o(i._snputc)
    i.attenuation_number                     0x080037e6   Section        0  usart.o(i.attenuation_number)
    i.delay_init                             0x08003800   Section        0  delay.o(i.delay_init)
    i.delay_ms                               0x0800382c   Section        0  delay.o(i.delay_ms)
    i.delay_xms                              0x08003860   Section        0  delay.o(i.delay_xms)
    i.main                                   0x08003894   Section        0  main.o(i.main)
    .constdata                               0x08003abc   Section    18695  lcd.o(.constdata)
    .data                                    0x20000000   Section       12  main.o(.data)
    uwTimingDelay                            0x20000008   Data           4  main.o(.data)
    .data                                    0x2000000c   Section        4  main.o(.data)
    .data                                    0x20000010   Section        8  main.o(.data)
    .data                                    0x20000018   Section       24  usart.o(.data)
    RandomRxError                            0x20000018   Data           1  usart.o(.data)
    RandomIndex                              0x2000001c   Data           2  usart.o(.data)
    .data                                    0x20000030   Section        2  usart.o(.data)
    .data                                    0x20000032   Section        2  lcd.o(.data)
    .data                                    0x20000034   Section        4  delay.o(.data)
    fac_us                                   0x20000034   Data           1  delay.o(.data)
    fac_ms                                   0x20000036   Data           2  delay.o(.data)
    .data                                    0x20000038   Section       12  ui.o(.data)
    .data                                    0x20000044   Section        1  randomcode.o(.data)
    .data                                    0x20000046   Section        8  randomcode.o(.data)
    .data                                    0x20000050   Section        4  tim.o(.data)
    .data                                    0x20000054   Section       16  stm32f4xx_rcc.o(.data)
    APBAHBPrescTable                         0x20000054   Data          16  stm32f4xx_rcc.o(.data)
    .bss                                     0x20000064   Section       16  main.o(.bss)
    .bss                                     0x20000074   Section       35  usart.o(.bss)
    .bss                                     0x20000098   Section    10240  randomcode.o(.bss)
    STACK                                    0x20002898   Section     1024  startup_stm32f407xx.o(STACK)

    Global Symbols

    Symbol Name                              Value     Ov Type        Size  Object(Section)

    BuildAttributes$$THM_ISAv4$E$P$D$K$B$S$7EM$VFPi3$EXTD16$VFPS$VFMA$PE$A:L22UL41UL21$X:L11$S22US41US21$IEEE1$IW$USESV6$~STKCKD$USESV7$~SHL$OTIME$ROPI$EBA8$MICROLIB$REQ8$PRES8$EABIv2 0x00000000   Number         0  anon$$obj.o ABSOLUTE
    __ARM_use_no_argv                        0x00000000   Number         0  main.o ABSOLUTE
    _printf_a                                0x00000000   Number         0  stubs.o ABSOLUTE
    _printf_c                                0x00000000   Number         0  stubs.o ABSOLUTE
    _printf_charcount                        0x00000000   Number         0  stubs.o ABSOLUTE
    _printf_d                                0x00000000   Number         0  stubs.o ABSOLUTE
    _printf_e                                0x00000000   Number         0  stubs.o ABSOLUTE
    _printf_f                                0x00000000   Number         0  stubs.o ABSOLUTE
    _printf_flags                            0x00000000   Number         0  stubs.o ABSOLUTE
    _printf_fp_dec                           0x00000000   Number         0  stubs.o ABSOLUTE
    _printf_fp_hex                           0x00000000   Number         0  stubs.o ABSOLUTE
    _printf_g                                0x00000000   Number         0  stubs.o ABSOLUTE
    _printf_i                                0x00000000   Number         0  stubs.o ABSOLUTE
    _printf_int_dec                          0x00000000   Number         0  stubs.o ABSOLUTE
    _printf_l                                0x00000000   Number         0  stubs.o ABSOLUTE
    _printf_lc                               0x00000000   Number         0  stubs.o ABSOLUTE
    _printf_ll                               0x00000000   Number         0  stubs.o ABSOLUTE
    _printf_lld                              0x00000000   Number         0  stubs.o ABSOLUTE
    _printf_lli                              0x00000000   Number         0  stubs.o ABSOLUTE
    _printf_llo                              0x00000000   Number         0  stubs.o ABSOLUTE
    _printf_llu                              0x00000000   Number         0  stubs.o ABSOLUTE
    _printf_llx                              0x00000000   Number         0  stubs.o ABSOLUTE
    _printf_longlong_dec                     0x00000000   Number         0  stubs.o ABSOLUTE
    _printf_longlong_hex                     0x00000000   Number         0  stubs.o ABSOLUTE
    _printf_longlong_oct                     0x00000000   Number         0  stubs.o ABSOLUTE
    _printf_ls                               0x00000000   Number         0  stubs.o ABSOLUTE
    _printf_mbtowc                           0x00000000   Number         0  stubs.o ABSOLUTE
    _printf_n                                0x00000000   Number         0  stubs.o ABSOLUTE
    _printf_o                                0x00000000   Number         0  stubs.o ABSOLUTE
    _printf_p                                0x00000000   Number         0  stubs.o ABSOLUTE
    _printf_percent                          0x00000000   Number         0  stubs.o ABSOLUTE
    _printf_pre_padding                      0x00000000   Number         0  stubs.o ABSOLUTE
    _printf_return_value                     0x00000000   Number         0  stubs.o ABSOLUTE
    _printf_s                                0x00000000   Number         0  stubs.o ABSOLUTE
    _printf_sizespec                         0x00000000   Number         0  stubs.o ABSOLUTE
    _printf_str                              0x00000000   Number         0  stubs.o ABSOLUTE
    _printf_truncate_signed                  0x00000000   Number         0  stubs.o ABSOLUTE
    _printf_truncate_unsigned                0x00000000   Number         0  stubs.o ABSOLUTE
    _printf_u                                0x00000000   Number         0  stubs.o ABSOLUTE
    _printf_wc                               0x00000000   Number         0  stubs.o ABSOLUTE
    _printf_wctomb                           0x00000000   Number         0  stubs.o ABSOLUTE
    _printf_widthprec                        0x00000000   Number         0  stubs.o ABSOLUTE
    _printf_x                                0x00000000   Number         0  stubs.o ABSOLUTE
    __arm_fini_                               - Undefined Weak Reference
    __cpp_initialize__aeabi_                  - Undefined Weak Reference
    __cxa_finalize                            - Undefined Weak Reference
    __decompress                              - Undefined Weak Reference
    _clock_init                               - Undefined Weak Reference
    _microlib_exit                            - Undefined Weak Reference
    __Vectors_Size                           0x00000188   Number         0  startup_stm32f407xx.o ABSOLUTE
    __Vectors                                0x08000000   Data           4  startup_stm32f407xx.o(RESET)
    __Vectors_End                            0x08000188   Data           0  startup_stm32f407xx.o(RESET)
    __main                                   0x08000189   Thumb Code     0  entry.o(.ARM.Collect$$$$00000000)
    _main_stk                                0x08000189   Thumb Code     0  entry2.o(.ARM.Collect$$$$00000001)
    _main_scatterload                        0x0800018d   Thumb Code     0  entry5.o(.ARM.Collect$$$$00000004)
    __main_after_scatterload                 0x08000191   Thumb Code     0  entry5.o(.ARM.Collect$$$$00000004)
    _main_clock                              0x08000191   Thumb Code     0  entry7b.o(.ARM.Collect$$$$00000008)
    _main_cpp_init                           0x08000191   Thumb Code     0  entry8b.o(.ARM.Collect$$$$0000000A)
    _main_init                               0x08000191   Thumb Code     0  entry9a.o(.ARM.Collect$$$$0000000B)
    __rt_lib_shutdown_fini                   0x08000199   Thumb Code     0  entry12b.o(.ARM.Collect$$$$0000000E)
    __rt_final_cpp                           0x0800019d   Thumb Code     0  entry10a.o(.ARM.Collect$$$$0000000F)
    __rt_final_exit                          0x0800019d   Thumb Code     0  entry11a.o(.ARM.Collect$$$$00000011)
    Reset_Handler                            0x080001a1   Thumb Code     8  startup_stm32f407xx.o(.text)
    ADC_IRQHandler                           0x080001bb   Thumb Code     0  startup_stm32f407xx.o(.text)
    CAN1_RX0_IRQHandler                      0x080001bb   Thumb Code     0  startup_stm32f407xx.o(.text)
    CAN1_RX1_IRQHandler                      0x080001bb   Thumb Code     0  startup_stm32f407xx.o(.text)
    CAN1_SCE_IRQHandler                      0x080001bb   Thumb Code     0  startup_stm32f407xx.o(.text)
    CAN1_TX_IRQHandler                       0x080001bb   Thumb Code     0  startup_stm32f407xx.o(.text)
    CAN2_RX0_IRQHandler                      0x080001bb   Thumb Code     0  startup_stm32f407xx.o(.text)
    CAN2_RX1_IRQHandler                      0x080001bb   Thumb Code     0  startup_stm32f407xx.o(.text)
    CAN2_SCE_IRQHandler                      0x080001bb   Thumb Code     0  startup_stm32f407xx.o(.text)
    CAN2_TX_IRQHandler                       0x080001bb   Thumb Code     0  startup_stm32f407xx.o(.text)
    DCMI_IRQHandler                          0x080001bb   Thumb Code     0  startup_stm32f407xx.o(.text)
    DMA1_Stream0_IRQHandler                  0x080001bb   Thumb Code     0  startup_stm32f407xx.o(.text)
    DMA1_Stream1_IRQHandler                  0x080001bb   Thumb Code     0  startup_stm32f407xx.o(.text)
    DMA1_Stream2_IRQHandler                  0x080001bb   Thumb Code     0  startup_stm32f407xx.o(.text)
    DMA1_Stream3_IRQHandler                  0x080001bb   Thumb Code     0  startup_stm32f407xx.o(.text)
    DMA1_Stream4_IRQHandler                  0x080001bb   Thumb Code     0  startup_stm32f407xx.o(.text)
    DMA1_Stream5_IRQHandler                  0x080001bb   Thumb Code     0  startup_stm32f407xx.o(.text)
    DMA1_Stream6_IRQHandler                  0x080001bb   Thumb Code     0  startup_stm32f407xx.o(.text)
    DMA1_Stream7_IRQHandler                  0x080001bb   Thumb Code     0  startup_stm32f407xx.o(.text)
    DMA2_Stream0_IRQHandler                  0x080001bb   Thumb Code     0  startup_stm32f407xx.o(.text)
    DMA2_Stream1_IRQHandler                  0x080001bb   Thumb Code     0  startup_stm32f407xx.o(.text)
    DMA2_Stream2_IRQHandler                  0x080001bb   Thumb Code     0  startup_stm32f407xx.o(.text)
    DMA2_Stream3_IRQHandler                  0x080001bb   Thumb Code     0  startup_stm32f407xx.o(.text)
    DMA2_Stream4_IRQHandler                  0x080001bb   Thumb Code     0  startup_stm32f407xx.o(.text)
    DMA2_Stream5_IRQHandler                  0x080001bb   Thumb Code     0  startup_stm32f407xx.o(.text)
    DMA2_Stream6_IRQHandler                  0x080001bb   Thumb Code     0  startup_stm32f407xx.o(.text)
    DMA2_Stream7_IRQHandler                  0x080001bb   Thumb Code     0  startup_stm32f407xx.o(.text)
    ETH_IRQHandler                           0x080001bb   Thumb Code     0  startup_stm32f407xx.o(.text)
    ETH_WKUP_IRQHandler                      0x080001bb   Thumb Code     0  startup_stm32f407xx.o(.text)
    EXTI0_IRQHandler                         0x080001bb   Thumb Code     0  startup_stm32f407xx.o(.text)
    EXTI15_10_IRQHandler                     0x080001bb   Thumb Code     0  startup_stm32f407xx.o(.text)
    EXTI1_IRQHandler                         0x080001bb   Thumb Code     0  startup_stm32f407xx.o(.text)
    EXTI2_IRQHandler                         0x080001bb   Thumb Code     0  startup_stm32f407xx.o(.text)
    EXTI3_IRQHandler                         0x080001bb   Thumb Code     0  startup_stm32f407xx.o(.text)
    EXTI4_IRQHandler                         0x080001bb   Thumb Code     0  startup_stm32f407xx.o(.text)
    EXTI9_5_IRQHandler                       0x080001bb   Thumb Code     0  startup_stm32f407xx.o(.text)
    FLASH_IRQHandler                         0x080001bb   Thumb Code     0  startup_stm32f407xx.o(.text)
    FMC_IRQHandler                           0x080001bb   Thumb Code     0  startup_stm32f407xx.o(.text)
    FPU_IRQHandler                           0x080001bb   Thumb Code     0  startup_stm32f407xx.o(.text)
    HASH_RNG_IRQHandler                      0x080001bb   Thumb Code     0  startup_stm32f407xx.o(.text)
    I2C1_ER_IRQHandler                       0x080001bb   Thumb Code     0  startup_stm32f407xx.o(.text)
    I2C1_EV_IRQHandler                       0x080001bb   Thumb Code     0  startup_stm32f407xx.o(.text)
    I2C2_ER_IRQHandler                       0x080001bb   Thumb Code     0  startup_stm32f407xx.o(.text)
    I2C2_EV_IRQHandler                       0x080001bb   Thumb Code     0  startup_stm32f407xx.o(.text)
    I2C3_ER_IRQHandler                       0x080001bb   Thumb Code     0  startup_stm32f407xx.o(.text)
    I2C3_EV_IRQHandler                       0x080001bb   Thumb Code     0  startup_stm32f407xx.o(.text)
    OTG_FS_IRQHandler                        0x080001bb   Thumb Code     0  startup_stm32f407xx.o(.text)
    OTG_FS_WKUP_IRQHandler                   0x080001bb   Thumb Code     0  startup_stm32f407xx.o(.text)
    OTG_HS_EP1_IN_IRQHandler                 0x080001bb   Thumb Code     0  startup_stm32f407xx.o(.text)
    OTG_HS_EP1_OUT_IRQHandler                0x080001bb   Thumb Code     0  startup_stm32f407xx.o(.text)
    OTG_HS_IRQHandler                        0x080001bb   Thumb Code     0  startup_stm32f407xx.o(.text)
    OTG_HS_WKUP_IRQHandler                   0x080001bb   Thumb Code     0  startup_stm32f407xx.o(.text)
    PVD_IRQHandler                           0x080001bb   Thumb Code     0  startup_stm32f407xx.o(.text)
    RCC_IRQHandler                           0x080001bb   Thumb Code     0  startup_stm32f407xx.o(.text)
    RTC_Alarm_IRQHandler                     0x080001bb   Thumb Code     0  startup_stm32f407xx.o(.text)
    RTC_WKUP_IRQHandler                      0x080001bb   Thumb Code     0  startup_stm32f407xx.o(.text)
    SDIO_IRQHandler                          0x080001bb   Thumb Code     0  startup_stm32f407xx.o(.text)
    SPI1_IRQHandler                          0x080001bb   Thumb Code     0  startup_stm32f407xx.o(.text)
    SPI2_IRQHandler                          0x080001bb   Thumb Code     0  startup_stm32f407xx.o(.text)
    SPI3_IRQHandler                          0x080001bb   Thumb Code     0  startup_stm32f407xx.o(.text)
    TAMP_STAMP_IRQHandler                    0x080001bb   Thumb Code     0  startup_stm32f407xx.o(.text)
    TIM1_BRK_TIM9_IRQHandler                 0x080001bb   Thumb Code     0  startup_stm32f407xx.o(.text)
    TIM1_CC_IRQHandler                       0x080001bb   Thumb Code     0  startup_stm32f407xx.o(.text)
    TIM1_TRG_COM_TIM11_IRQHandler            0x080001bb   Thumb Code     0  startup_stm32f407xx.o(.text)
    TIM1_UP_TIM10_IRQHandler                 0x080001bb   Thumb Code     0  startup_stm32f407xx.o(.text)
    TIM3_IRQHandler                          0x080001bb   Thumb Code     0  startup_stm32f407xx.o(.text)
    TIM4_IRQHandler                          0x080001bb   Thumb Code     0  startup_stm32f407xx.o(.text)
    TIM5_IRQHandler                          0x080001bb   Thumb Code     0  startup_stm32f407xx.o(.text)
    TIM6_DAC_IRQHandler                      0x080001bb   Thumb Code     0  startup_stm32f407xx.o(.text)
    TIM7_IRQHandler                          0x080001bb   Thumb Code     0  startup_stm32f407xx.o(.text)
    TIM8_BRK_TIM12_IRQHandler                0x080001bb   Thumb Code     0  startup_stm32f407xx.o(.text)
    TIM8_CC_IRQHandler                       0x080001bb   Thumb Code     0  startup_stm32f407xx.o(.text)
    TIM8_TRG_COM_TIM14_IRQHandler            0x080001bb   Thumb Code     0  startup_stm32f407xx.o(.text)
    TIM8_UP_TIM13_IRQHandler                 0x080001bb   Thumb Code     0  startup_stm32f407xx.o(.text)
    UART4_IRQHandler                         0x080001bb   Thumb Code     0  startup_stm32f407xx.o(.text)
    UART5_IRQHandler                         0x080001bb   Thumb Code     0  startup_stm32f407xx.o(.text)
    USART2_IRQHandler                        0x080001bb   Thumb Code     0  startup_stm32f407xx.o(.text)
    USART6_IRQHandler                        0x080001bb   Thumb Code     0  startup_stm32f407xx.o(.text)
    WWDG_IRQHandler                          0x080001bb   Thumb Code     0  startup_stm32f407xx.o(.text)
    strlen                                   0x080001c5   Thumb Code    14  strlen.o(.text)
    __aeabi_dadd                             0x080001d3   Thumb Code   322  dadd.o(.text)
    __aeabi_dsub                             0x08000315   Thumb Code     6  dadd.o(.text)
    __aeabi_drsub                            0x0800031b   Thumb Code     6  dadd.o(.text)
    __aeabi_dmul                             0x08000321   Thumb Code   228  dmul.o(.text)
    __aeabi_ui2d                             0x08000405   Thumb Code    26  dfltui.o(.text)
    __aeabi_d2uiz                            0x0800041f   Thumb Code    50  dfixui.o(.text)
    __aeabi_uidiv                            0x08000451   Thumb Code     0  uidiv.o(.text)
    __aeabi_uidivmod                         0x08000451   Thumb Code    44  uidiv.o(.text)
    __aeabi_llsl                             0x0800047d   Thumb Code    30  llshl.o(.text)
    _ll_shift_l                              0x0800047d   Thumb Code     0  llshl.o(.text)
    __aeabi_llsr                             0x0800049b   Thumb Code    32  llushr.o(.text)
    _ll_ushift_r                             0x0800049b   Thumb Code     0  llushr.o(.text)
    __aeabi_lasr                             0x080004bb   Thumb Code    36  llsshr.o(.text)
    _ll_sshift_r                             0x080004bb   Thumb Code     0  llsshr.o(.text)
    __I$use$fp                               0x080004df   Thumb Code     0  iusefp.o(.text)
    _double_round                            0x080004df   Thumb Code    30  depilogue.o(.text)
    _double_epilogue                         0x080004fd   Thumb Code   156  depilogue.o(.text)
    __scatterload                            0x08000599   Thumb Code    28  init.o(.text)
    __scatterload_rt2                        0x08000599   Thumb Code     0  init.o(.text)
    BusFault_Handler                         0x080005bd   Thumb Code     2  stm32f4xx_it.o(i.BusFault_Handler)
    Cross_StateTurn                          0x080005c1   Thumb Code    32  main.o(i.Cross_StateTurn)
    CycleCode_Renew                          0x080005e5   Thumb Code   122  fsmc.o(i.CycleCode_Renew)
    DebugMon_Handler                         0x08000679   Thumb Code     2  stm32f4xx_it.o(i.DebugMon_Handler)
    FLASH_ClearFlag                          0x08000691   Thumb Code     6  stm32f4xx_flash.o(i.FLASH_ClearFlag)
    FLASH_DataCacheCmd                       0x0800069d   Thumb Code    26  stm32f4xx_flash.o(i.FLASH_DataCacheCmd)
    FLASH_EraseSector                        0x080006bd   Thumb Code   106  stm32f4xx_flash.o(i.FLASH_EraseSector)
    FLASH_GetStatus                          0x0800072d   Thumb Code    56  stm32f4xx_flash.o(i.FLASH_GetStatus)
    FLASH_Lock                               0x08000769   Thumb Code    12  stm32f4xx_flash.o(i.FLASH_Lock)
    FLASH_ProgramWord                        0x08000779   Thumb Code    56  stm32f4xx_flash.o(i.FLASH_ProgramWord)
    FLASH_Unlock                             0x080007b5   Thumb Code    22  stm32f4xx_flash.o(i.FLASH_Unlock)
    FLASH_WaitForLastOperation               0x080007d9   Thumb Code    34  stm32f4xx_flash.o(i.FLASH_WaitForLastOperation)
    FSMC_GPIO_Config                         0x080007fd   Thumb Code   580  fsmc.o(i.FSMC_GPIO_Config)
    FSMC_Init                                0x08000a4d   Thumb Code    86  fsmc.o(i.FSMC_Init)
    FSMC_NORSRAMCmd                          0x08000aa5   Thumb Code    30  stm32f4xx_fsmc.o(i.FSMC_NORSRAMCmd)
    FSMC_NORSRAMInit                         0x08000ac9   Thumb Code   222  stm32f4xx_fsmc.o(i.FSMC_NORSRAMInit)
    GPIO_Init                                0x08000bb1   Thumb Code   124  stm32f4xx_gpio.o(i.GPIO_Init)
    GPIO_PinAFConfig                         0x08000c2d   Thumb Code    32  stm32f4xx_gpio.o(i.GPIO_PinAFConfig)
    GPIO_ResetBits                           0x08000c4d   Thumb Code     4  stm32f4xx_gpio.o(i.GPIO_ResetBits)
    GPIO_SetBits                             0x08000c51   Thumb Code     4  stm32f4xx_gpio.o(i.GPIO_SetBits)
    GetSector                                0x08000c55   Thumb Code   146  flash.o(i.GetSector)
    HardFault_Handler                        0x08000d11   Thumb Code     2  stm32f4xx_it.o(i.HardFault_Handler)
    LCD_Address_Set                          0x08000d13   Thumb Code    58  lcd.o(i.LCD_Address_Set)
    LCD_Clear                                0x08000d4d   Thumb Code    54  lcd.o(i.LCD_Clear)
    LCD_DrawPoint                            0x08000d83   Thumb Code    22  lcd.o(i.LCD_DrawPoint)
    LCD_Init                                 0x08000d99   Thumb Code   558  lcd.o(i.LCD_Init)
    LCD_PortInit                             0x08000fcd   Thumb Code    70  lcd.o(i.LCD_PortInit)
    LCD_Print                                0x0800101d   Thumb Code   146  lcd.o(i.LCD_Print)
    LCD_ShowBigChar                          0x080010b1   Thumb Code   100  lcd.o(i.LCD_ShowBigChar)
    LCD_ShowBigString                        0x08001119   Thumb Code    66  lcd.o(i.LCD_ShowBigString)
    LCD_ShowChar                             0x0800115d   Thumb Code   166  lcd.o(i.LCD_ShowChar)
    LCD_ShowChinese                          0x0800120d   Thumb Code   108  lcd.o(i.LCD_ShowChinese)
    LCD_ShowString                           0x08001281   Thumb Code    76  lcd.o(i.LCD_ShowString)
    LCD_WR_DATA                              0x080012cd   Thumb Code    28  lcd.o(i.LCD_WR_DATA)
    LCD_WR_DATA8                             0x080012ed   Thumb Code    22  lcd.o(i.LCD_WR_DATA8)
    LCD_WR_REG                               0x08001309   Thumb Code    22  lcd.o(i.LCD_WR_REG)
    LCD_Writ_Bus                             0x08001325   Thumb Code    60  lcd.o(i.LCD_Writ_Bus)
    Laser_StateTurn                          0x08001365   Thumb Code   150  main.o(i.Laser_StateTurn)
    MemManage_Handler                        0x08001409   Thumb Code     2  stm32f4xx_it.o(i.MemManage_Handler)
    MenuTrig_Cancel                          0x0800140d   Thumb Code   370  ui.o(i.MenuTrig_Cancel)
    MenuTrig_Down                            0x080015b9   Thumb Code   242  ui.o(i.MenuTrig_Down)
    MenuTrig_OK                              0x080016b9   Thumb Code   554  ui.o(i.MenuTrig_OK)
    MenuTrig_Up                              0x08001931   Thumb Code   222  ui.o(i.MenuTrig_Up)
    Menu_0_1                                 0x08001a1d   Thumb Code    52  ui.o(i.Menu_0_1)
    Menu_0_2                                 0x08001a75   Thumb Code    78  ui.o(i.Menu_0_2)
    Menu_0_3                                 0x08001aed   Thumb Code    78  ui.o(i.Menu_0_3)
    Menu_0_4                                 0x08001b65   Thumb Code    52  ui.o(i.Menu_0_4)
    Menu_0_5                                 0x08001bad   Thumb Code    52  ui.o(i.Menu_0_5)
    Menu_0_6                                 0x08001bf5   Thumb Code    52  ui.o(i.Menu_0_6)
    Menu_1                                   0x08001c3d   Thumb Code    60  ui.o(i.Menu_1)
    Menu_2_x                                 0x08001c7d   Thumb Code   110  ui.o(i.Menu_2_x)
    Menu_2_x_OK                              0x08001cf9   Thumb Code   274  ui.o(i.Menu_2_x_OK)
    Menu_4                                   0x08001e65   Thumb Code    62  ui.o(i.Menu_4)
    Menu_Infobar                             0x08001ea9   Thumb Code    16  ui.o(i.Menu_Infobar)
    Menu_Refresh                             0x08001ec9   Thumb Code   216  ui.o(i.Menu_Refresh)
    Menu_Title                               0x08001fa5   Thumb Code    22  ui.o(i.Menu_Title)
    NMI_Handler                              0x08001fcd   Thumb Code     2  stm32f4xx_it.o(i.NMI_Handler)
    NVIC_Init                                0x08001fd1   Thumb Code    98  misc.o(i.NVIC_Init)
    NVIC_PriorityGroupConfig                 0x08002039   Thumb Code    10  misc.o(i.NVIC_PriorityGroupConfig)
    Number_Highlight_Show                    0x0800204d   Thumb Code   344  lcd.o(i.Number_Highlight_Show)
    PendSV_Handler                           0x080021b9   Thumb Code     2  stm32f4xx_it.o(i.PendSV_Handler)
    Program_control                          0x080021bb   Thumb Code     8  ui.o(i.Program_control)
    Pulse_StateTurn                          0x080021c5   Thumb Code    46  main.o(i.Pulse_StateTurn)
    RCC_AHB1PeriphClockCmd                   0x080021fd   Thumb Code    22  stm32f4xx_rcc.o(i.RCC_AHB1PeriphClockCmd)
    RCC_AHB3PeriphClockCmd                   0x08002219   Thumb Code    22  stm32f4xx_rcc.o(i.RCC_AHB3PeriphClockCmd)
    RCC_APB1PeriphClockCmd                   0x08002235   Thumb Code    22  stm32f4xx_rcc.o(i.RCC_APB1PeriphClockCmd)
    RCC_APB2PeriphClockCmd                   0x08002251   Thumb Code    22  stm32f4xx_rcc.o(i.RCC_APB2PeriphClockCmd)
    RCC_GetClocksFreq                        0x0800226d   Thumb Code   148  stm32f4xx_rcc.o(i.RCC_GetClocksFreq)
    RCC_MCO1Config                           0x08002311   Thumb Code    16  stm32f4xx_rcc.o(i.RCC_MCO1Config)
    RCC_MCO2Config                           0x08002325   Thumb Code    16  stm32f4xx_rcc.o(i.RCC_MCO2Config)
    RandomCode_Check                         0x08002339   Thumb Code    62  randomcode.o(i.RandomCode_Check)
    RandomSaveData_Check                     0x08002381   Thumb Code   166  randomcode.o(i.RandomSaveData_Check)
    Read_Memory                              0x08002435   Thumb Code    24  flash.o(i.Read_Memory)
    STMFLASH_Write                           0x0800244d   Thumb Code   114  flash.o(i.STMFLASH_Write)
    SVC_Handler                              0x080024c5   Thumb Code     2  stm32f4xx_it.o(i.SVC_Handler)
    Search_ch32x32                           0x080024c9   Thumb Code    44  lcd.o(i.Search_ch32x32)
    SysTick_CLKSourceConfig                  0x080025b1   Thumb Code    28  misc.o(i.SysTick_CLKSourceConfig)
    SysTick_Handler                          0x080025cd   Thumb Code     4  stm32f4xx_it.o(i.SysTick_Handler)
    SystemInit                               0x080025d1   Thumb Code    74  system_stm32f4xx.o(i.SystemInit)
    TIM2_IRQHandler                          0x0800262d   Thumb Code    56  tim.o(i.TIM2_IRQHandler)
    TIM2_Int_Init                            0x08002669   Thumb Code    88  tim.o(i.TIM2_Int_Init)
    TIM_ClearITPendingBit                    0x080026c1   Thumb Code     6  stm32f4xx_tim.o(i.TIM_ClearITPendingBit)
    TIM_Cmd                                  0x080026c7   Thumb Code    24  stm32f4xx_tim.o(i.TIM_Cmd)
    TIM_GetITStatus                          0x080026df   Thumb Code    24  stm32f4xx_tim.o(i.TIM_GetITStatus)
    TIM_ITConfig                             0x080026f7   Thumb Code    20  stm32f4xx_tim.o(i.TIM_ITConfig)
    TIM_TimeBaseInit                         0x0800270d   Thumb Code    96  stm32f4xx_tim.o(i.TIM_TimeBaseInit)
    TimingDelay_Decrement                    0x08002789   Thumb Code    16  main.o(i.TimingDelay_Decrement)
    UART_AnswerError                         0x0800279d   Thumb Code    50  usart.o(i.UART_AnswerError)
    UART_Answer_Energy                       0x080027d5   Thumb Code    62  usart.o(i.UART_Answer_Energy)
    UART_Answer_NoData                       0x08002819   Thumb Code   142  usart.o(i.UART_Answer_NoData)
    UART_Answer_RandomNumber                 0x080028c9   Thumb Code    68  usart.o(i.UART_Answer_RandomNumber)
    UART_Inbuff                              0x08002915   Thumb Code    38  usart.o(i.UART_Inbuff)
    UART_RemoteCMD_Process                   0x08002941   Thumb Code  1220  usart.o(i.UART_RemoteCMD_Process)
    UART_RemoteDecode                        0x08002e0d   Thumb Code   106  usart.o(i.UART_RemoteDecode)
    UART_RemoteEncode                        0x08002e7d   Thumb Code   120  usart.o(i.UART_RemoteEncode)
    UART_SEND                                0x08002ef5   Thumb Code    24  usart.o(i.UART_SEND)
    UART_SendInbuff                          0x08002f0d   Thumb Code    22  usart.o(i.UART_SendInbuff)
    UI_Init                                  0x08002f25   Thumb Code    26  ui.o(i.UI_Init)
    UI_Level_0                               0x08002f45   Thumb Code    56  ui.o(i.UI_Level_0)
    UI_Level_1                               0x08002f7d   Thumb Code    48  ui.o(i.UI_Level_1)
    UI_Level_2                               0x08002fb1   Thumb Code    58  ui.o(i.UI_Level_2)
    UI_Level_3                               0x08002fed   Thumb Code    88  ui.o(i.UI_Level_3)
    UI_Level_4                               0x08003071   Thumb Code    48  ui.o(i.UI_Level_4)
    UI_Level_5                               0x080030ad   Thumb Code    98  ui.o(i.UI_Level_5)
    UI_Level_6                               0x08003139   Thumb Code    80  ui.o(i.UI_Level_6)
    USART1_Config                            0x080031bd   Thumb Code   202  usart.o(i.USART1_Config)
    USART1_IRQHandler                        0x0800329d   Thumb Code    80  usart.o(i.USART1_IRQHandler)
    USART3_Config                            0x080032f1   Thumb Code   182  usart.o(i.USART3_Config)
    USART3_IRQHandler                        0x080033b1   Thumb Code    64  usart.o(i.USART3_IRQHandler)
    USART_ClearFlag                          0x080033f5   Thumb Code     8  stm32f4xx_usart.o(i.USART_ClearFlag)
    USART_Cmd                                0x080033fd   Thumb Code    24  stm32f4xx_usart.o(i.USART_Cmd)
    USART_GetFlagStatus                      0x08003415   Thumb Code    14  stm32f4xx_usart.o(i.USART_GetFlagStatus)
    USART_GetITStatus                        0x08003423   Thumb Code    64  stm32f4xx_usart.o(i.USART_GetITStatus)
    USART_ITConfig                           0x08003463   Thumb Code    54  stm32f4xx_usart.o(i.USART_ITConfig)
    USART_Init                               0x08003499   Thumb Code   180  stm32f4xx_usart.o(i.USART_Init)
    USART_ReceiveData                        0x08003555   Thumb Code     8  stm32f4xx_usart.o(i.USART_ReceiveData)
    USART_SendData                           0x0800355d   Thumb Code     8  stm32f4xx_usart.o(i.USART_SendData)
    UsageFault_Handler                       0x08003565   Thumb Code     2  stm32f4xx_it.o(i.UsageFault_Handler)
    User_GPIO_Init                           0x08003569   Thumb Code   176  gpio.o(i.User_GPIO_Init)
    __0snprintf$1                            0x08003629   Thumb Code    48  printf1.o(i.__0snprintf$1)
    __1snprintf$1                            0x08003629   Thumb Code     0  printf1.o(i.__0snprintf$1)
    __2snprintf                              0x08003629   Thumb Code     0  printf1.o(i.__0snprintf$1)
    __scatterload_copy                       0x0800365d   Thumb Code    14  handlers.o(i.__scatterload_copy)
    __scatterload_null                       0x0800366b   Thumb Code     2  handlers.o(i.__scatterload_null)
    __scatterload_zeroinit                   0x0800366d   Thumb Code    14  handlers.o(i.__scatterload_zeroinit)
    attenuation_number                       0x080037e7   Thumb Code    26  usart.o(i.attenuation_number)
    delay_init                               0x08003801   Thumb Code    38  delay.o(i.delay_init)
    delay_ms                                 0x0800382d   Thumb Code    52  delay.o(i.delay_ms)
    delay_xms                                0x08003861   Thumb Code    46  delay.o(i.delay_xms)
    main                                     0x08003895   Thumb Code   508  main.o(i.main)
    Font32x32_Index                          0x08003abc   Data         119  lcd.o(.constdata)
    Hzk32                                    0x08003b33   Data        7552  lcd.o(.constdata)
    asc2_1608                                0x080058b3   Data        1520  lcd.o(.constdata)
    Hzk16                                    0x08005ea3   Data         224  lcd.o(.constdata)
    Half_zk3216                              0x08005f83   Data        6080  lcd.o(.constdata)
    image                                    0x08007743   Data        3200  lcd.o(.constdata)
    Region$$Table$$Base                      0x080083c4   Number         0  anon$$obj.o(Region$$Table)
    Region$$Table$$Limit                     0x080083e4   Number         0  anon$$obj.o(Region$$Table)
    b_Ext_Sync                               0x20000000   Data           1  main.o(.data)
    b_Ext_Sync_old                           0x20000001   Data           1  main.o(.data)
    Random_Index                             0x20000002   Data           2  main.o(.data)
    LaserControl                             0x20000004   Data           2  main.o(.data)
    LaserTEMP                                0x2000000c   Data           4  main.o(.data)
    cn                                       0x20000010   Data           8  main.o(.data)
    PauseTime                                0x2000001a   Data           2  usart.o(.data)
    LaserState                               0x2000001e   Data           2  usart.o(.data)
    CycleCodeTime                            0x20000020   Data           4  usart.o(.data)
    Byte_TypeConversion                      0x20000028   Data           8  usart.o(.data)
    dB_Loss                                  0x20000030   Data           2  usart.o(.data)
    BACK_COLOR                               0x20000032   Data           2  lcd.o(.data)
    Temp_dB_Loss                             0x20000038   Data           2  ui.o(.data)
    Menu_Indexs                              0x2000003a   Data           3  ui.o(.data)
    Temp_CycleCodeTime                       0x20000040   Data           4  ui.o(.data)
    b_Random_EN                              0x20000044   Data           1  randomcode.o(.data)
    RandomNumber                             0x20000046   Data           2  randomcode.o(.data)
    RandomBaseFreq                           0x20000048   Data           2  randomcode.o(.data)
    RandomMinValue                           0x2000004a   Data           2  randomcode.o(.data)
    RandomMaxValue                           0x2000004c   Data           2  randomcode.o(.data)
    SYS_Count                                0x20000050   Data           4  tim.o(.data)
    RCC_Clocks                               0x20000064   Data          16  main.o(.bss)
    RemoteDataPacket                         0x20000074   Data          35  usart.o(.bss)
    u16_RandomData                           0x20000098   Data        2048  randomcode.o(.bss)
    u32_FlashBuff                            0x20000898   Data        8192  randomcode.o(.bss)
    __initial_sp                             0x20002c98   Data           0  startup_stm32f407xx.o(STACK)



==============================================================================

Memory Map of the image

  Image Entry point : 0x080001a1

  Load Region LR_1 (Base: 0x08000000, Size: 0x00008448, Max: 0xffffffff, ABSOLUTE)

    Execution Region ER_RO (Exec base: 0x08000000, Load base: 0x08000000, Size: 0x000083e4, Max: 0xffffffff, ABSOLUTE)

    Exec Addr    Load Addr    Size         Type   Attr      Idx    E Section Name        Object

    0x08000000   0x08000000   0x00000188   Data   RO         1057    RESET               startup_stm32f407xx.o
    0x08000188   0x08000188   0x00000000   Code   RO         3141  * .ARM.Collect$$$$00000000  mc_w.l(entry.o)
    0x08000188   0x08000188   0x00000004   Code   RO         3417    .ARM.Collect$$$$00000001  mc_w.l(entry2.o)
    0x0800018c   0x0800018c   0x00000004   Code   RO         3420    .ARM.Collect$$$$00000004  mc_w.l(entry5.o)
    0x08000190   0x08000190   0x00000000   Code   RO         3422    .ARM.Collect$$$$00000008  mc_w.l(entry7b.o)
    0x08000190   0x08000190   0x00000000   Code   RO         3424    .ARM.Collect$$$$0000000A  mc_w.l(entry8b.o)
    0x08000190   0x08000190   0x00000008   Code   RO         3425    .ARM.Collect$$$$0000000B  mc_w.l(entry9a.o)
    0x08000198   0x08000198   0x00000004   Code   RO         3432    .ARM.Collect$$$$0000000E  mc_w.l(entry12b.o)
    0x0800019c   0x0800019c   0x00000000   Code   RO         3427    .ARM.Collect$$$$0000000F  mc_w.l(entry10a.o)
    0x0800019c   0x0800019c   0x00000000   Code   RO         3429    .ARM.Collect$$$$00000011  mc_w.l(entry11a.o)
    0x0800019c   0x0800019c   0x00000004   Code   RO         3418    .ARM.Collect$$$$00002712  mc_w.l(entry2.o)
    0x080001a0   0x080001a0   0x00000024   Code   RO         1058  * .text               startup_stm32f407xx.o
    0x080001c4   0x080001c4   0x0000000e   Code   RO         3144    .text               mc_w.l(strlen.o)
    0x080001d2   0x080001d2   0x0000014e   Code   RO         3407    .text               mf_w.l(dadd.o)
    0x08000320   0x08000320   0x000000e4   Code   RO         3409    .text               mf_w.l(dmul.o)
    0x08000404   0x08000404   0x0000001a   Code   RO         3411    .text               mf_w.l(dfltui.o)
    0x0800041e   0x0800041e   0x00000032   Code   RO         3413    .text               mf_w.l(dfixui.o)
    0x08000450   0x08000450   0x0000002c   Code   RO         3436    .text               mc_w.l(uidiv.o)
    0x0800047c   0x0800047c   0x0000001e   Code   RO         3440    .text               mc_w.l(llshl.o)
    0x0800049a   0x0800049a   0x00000020   Code   RO         3442    .text               mc_w.l(llushr.o)
    0x080004ba   0x080004ba   0x00000024   Code   RO         3444    .text               mc_w.l(llsshr.o)
    0x080004de   0x080004de   0x00000000   Code   RO         3446    .text               mc_w.l(iusefp.o)
    0x080004de   0x080004de   0x000000ba   Code   RO         3449    .text               mf_w.l(depilogue.o)
    0x08000598   0x08000598   0x00000024   Code   RO         3457    .text               mc_w.l(init.o)
    0x080005bc   0x080005bc   0x00000002   Code   RO          234    i.BusFault_Handler  stm32f4xx_it.o
    0x080005be   0x080005be   0x00000002   PAD
    0x080005c0   0x080005c0   0x00000024   Code   RO            4    i.Cross_StateTurn   main.o
    0x080005e4   0x080005e4   0x00000094   Code   RO          952    i.CycleCode_Renew   fsmc.o
    0x08000678   0x08000678   0x00000002   Code   RO          235    i.DebugMon_Handler  stm32f4xx_it.o
    0x0800067a   0x0800067a   0x00000002   PAD
    0x0800067c   0x0800067c   0x00000014   Code   RO            5    i.Delay             main.o
    0x08000690   0x08000690   0x0000000c   Code   RO         2317    i.FLASH_ClearFlag   stm32f4xx_flash.o
    0x0800069c   0x0800069c   0x00000020   Code   RO         2318    i.FLASH_DataCacheCmd  stm32f4xx_flash.o
    0x080006bc   0x080006bc   0x00000070   Code   RO         2323    i.FLASH_EraseSector  stm32f4xx_flash.o
    0x0800072c   0x0800072c   0x0000003c   Code   RO         2325    i.FLASH_GetStatus   stm32f4xx_flash.o
    0x08000768   0x08000768   0x00000010   Code   RO         2329    i.FLASH_Lock        stm32f4xx_flash.o
    0x08000778   0x08000778   0x0000003c   Code   RO         2353    i.FLASH_ProgramWord  stm32f4xx_flash.o
    0x080007b4   0x080007b4   0x00000024   Code   RO         2355    i.FLASH_Unlock      stm32f4xx_flash.o
    0x080007d8   0x080007d8   0x00000022   Code   RO         2356    i.FLASH_WaitForLastOperation  stm32f4xx_flash.o
    0x080007fa   0x080007fa   0x00000002   PAD
    0x080007fc   0x080007fc   0x00000250   Code   RO          953    i.FSMC_GPIO_Config  fsmc.o
    0x08000a4c   0x08000a4c   0x00000056   Code   RO          954    i.FSMC_Init         fsmc.o
    0x08000aa2   0x08000aa2   0x00000002   PAD
    0x08000aa4   0x08000aa4   0x00000024   Code   RO         1117    i.FSMC_NORSRAMCmd   stm32f4xx_fsmc.o
    0x08000ac8   0x08000ac8   0x000000e8   Code   RO         1119    i.FSMC_NORSRAMInit  stm32f4xx_fsmc.o
    0x08000bb0   0x08000bb0   0x0000007c   Code   RO         1580    i.GPIO_Init         stm32f4xx_gpio.o
    0x08000c2c   0x08000c2c   0x00000020   Code   RO         1581    i.GPIO_PinAFConfig  stm32f4xx_gpio.o
    0x08000c4c   0x08000c4c   0x00000004   Code   RO         1587    i.GPIO_ResetBits    stm32f4xx_gpio.o
    0x08000c50   0x08000c50   0x00000004   Code   RO         1588    i.GPIO_SetBits      stm32f4xx_gpio.o
    0x08000c54   0x08000c54   0x000000bc   Code   RO          910    i.GetSector         flash.o
    0x08000d10   0x08000d10   0x00000002   Code   RO          236    i.HardFault_Handler  stm32f4xx_it.o
    0x08000d12   0x08000d12   0x0000003a   Code   RO          488    i.LCD_Address_Set   lcd.o
    0x08000d4c   0x08000d4c   0x00000036   Code   RO          489    i.LCD_Clear         lcd.o
    0x08000d82   0x08000d82   0x00000016   Code   RO          491    i.LCD_DrawPoint     lcd.o
    0x08000d98   0x08000d98   0x00000234   Code   RO          495    i.LCD_Init          lcd.o
    0x08000fcc   0x08000fcc   0x00000050   Code   RO          496    i.LCD_PortInit      lcd.o
    0x0800101c   0x0800101c   0x00000092   Code   RO          497    i.LCD_Print         lcd.o
    0x080010ae   0x080010ae   0x00000002   PAD
    0x080010b0   0x080010b0   0x00000068   Code   RO          498    i.LCD_ShowBigChar   lcd.o
    0x08001118   0x08001118   0x00000042   Code   RO          499    i.LCD_ShowBigString  lcd.o
    0x0800115a   0x0800115a   0x00000002   PAD
    0x0800115c   0x0800115c   0x000000b0   Code   RO          500    i.LCD_ShowChar      lcd.o
    0x0800120c   0x0800120c   0x00000074   Code   RO          501    i.LCD_ShowChinese   lcd.o
    0x08001280   0x08001280   0x0000004c   Code   RO          505    i.LCD_ShowString    lcd.o
    0x080012cc   0x080012cc   0x00000020   Code   RO          506    i.LCD_WR_DATA       lcd.o
    0x080012ec   0x080012ec   0x0000001c   Code   RO          507    i.LCD_WR_DATA8      lcd.o
    0x08001308   0x08001308   0x0000001c   Code   RO          508    i.LCD_WR_REG        lcd.o
    0x08001324   0x08001324   0x00000040   Code   RO          509    i.LCD_Writ_Bus      lcd.o
    0x08001364   0x08001364   0x000000a4   Code   RO            6    i.Laser_StateTurn   main.o
    0x08001408   0x08001408   0x00000002   Code   RO          237    i.MemManage_Handler  stm32f4xx_it.o
    0x0800140a   0x0800140a   0x00000002   PAD
    0x0800140c   0x0800140c   0x000001ac   Code   RO          727    i.MenuTrig_Cancel   ui.o
    0x080015b8   0x080015b8   0x00000100   Code   RO          728    i.MenuTrig_Down     ui.o
    0x080016b8   0x080016b8   0x00000278   Code   RO          729    i.MenuTrig_OK       ui.o
    0x08001930   0x08001930   0x000000ec   Code   RO          730    i.MenuTrig_Up       ui.o
    0x08001a1c   0x08001a1c   0x00000058   Code   RO          731    i.Menu_0_1          ui.o
    0x08001a74   0x08001a74   0x00000078   Code   RO          732    i.Menu_0_2          ui.o
    0x08001aec   0x08001aec   0x00000078   Code   RO          733    i.Menu_0_3          ui.o
    0x08001b64   0x08001b64   0x00000048   Code   RO          734    i.Menu_0_4          ui.o
    0x08001bac   0x08001bac   0x00000048   Code   RO          735    i.Menu_0_5          ui.o
    0x08001bf4   0x08001bf4   0x00000048   Code   RO          736    i.Menu_0_6          ui.o
    0x08001c3c   0x08001c3c   0x00000040   Code   RO          737    i.Menu_1            ui.o
    0x08001c7c   0x08001c7c   0x0000007c   Code   RO          738    i.Menu_2_x          ui.o
    0x08001cf8   0x08001cf8   0x0000016c   Code   RO          739    i.Menu_2_x_OK       ui.o
    0x08001e64   0x08001e64   0x00000044   Code   RO          740    i.Menu_4            ui.o
    0x08001ea8   0x08001ea8   0x00000020   Code   RO          741    i.Menu_Infobar      ui.o
    0x08001ec8   0x08001ec8   0x000000dc   Code   RO          742    i.Menu_Refresh      ui.o
    0x08001fa4   0x08001fa4   0x00000028   Code   RO          743    i.Menu_Title        ui.o
    0x08001fcc   0x08001fcc   0x00000002   Code   RO          238    i.NMI_Handler       stm32f4xx_it.o
    0x08001fce   0x08001fce   0x00000002   PAD
    0x08001fd0   0x08001fd0   0x00000068   Code   RO         2269    i.NVIC_Init         misc.o
    0x08002038   0x08002038   0x00000014   Code   RO         2270    i.NVIC_PriorityGroupConfig  misc.o
    0x0800204c   0x0800204c   0x0000016c   Code   RO          511    i.Number_Highlight_Show  lcd.o
    0x080021b8   0x080021b8   0x00000002   Code   RO          239    i.PendSV_Handler    stm32f4xx_it.o
    0x080021ba   0x080021ba   0x00000008   Code   RO          744    i.Program_control   ui.o
    0x080021c2   0x080021c2   0x00000002   PAD
    0x080021c4   0x080021c4   0x00000038   Code   RO            7    i.Pulse_StateTurn   main.o
    0x080021fc   0x080021fc   0x0000001c   Code   RO         1241    i.RCC_AHB1PeriphClockCmd  stm32f4xx_rcc.o
    0x08002218   0x08002218   0x0000001c   Code   RO         1247    i.RCC_AHB3PeriphClockCmd  stm32f4xx_rcc.o
    0x08002234   0x08002234   0x0000001c   Code   RO         1250    i.RCC_APB1PeriphClockCmd  stm32f4xx_rcc.o
    0x08002250   0x08002250   0x0000001c   Code   RO         1253    i.RCC_APB2PeriphClockCmd  stm32f4xx_rcc.o
    0x0800226c   0x0800226c   0x000000a4   Code   RO         1262    i.RCC_GetClocksFreq  stm32f4xx_rcc.o
    0x08002310   0x08002310   0x00000014   Code   RO         1275    i.RCC_MCO1Config    stm32f4xx_rcc.o
    0x08002324   0x08002324   0x00000014   Code   RO         1276    i.RCC_MCO2Config    stm32f4xx_rcc.o
    0x08002338   0x08002338   0x00000048   Code   RO          988    i.RandomCode_Check  randomcode.o
    0x08002380   0x08002380   0x000000b4   Code   RO          989    i.RandomSaveData_Check  randomcode.o
    0x08002434   0x08002434   0x00000018   Code   RO          911    i.Read_Memory       flash.o
    0x0800244c   0x0800244c   0x00000078   Code   RO          913    i.STMFLASH_Write    flash.o
    0x080024c4   0x080024c4   0x00000002   Code   RO          240    i.SVC_Handler       stm32f4xx_it.o
    0x080024c6   0x080024c6   0x00000002   PAD
    0x080024c8   0x080024c8   0x00000030   Code   RO          512    i.Search_ch32x32    lcd.o
    0x080024f8   0x080024f8   0x000000b8   Code   RO         1065    i.SetSysClock       system_stm32f4xx.o
    0x080025b0   0x080025b0   0x0000001c   Code   RO         2273    i.SysTick_CLKSourceConfig  misc.o
    0x080025cc   0x080025cc   0x00000004   Code   RO          241    i.SysTick_Handler   stm32f4xx_it.o
    0x080025d0   0x080025d0   0x0000005c   Code   RO         1067    i.SystemInit        system_stm32f4xx.o
    0x0800262c   0x0800262c   0x0000003c   Code   RO         1024    i.TIM2_IRQHandler   tim.o
    0x08002668   0x08002668   0x00000058   Code   RO         1025    i.TIM2_Int_Init     tim.o
    0x080026c0   0x080026c0   0x00000006   Code   RO         2589    i.TIM_ClearITPendingBit  stm32f4xx_tim.o
    0x080026c6   0x080026c6   0x00000018   Code   RO         2594    i.TIM_Cmd           stm32f4xx_tim.o
    0x080026de   0x080026de   0x00000018   Code   RO         2615    i.TIM_GetITStatus   stm32f4xx_tim.o
    0x080026f6   0x080026f6   0x00000014   Code   RO         2619    i.TIM_ITConfig      stm32f4xx_tim.o
    0x0800270a   0x0800270a   0x00000002   PAD
    0x0800270c   0x0800270c   0x0000007c   Code   RO         2666    i.TIM_TimeBaseInit  stm32f4xx_tim.o
    0x08002788   0x08002788   0x00000014   Code   RO            8    i.TimingDelay_Decrement  main.o
    0x0800279c   0x0800279c   0x00000038   Code   RO          364    i.UART_AnswerError  usart.o
    0x080027d4   0x080027d4   0x00000044   Code   RO          365    i.UART_Answer_Energy  usart.o
    0x08002818   0x08002818   0x000000b0   Code   RO          366    i.UART_Answer_NoData  usart.o
    0x080028c8   0x080028c8   0x0000004c   Code   RO          368    i.UART_Answer_RandomNumber  usart.o
    0x08002914   0x08002914   0x0000002c   Code   RO          369    i.UART_Inbuff       usart.o
    0x08002940   0x08002940   0x000004cc   Code   RO          370    i.UART_RemoteCMD_Process  usart.o
    0x08002e0c   0x08002e0c   0x00000070   Code   RO          371    i.UART_RemoteDecode  usart.o
    0x08002e7c   0x08002e7c   0x00000078   Code   RO          372    i.UART_RemoteEncode  usart.o
    0x08002ef4   0x08002ef4   0x00000018   Code   RO          373    i.UART_SEND         usart.o
    0x08002f0c   0x08002f0c   0x00000016   Code   RO          374    i.UART_SendInbuff   usart.o
    0x08002f22   0x08002f22   0x00000002   PAD
    0x08002f24   0x08002f24   0x00000020   Code   RO          745    i.UI_Init           ui.o
    0x08002f44   0x08002f44   0x00000038   Code   RO          746    i.UI_Level_0        ui.o
    0x08002f7c   0x08002f7c   0x00000034   Code   RO          747    i.UI_Level_1        ui.o
    0x08002fb0   0x08002fb0   0x0000003a   Code   RO          748    i.UI_Level_2        ui.o
    0x08002fea   0x08002fea   0x00000002   PAD
    0x08002fec   0x08002fec   0x00000084   Code   RO          749    i.UI_Level_3        ui.o
    0x08003070   0x08003070   0x0000003c   Code   RO          750    i.UI_Level_4        ui.o
    0x080030ac   0x080030ac   0x0000008c   Code   RO          751    i.UI_Level_5        ui.o
    0x08003138   0x08003138   0x00000084   Code   RO          752    i.UI_Level_6        ui.o
    0x080031bc   0x080031bc   0x000000e0   Code   RO          375    i.USART1_Config     usart.o
    0x0800329c   0x0800329c   0x00000054   Code   RO          376    i.USART1_IRQHandler  usart.o
    0x080032f0   0x080032f0   0x000000c0   Code   RO          377    i.USART3_Config     usart.o
    0x080033b0   0x080033b0   0x00000044   Code   RO          378    i.USART3_IRQHandler  usart.o
    0x080033f4   0x080033f4   0x00000008   Code   RO         1681    i.USART_ClearFlag   stm32f4xx_usart.o
    0x080033fc   0x080033fc   0x00000018   Code   RO         1685    i.USART_Cmd         stm32f4xx_usart.o
    0x08003414   0x08003414   0x0000000e   Code   RO         1688    i.USART_GetFlagStatus  stm32f4xx_usart.o
    0x08003422   0x08003422   0x00000040   Code   RO         1689    i.USART_GetITStatus  stm32f4xx_usart.o
    0x08003462   0x08003462   0x00000036   Code   RO         1691    i.USART_ITConfig    stm32f4xx_usart.o
    0x08003498   0x08003498   0x000000bc   Code   RO         1692    i.USART_Init        stm32f4xx_usart.o
    0x08003554   0x08003554   0x00000008   Code   RO         1699    i.USART_ReceiveData  stm32f4xx_usart.o
    0x0800355c   0x0800355c   0x00000008   Code   RO         1702    i.USART_SendData    stm32f4xx_usart.o
    0x08003564   0x08003564   0x00000002   Code   RO          242    i.UsageFault_Handler  stm32f4xx_it.o
    0x08003566   0x08003566   0x00000002   PAD
    0x08003568   0x08003568   0x000000c0   Code   RO          206    i.User_GPIO_Init    gpio.o
    0x08003628   0x08003628   0x00000034   Code   RO         3192    i.__0snprintf$1     mc_w.l(printf1.o)
    0x0800365c   0x0800365c   0x0000000e   Code   RO         3463    i.__scatterload_copy  mc_w.l(handlers.o)
    0x0800366a   0x0800366a   0x00000002   Code   RO         3464    i.__scatterload_null  mc_w.l(handlers.o)
    0x0800366c   0x0800366c   0x0000000e   Code   RO         3465    i.__scatterload_zeroinit  mc_w.l(handlers.o)
    0x0800367a   0x0800367a   0x00000002   PAD
    0x0800367c   0x0800367c   0x00000154   Code   RO         3198    i._printf_core      mc_w.l(printf1.o)
    0x080037d0   0x080037d0   0x00000016   Code   RO         3199    i._snputc           mc_w.l(printf1.o)
    0x080037e6   0x080037e6   0x0000001a   Code   RO          379    i.attenuation_number  usart.o
    0x08003800   0x08003800   0x0000002c   Code   RO          683    i.delay_init        delay.o
    0x0800382c   0x0800382c   0x00000034   Code   RO          684    i.delay_ms          delay.o
    0x08003860   0x08003860   0x00000034   Code   RO          686    i.delay_xms         delay.o
    0x08003894   0x08003894   0x00000228   Code   RO            9    i.main              main.o
    0x08003abc   0x08003abc   0x00004907   Data   RO          514    .constdata          lcd.o
    0x080083c3   0x080083c3   0x00000001   PAD
    0x080083c4   0x080083c4   0x00000020   Data   RO         3461    Region$$Table       anon$$obj.o


    Execution Region ER_RW (Exec base: 0x20000000, Load base: 0x080083e4, Size: 0x00000064, Max: 0xffffffff, ABSOLUTE)

    Exec Addr    Load Addr    Size         Type   Attr      Idx    E Section Name        Object

    0x20000000   0x080083e4   0x0000000c   Data   RW           11    .data               main.o
    0x2000000c   0x080083f0   0x00000004   Data   RW           13    .data               main.o
    0x20000010   0x080083f4   0x00000008   Data   RW           14    .data               main.o
    0x20000018   0x080083fc   0x00000018   Data   RW          381    .data               usart.o
    0x20000030   0x08008414   0x00000002   Data   RW          382    .data               usart.o
    0x20000032   0x08008416   0x00000002   Data   RW          515    .data               lcd.o
    0x20000034   0x08008418   0x00000004   Data   RW          687    .data               delay.o
    0x20000038   0x0800841c   0x0000000c   Data   RW          754    .data               ui.o
    0x20000044   0x08008428   0x00000001   Data   RW          991    .data               randomcode.o
    0x20000045   0x08008429   0x00000001   PAD
    0x20000046   0x0800842a   0x00000008   Data   RW          992    .data               randomcode.o
    0x2000004e   0x08008432   0x00000002   PAD
    0x20000050   0x08008434   0x00000004   Data   RW         1026    .data               tim.o
    0x20000054   0x08008438   0x00000010   Data   RW         1294    .data               stm32f4xx_rcc.o


    Execution Region ER_ZI (Exec base: 0x20000064, Load base: 0x08008448, Size: 0x00002c34, Max: 0xffffffff, ABSOLUTE)

    Exec Addr    Load Addr    Size         Type   Attr      Idx    E Section Name        Object

    0x20000064        -       0x00000010   Zero   RW           10    .bss                main.o
    0x20000074        -       0x00000023   Zero   RW          380    .bss                usart.o
    0x20000097   0x08008448   0x00000001   PAD
    0x20000098        -       0x00002800   Zero   RW          990    .bss                randomcode.o
    0x20002898        -       0x00000400   Zero   RW         1055    STACK               startup_stm32f407xx.o


==============================================================================

Image component sizes


      Code (inc. data)   RO Data    RW Data    ZI Data      Debug   Object Name

       148         12          0          4          0       2052   delay.o
       332         48          0          0          0       2847   flash.o
       826         38          0          0          0       2189   fsmc.o
       192         16          0          0          0        657   gpio.o
      2026         88      18695          2          0      14959   lcd.o
       848         80          0         24         16     341885   main.o
       152         16          0          0          0       2261   misc.o
       252         24          0          9      10240       2890   randomcode.o
        36          8        392          0       1024        860   startup_stm32f407xx.o
       362         44          0          0          0      14514   stm32f4xx_flash.o
       268         16          0          0          0       2165   stm32f4xx_fsmc.o
       164          0          0          0          0       3023   stm32f4xx_gpio.o
        20          0          0          0          0       5199   stm32f4xx_it.o
       316         48          0         16          0       6990   stm32f4xx_rcc.o
       198         28          0          0          0       4002   stm32f4xx_tim.o
       368          8          0          0          0       6619   stm32f4xx_usart.o
       276         34          0          0          0       1637   system_stm32f4xx.o
       148          4          0          4          0       1506   tim.o
      3678        724          0         12          0      19553   ui.o
      2520        170          0         26         35      13279   usart.o

    ----------------------------------------------------------------------
     13158       1406      19120        100      11316     449087   Object Totals
         0          0         32          0          0          0   (incl. Generated)
        28          0          1          3          1          0   (incl. Padding)

    ----------------------------------------------------------------------

      Code (inc. data)   RO Data    RW Data    ZI Data      Debug   Library Member Name

         0          0          0          0          0          0   entry.o
         0          0          0          0          0          0   entry10a.o
         0          0          0          0          0          0   entry11a.o
         4          0          0          0          0          0   entry12b.o
         8          4          0          0          0          0   entry2.o
         4          0          0          0          0          0   entry5.o
         0          0          0          0          0          0   entry7b.o
         0          0          0          0          0          0   entry8b.o
         8          4          0          0          0          0   entry9a.o
        30          0          0          0          0          0   handlers.o
        36          8          0          0          0         68   init.o
         0          0          0          0          0          0   iusefp.o
        30          0          0          0          0         68   llshl.o
        36          0          0          0          0         68   llsshr.o
        32          0          0          0          0         68   llushr.o
       414          8          0          0          0        256   printf1.o
        14          0          0          0          0         68   strlen.o
        44          0          0          0          0         80   uidiv.o
       334          0          0          0          0        148   dadd.o
       186          0          0          0          0        176   depilogue.o
        50          0          0          0          0         76   dfixui.o
        26          0          0          0          0         76   dfltui.o
       228          0          0          0          0         96   dmul.o

    ----------------------------------------------------------------------
      1486         24          0          0          0       1248   Library Totals
         2          0          0          0          0          0   (incl. Padding)

    ----------------------------------------------------------------------

      Code (inc. data)   RO Data    RW Data    ZI Data      Debug   Library Name

       660         24          0          0          0        676   mc_w.l
       824          0          0          0          0        572   mf_w.l

    ----------------------------------------------------------------------
      1486         24          0          0          0       1248   Library Totals

    ----------------------------------------------------------------------

==============================================================================


      Code (inc. data)   RO Data    RW Data    ZI Data      Debug   

     14644       1430      19120        100      11316     437967   Grand Totals
     14644       1430      19120        100      11316     437967   ELF Image Totals
     14644       1430      19120        100          0          0   ROM Totals

==============================================================================

    Total RO  Size (Code + RO Data)                33764 (  32.97kB)
    Total RW  Size (RW Data + ZI Data)             11416 (  11.15kB)
    Total ROM Size (Code + RO Data + RW Data)      33864 (  33.07kB)

==============================================================================

