Component: ARM Compiler 5.06 update 7 (build 960) Tool: armlink [4d3601]

==============================================================================

Section Cross References

    main.o(i.Cross_StateTurn) refers to bsp.o(.data) for LaserControl
    main.o(i.Delay) refers to main.o(.data) for uwTimingDelay
    main.o(i.Laser_StateTurn) refers to bsp_uart_dma.o(i.DMA_Tx) for DMA_Tx
    main.o(i.Laser_StateTurn) refers to fsmc.o(i.CycleCode_Renew) for CycleCode_Renew
    main.o(i.Laser_StateTurn) refers to bsp.o(.data) for LaserControl
    main.o(i.Laser_StateTurn) refers to bsp_uart_dma.o(.bss) for Uart_Tx_Buffer3
    main.o(i.Laser_StateTurn) refers to main.o(.data) for CycleCodeTime
    main.o(i.Pulse_StateTurn) refers to bsp.o(.data) for LaserControl
    main.o(i.TimingDelay_Decrement) refers to main.o(.data) for uwTimingDelay
    main.o(i.main) refers to misc.o(i.NVIC_PriorityGroupConfig) for NVIC_PriorityGroupConfig
    main.o(i.main) refers to system_stm32f4xx.o(i.SystemInit) for SystemInit
    main.o(i.main) refers to stm32f4xx_rcc.o(i.RCC_GetClocksFreq) for RCC_GetClocksFreq
    main.o(i.main) refers to main.o(i.Delay) for Delay
    main.o(i.main) refers to tim.o(i.TIM2_Int_Init) for TIM2_Int_Init
    main.o(i.main) refers to tim.o(i.TIM3_Int_Init) for TIM3_Int_Init
    main.o(i.main) refers to fsmc.o(i.FSMC_Init) for FSMC_Init
    main.o(i.main) refers to gpio.o(i.User_GPIO_Init) for User_GPIO_Init
    main.o(i.main) refers to delay.o(i.delay_init) for delay_init
    main.o(i.main) refers to lcd.o(i.LCD_Init) for LCD_Init
    main.o(i.main) refers to flash.o(i.Read_Memory) for Read_Memory
    main.o(i.main) refers to bsp_ui_showp_foundation.o(i.UI_Init) for UI_Init
    main.o(i.main) refers to soft_i2c.o(i.bsp_InitI2C) for bsp_InitI2C
    main.o(i.main) refers to ring_buffer.o(i.RB_Init) for RB_Init
    main.o(i.main) refers to bsp_uart_dma.o(i.Uart_Init) for Uart_Init
    main.o(i.main) refers to bsp_key.o(i.MenuTrig_Down) for MenuTrig_Down
    main.o(i.main) refers to bsp_key.o(i.MenuTrig_Up) for MenuTrig_Up
    main.o(i.main) refers to bsp_key_oc.o(i.MenuTrig_OK) for MenuTrig_OK
    main.o(i.main) refers to bsp_key_oc.o(i.MenuTrig_Cancel) for MenuTrig_Cancel
    main.o(i.main) refers to main.o(i.Cross_StateTurn) for Cross_StateTurn
    main.o(i.main) refers to main.o(i.Laser_StateTurn) for Laser_StateTurn
    main.o(i.main) refers to fsmc.o(i.CycleCode_Renew) for CycleCode_Renew
    main.o(i.main) refers to stm32f4xx_gpio.o(i.GPIO_ResetBits) for GPIO_ResetBits
    main.o(i.main) refers to stm32f4xx_gpio.o(i.GPIO_SetBits) for GPIO_SetBits
    main.o(i.main) refers to ring_buffer.o(i.RB_Get_Length) for RB_Get_Length
    main.o(i.main) refers to ring_buffer.o(i.RB_Read_Byte) for RB_Read_Byte
    main.o(i.main) refers to bsp_uart.o(i.UART_RemoteDecode) for UART_RemoteDecode
    main.o(i.main) refers to soft_i2c_lm75b.o(i.LM75BTempRead) for LM75BTempRead
    main.o(i.main) refers to dadd.o(.text) for __aeabi_dadd
    main.o(i.main) refers to dfixui.o(.text) for __aeabi_d2uiz
    main.o(i.main) refers to d2f.o(.text) for __aeabi_d2f
    main.o(i.main) refers to lcd.o(i.LCD_ShowNum1) for LCD_ShowNum1
    main.o(i.main) refers to lcd.o(i.LCD_ShowString) for LCD_ShowString
    main.o(i.main) refers to lcd.o(i.Number_Highlight_Show) for Number_Highlight_Show
    main.o(i.main) refers to main.o(.bss) for RCC_Clocks
    main.o(i.main) refers to bsp.o(.data) for LaserControl
    main.o(i.main) refers to main.o(.data) for b_Ext_Sync
    main.o(i.main) refers to usart.o(.data) for LaserState
    main.o(i.main) refers to bsp.o(.bss) for retdata
    main.o(i.main) refers to lcd.o(i.LCD_Print) for LCD_Print
    gpio.o(i.User_GPIO_Init) refers to stm32f4xx_rcc.o(i.RCC_AHB1PeriphClockCmd) for RCC_AHB1PeriphClockCmd
    gpio.o(i.User_GPIO_Init) refers to stm32f4xx_gpio.o(i.GPIO_Init) for GPIO_Init
    gpio.o(i.User_GPIO_Init) refers to stm32f4xx_rcc.o(i.RCC_MCO1Config) for RCC_MCO1Config
    gpio.o(i.User_GPIO_Init) refers to stm32f4xx_rcc.o(i.RCC_MCO2Config) for RCC_MCO2Config
    stm32f4xx_it.o(i.SysTick_Handler) refers to main.o(i.TimingDelay_Decrement) for TimingDelay_Decrement
    i2c.o(i.I2C_LM75_Read) refers to stm32f4xx_i2c.o(i.I2C_GetFlagStatus) for I2C_GetFlagStatus
    i2c.o(i.I2C_LM75_Read) refers to stm32f4xx_i2c.o(i.I2C_GenerateSTART) for I2C_GenerateSTART
    i2c.o(i.I2C_LM75_Read) refers to stm32f4xx_i2c.o(i.I2C_CheckEvent) for I2C_CheckEvent
    i2c.o(i.I2C_LM75_Read) refers to stm32f4xx_i2c.o(i.I2C_Send7bitAddress) for I2C_Send7bitAddress
    i2c.o(i.I2C_LM75_Read) refers to stm32f4xx_i2c.o(i.I2C_SendData) for I2C_SendData
    i2c.o(i.I2C_LM75_Read) refers to stm32f4xx_i2c.o(i.I2C_AcknowledgeConfig) for I2C_AcknowledgeConfig
    i2c.o(i.I2C_LM75_Read) refers to stm32f4xx_i2c.o(i.I2C_ReceiveData) for I2C_ReceiveData
    i2c.o(i.I2C_LM75_Read) refers to stm32f4xx_i2c.o(i.I2C_GenerateSTOP) for I2C_GenerateSTOP
    i2c.o(i.I2C_LM75_Read) refers to i2c.o(i.data_convert) for data_convert
[...]
    .ARM.Collect$$$$0000000E                 0x08000198   Section        4  entry12b.o(.ARM.Collect$$$$0000000E)
    .ARM.Collect$$$$0000000F                 0x0800019c   Section        0  entry10a.o(.ARM.Collect$$$$0000000F)
    .ARM.Collect$$$$00000011                 0x0800019c   Section        0  entry11a.o(.ARM.Collect$$$$00000011)
    .ARM.Collect$$$$00002712                 0x0800019c   Section        4  entry2.o(.ARM.Collect$$$$00002712)
    __lit__00000000                          0x0800019c   Data           4  entry2.o(.ARM.Collect$$$$00002712)
    .text                                    0x080001a0   Section       36  startup_stm32f407xx.o(.text)
    $v0                                      0x080001a0   Number         0  startup_stm32f407xx.o(.text)
    .text                                    0x080001c4   Section        0  memcpya.o(.text)
    .text                                    0x080001e8   Section        0  memseta.o(.text)
    .text                                    0x0800020c   Section        0  strlen.o(.text)
    .text                                    0x0800021a   Section        0  dadd.o(.text)
    .text                                    0x08000368   Section        0  dmul.o(.text)
    .text                                    0x0800044c   Section        0  dfltui.o(.text)
    .text                                    0x08000466   Section        0  dfixui.o(.text)
    .text                                    0x08000498   Section        0  d2f.o(.text)
    .text                                    0x080004d0   Section        0  uidiv.o(.text)
    .text                                    0x080004fc   Section        0  llshl.o(.text)
    .text                                    0x0800051a   Section        0  llushr.o(.text)
    .text                                    0x0800053a   Section        0  llsshr.o(.text)
    .text                                    0x0800055e   Section        0  iusefp.o(.text)
    .text                                    0x0800055e   Section        0  fepilogue.o(.text)
    .text                                    0x080005cc   Section        0  depilogue.o(.text)
    .text                                    0x08000688   Section       36  init.o(.text)
    i.BusFault_Handler                       0x080006ac   Section        0  stm32f4xx_it.o(i.BusFault_Handler)
    i.Cross_StateTurn                        0x080006b0   Section        0  main.o(i.Cross_StateTurn)
    i.CycleCode_Renew                        0x080006e0   Section        0  fsmc.o(i.CycleCode_Renew)
    i.DMA1_Stream3_IRQHandler                0x08000790   Section        0  bsp_uart_dma.o(i.DMA1_Stream3_IRQHandler)
    i.DMA1_Stream4_IRQHandler                0x080007b8   Section        0  bsp_uart_dma.o(i.DMA1_Stream4_IRQHandler)
    i.DMA1_Stream6_IRQHandler                0x080007e0   Section        0  bsp_uart_dma.o(i.DMA1_Stream6_IRQHandler)
    i.DMA1_Stream7_IRQHandler                0x08000814   Section        0  bsp_uart_dma.o(i.DMA1_Stream7_IRQHandler)
    i.DMA2_Stream6_IRQHandler                0x0800083c   Section        0  bsp_uart_dma.o(i.DMA2_Stream6_IRQHandler)
    i.DMA2_Stream7_IRQHandler                0x08000864   Section        0  bsp_uart_dma.o(i.DMA2_Stream7_IRQHandler)
    i.DMA_ClearFlag                          0x08000898   Section        0  stm32f4xx_dma.o(i.DMA_ClearFlag)
    i.DMA_Cmd                                0x080008cc   Section        0  stm32f4xx_dma.o(i.DMA_Cmd)
    i.DMA_DeInit                             0x080008e4   Section        0  stm32f4xx_dma.o(i.DMA_DeInit)
    i.DMA_GetCurrDataCounter                 0x08000a3c   Section        0  stm32f4xx_dma.o(i.DMA_GetCurrDataCounter)
    i.DMA_GetFlagStatus                      0x08000a44   Section        0  stm32f4xx_dma.o(i.DMA_GetFlagStatus)
    i.DMA_ITConfig                           0x08000a88   Section        0  stm32f4xx_dma.o(i.DMA_ITConfig)
    i.DMA_Init                               0x08000ac4   Section        0  stm32f4xx_dma.o(i.DMA_Init)
    i.DMA_Rx                                 0x08000b1c   Section        0  bsp_uart_dma.o(i.DMA_Rx)
    i.DMA_SetCurrDataCounter                 0x08000c50   Section        0  stm32f4xx_dma.o(i.DMA_SetCurrDataCounter)
    i.DMA_Tx                                 0x08000c54   Section        0  bsp_uart_dma.o(i.DMA_Tx)
    i.DebugMon_Handler                       0x08000ccc   Section        0  stm32f4xx_it.o(i.DebugMon_Handler)
    i.Delay                                  0x08000cd0   Section        0  main.o(i.Delay)
    Delay                                    0x08000cd1   Thumb Code    20  main.o(i.Delay)
    i.FLASH_ClearFlag                        0x08000ce8   Section        0  stm32f4xx_flash.o(i.FLASH_ClearFlag)
    i.FLASH_DataCacheCmd                     0x08000cf4   Section        0  stm32f4xx_flash.o(i.FLASH_DataCacheCmd)
    i.FLASH_EraseSector                      0x08000d18   Section        0  stm32f4xx_flash.o(i.FLASH_EraseSector)
    i.FLASH_GetStatus                        0x08000da0   Section        0  stm32f4xx_flash.o(i.FLASH_GetStatus)
    i.FLASH_Lock                             0x08000df4   Section        0  stm32f4xx_flash.o(i.FLASH_Lock)
    i.FLASH_ProgramWord                      0x08000e08   Section        0  stm32f4xx_flash.o(i.FLASH_ProgramWord)
    i.FLASH_Unlock                           0x08000e58   Section        0  stm32f4xx_flash.o(i.FLASH_Unlock)
    i.FLASH_WaitForLastOperation             0x08000e7c   Section        0  stm32f4xx_flash.o(i.FLASH_WaitForLastOperation)
    i.FSMC_GPIO_Config                       0x08000ea0   Section        0  fsmc.o(i.FSMC_GPIO_Config)
    i.FSMC_Init                              0x08001104   Section        0  fsmc.o(i.FSMC_Init)
    i.FSMC_NORSRAMCmd                        0x08001168   Section        0  stm32f4xx_fsmc.o(i.FSMC_NORSRAMCmd)
    i.FSMC_NORSRAMInit                       0x0800119c   Section        0  stm32f4xx_fsmc.o(i.FSMC_NORSRAMInit)
    i.GPIO_Init                              0x080012c0   Section        0  stm32f4xx_gpio.o(i.GPIO_Init)
    i.GPIO_PinAFConfig                       0x08001350   Section        0  stm32f4xx_gpio.o(i.GPIO_PinAFConfig)
    i.GPIO_ResetBits                         0x08001396   Section        0  stm32f4xx_gpio.o(i.GPIO_ResetBits)
    i.GPIO_SetBits                           0x0800139a   Section        0  stm32f4xx_gpio.o(i.GPIO_SetBits)
    i.GetSector                              0x080013a0   Section        0  flash.o(i.GetSector)
    i.HandleEndSymbol                        0x08001484   Section        0  bsp_uart.o(i.HandleEndSymbol)
    i.HandleStartSymbol                      0x080014a4   Section        0  bsp_uart.o(i.HandleStartSymbol)
    i.HandleValidData                        0x080014b4   Section        0  bsp_uart.o(i.HandleValidData)
    i.HardFault_Handler                      0x080014c0   Section        0  stm32f4xx_it.o(i.HardFault_Handler)
    i.LCD_Address_Set                        0x080014c4   Section        0  lcd.o(i.LCD_Address_Set)
    i.LCD_Clear                              0x080014fe   Section        0  lcd.o(i.LCD_Clear)
    i.LCD_DrawPoint                          0x08001532   Section        0  lcd.o(i.LCD_DrawPoint)
    i.LCD_Init                               0x08001550   Section        0  lcd.o(i.LCD_Init)
    i.LCD_PortInit                           0x08001780   Section        0  lcd.o(i.LCD_PortInit)
    i.LCD_Print                              0x080017d8   Section        0  lcd.o(i.LCD_Print)
    i.LCD_ShowBigChar                        0x08001884   Section        0  lcd.o(i.LCD_ShowBigChar)
    i.LCD_ShowBigString                      0x080018fc   Section        0  lcd.o(i.LCD_ShowBigString)
    i.LCD_ShowChar                           0x08001948   Section        0  lcd.o(i.LCD_ShowChar)
    i.LCD_ShowChinese                        0x08001a28   Section        0  lcd.o(i.LCD_ShowChinese)
    i.LCD_ShowNum1                           0x08001ab4   Section        0  lcd.o(i.LCD_ShowNum1)
    i.LCD_ShowString                         0x08001b54   Section        0  lcd.o(i.LCD_ShowString)
    i.LCD_WR_DATA                            0x08001ba0   Section        0  lcd.o(i.LCD_WR_DATA)
    i.LCD_WR_DATA8                           0x08001bc0   Section        0  lcd.o(i.LCD_WR_DATA8)
    i.LCD_WR_REG                             0x08001bd8   Section        0  lcd.o(i.LCD_WR_REG)
    i.LCD_Writ_Bus                           0x08001bf0   Section        0  lcd.o(i.LCD_Writ_Bus)
    i.LM75BTempRead                          0x08001c34   Section        0  soft_i2c_lm75b.o(i.LM75BTempRead)
    i.Laser_StateTurn                        0x08001ca0   Section        0  main.o(i.Laser_StateTurn)
    i.MemManage_Handler                      0x08001d2c   Section        0  stm32f4xx_it.o(i.MemManage_Handler)
    i.MenuTrig_Cancel                        0x08001d30   Section        0  bsp_key_oc.o(i.MenuTrig_Cancel)
    i.MenuTrig_Down                          0x08001fb4   Section        0  bsp_key.o(i.MenuTrig_Down)
    i.MenuTrig_OK                            0x08002150   Section        0  bsp_key_oc.o(i.MenuTrig_OK)
    i.MenuTrig_Up                            0x080024a8   Section        0  bsp_key.o(i.MenuTrig_Up)
    i.Menu_0_1                               0x08002620   Section        0  ui.o(i.Menu_0_1)
    i.Menu_0_2                               0x08002684   Section        0  ui.o(i.Menu_0_2)
    i.Menu_0_3                               0x08002704   Section        0  ui.o(i.Menu_0_3)
    i.Menu_0_4                               0x08002784   Section        0  ui.o(i.Menu_0_4)
    i.Menu_0_5                               0x080027d4   Section        0  ui.o(i.Menu_0_5)
    i.Menu_0_6                               0x08002824   Section        0  ui.o(i.Menu_0_6)
    i.Menu_1                                 0x08002874   Section        0  ui.o(i.Menu_1)
    i.Menu_2_x                               0x080028b8   Section        0  ui.o(i.Menu_2_x)
    i.Menu_2_x_OK                            0x08002950   Section        0  ui.o(i.Menu_2_x_OK)
    i.Menu_4                                 0x08002aec   Section        0  ui.o(i.Menu_4)
    i.Menu_Infobar                           0x08002b30   Section        0  bsp_ui_showp_foundation.o(i.Menu_Infobar)
    i.Menu_Refresh                           0x08002b54   Section        0  ui.o(i.Menu_Refresh)
    i.Menu_Title                             0x08002c3c   Section        0  bsp_ui_showp_foundation.o(i.Menu_Title)
    i.MyDMA_Config                           0x08002c64   Section        0  bsp_uart_dma.o(i.MyDMA_Config)
    i.MyGPIO_Config                          0x08002cd0   Section        0  bsp_uart_dma.o(i.MyGPIO_Config)
    i.MyNVIC_Config                          0x08002d74   Section        0  bsp_uart_dma.o(i.MyNVIC_Config)
    i.Myuart_Config                          0x08002d98   Section        0  bsp_uart_dma.o(i.Myuart_Config)
    i.NMI_Handler                            0x08002e4c   Section        0  stm32f4xx_it.o(i.NMI_Handler)
    i.NVIC_Init                              0x08002e50   Section        0  misc.o(i.NVIC_Init)
    i.NVIC_PriorityGroupConfig               0x08002ec8   Section        0  misc.o(i.NVIC_PriorityGroupConfig)
    i.Number_Highlight_Show                  0x08002edc   Section        0  lcd.o(i.Number_Highlight_Show)
    i.PendSV_Handler                         0x08003068   Section        0  stm32f4xx_it.o(i.PendSV_Handler)
    i.Program_control                        0x0800306a   Section        0  bsp_ui_showp_foundation.o(i.Program_control)
    i.Pulse_StateTurn                        0x08003074   Section        0  main.o(i.Pulse_StateTurn)
    i.RB_Get_FreeSize                        0x080030b4   Section        0  ring_buffer.o(i.RB_Get_FreeSize)
    i.RB_Get_Length                          0x080030be   Section        0  ring_buffer.o(i.RB_Get_Length)
    i.RB_Init                                0x080030c4   Section        0  ring_buffer.o(i.RB_Init)
    i.RB_Read_Byte                           0x080030e2   Section        0  ring_buffer.o(i.RB_Read_Byte)
    i.RB_Write_Byte                          0x08003112   Section        0  ring_buffer.o(i.RB_Write_Byte)
    i.RCC_AHB1PeriphClockCmd                 0x08003144   Section        0  stm32f4xx_rcc.o(i.RCC_AHB1PeriphClockCmd)
    i.RCC_AHB3PeriphClockCmd                 0x08003164   Section        0  stm32f4xx_rcc.o(i.RCC_AHB3PeriphClockCmd)
    i.RCC_APB1PeriphClockCmd                 0x08003184   Section        0  stm32f4xx_rcc.o(i.RCC_APB1PeriphClockCmd)
    i.RCC_APB2PeriphClockCmd                 0x080031a4   Section        0  stm32f4xx_rcc.o(i.RCC_APB2PeriphClockCmd)
    i.RCC_GetClocksFreq                      0x080031c4   Section        0  stm32f4xx_rcc.o(i.RCC_GetClocksFreq)
    i.RCC_MCO1Config                         0x080032ac   Section        0  stm32f4xx_rcc.o(i.RCC_MCO1Config)
    i.RCC_MCO2Config                         0x080032c8   Section        0  stm32f4xx_rcc.o(i.RCC_MCO2Config)
    i.RandomCode_Check                       0x080032e4   Section        0  randomcode.o(i.RandomCode_Check)
    i.RandomSaveData_Check                   0x0800333c   Section        0  randomcode.o(i.RandomSaveData_Check)
    i.Read_Memory                            0x08003428   Section        0  flash.o(i.Read_Memory)
    i.STMFLASH_Write                         0x08003444   Section        0  flash.o(i.STMFLASH_Write)
    i.SVC_Handler                            0x080034d0   Section        0  stm32f4xx_it.o(i.SVC_Handler)
    i.Search_ch32x32                         0x080034d4   Section        0  lcd.o(i.Search_ch32x32)
    i.SetSysClock                            0x0800350c   Section        0  system_stm32f4xx.o(i.SetSysClock)
    SetSysClock                              0x0800350d   Thumb Code   220  system_stm32f4xx.o(i.SetSysClock)
    i.SysTick_CLKSourceConfig                0x080035f8   Section        0  misc.o(i.SysTick_CLKSourceConfig)
    i.SysTick_Handler                        0x08003620   Section        0  stm32f4xx_it.o(i.SysTick_Handler)
    i.SystemInit                             0x08003628   Section        0  system_stm32f4xx.o(i.SystemInit)
    i.TIM2_IRQHandler                        0x08003690   Section        0  tim.o(i.TIM2_IRQHandler)
    i.TIM2_Int_Init                          0x080036d4   Section        0  tim.o(i.TIM2_Int_Init)
    i.TIM3_IRQHandler                        0x08003730   Section        0  tim.o(i.TIM3_IRQHandler)
    i.TIM3_Int_Init                          0x08003754   Section        0  tim.o(i.TIM3_Int_Init)
    i.TIM_ClearITPendingBit                  0x080037b0   Section        0  stm32f4xx_tim.o(i.TIM_ClearITPendingBit)
    i.TIM_Cmd                                0x080037b6   Section        0  stm32f4xx_tim.o(i.TIM_Cmd)
    i.TIM_GetITStatus                        0x080037ce   Section        0  stm32f4xx_tim.o(i.TIM_GetITStatus)
    i.TIM_ITConfig                           0x080037f0   Section        0  stm32f4xx_tim.o(i.TIM_ITConfig)
    i.TIM_TimeBaseInit                       0x08003804   Section        0  stm32f4xx_tim.o(i.TIM_TimeBaseInit)
    i.TimingDelay_Decrement                  0x08003888   Section        0  main.o(i.TimingDelay_Decrement)
    i.UART4_IRQHandler                       0x080038a0   Section        0  bsp_uart_dma.o(i.UART4_IRQHandler)
    i.UART5_IRQHandler                       0x080038bc   Section        0  bsp_uart_dma.o(i.UART5_IRQHandler)
    i.UART_AnswerError                       0x080038d8   Section        0  usart.o(i.UART_AnswerError)
    i.UART_Answer_LightData                  0x08003914   Section        0  bsp.o(i.UART_Answer_LightData)
    i.UART_Answer_NoData                     0x08003c80   Section        0  usart.o(i.UART_Answer_NoData)
    i.UART_Answer_RandomNumber               0x08003d28   Section        0  usart.o(i.UART_Answer_RandomNumber)
    i.UART_Inbuff                            0x08003d88   Section        0  bsp_uart.o(i.UART_Inbuff)
    i.UART_RemoteCMD_Process                 0x08003dbc   Section        0  bsp.o(i.UART_RemoteCMD_Process)
    i.UART_RemoteDecode                      0x080044dc   Section        0  bsp_uart.o(i.UART_RemoteDecode)
    i.UART_RemoteEncode                      0x08004548   Section        0  usart.o(i.UART_RemoteEncode)
    i.UART_SendInbuff                        0x0800466c   Section        0  usart.o(i.UART_SendInbuff)
    i.UI_Init                                0x08004684   Section        0  bsp_ui_showp_foundation.o(i.UI_Init)
    i.UI_Level_0                             0x080046a4   Section        0  bsp_ui_showp_foundation.o(i.UI_Level_0)
    i.UI_Level_1                             0x080046f4   Section        0  bsp_ui_showp_foundation.o(i.UI_Level_1)
    i.UI_Level_2                             0x08004730   Section        0  bsp_ui_showp_foundation.o(i.UI_Level_2)
    i.UI_Level_3                             0x08004774   Section        0  bsp_ui_showp_foundation.o(i.UI_Level_3)
    i.UI_Level_4                             0x0800480c   Section        0  bsp_ui_showp_foundation.o(i.UI_Level_4)
    i.UI_Level_5                             0x08004850   Section        0  bsp_ui_showp_foundation.o(i.UI_Level_5)
    i.UI_Level_6                             0x080048f0   Section        0  bsp_ui_showp_foundation.o(i.UI_Level_6)
    i.USART1_IRQHandler                      0x08004984   Section        0  bsp_uart_dma.o(i.USART1_IRQHandler)
    i.USART2_IRQHandler                      0x080049a0   Section        0  bsp_uart_dma.o(i.USART2_IRQHandler)
    i.USART3_IRQHandler                      0x080049bc   Section        0  bsp_uart_dma.o(i.USART3_IRQHandler)
    i.USART6_IRQHandler                      0x080049d8   Section        0  bsp_uart_dma.o(i.USART6_IRQHandler)
    i.USART_ClearFlag                        0x080049f4   Section        0  stm32f4xx_usart.o(i.USART_ClearFlag)
    i.USART_Cmd                              0x08004a06   Section        0  stm32f4xx_usart.o(i.USART_Cmd)
    i.USART_DMACmd                           0x08004a1e   Section        0  stm32f4xx_usart.o(i.USART_DMACmd)
    i.USART_GetITStatus                      0x08004a30   Section        0  stm32f4xx_usart.o(i.USART_GetITStatus)
    i.USART_ITConfig                         0x08004a84   Section        0  stm32f4xx_usart.o(i.USART_ITConfig)
    i.USART_Init                             0x08004ad0   Section        0  stm32f4xx_usart.o(i.USART_Init)
    i.Uart_Init                              0x08004ba4   Section        0  bsp_uart_dma.o(i.Uart_Init)
    i.UsageFault_Handler                     0x08004d2c   Section        0  stm32f4xx_it.o(i.UsageFault_Handler)
    i.User_GPIO_Init                         0x08004d30   Section        0  gpio.o(i.User_GPIO_Init)
    i.__0snprintf$1                          0x08004e0c   Section        0  printf1.o(i.__0snprintf$1)
    i.__scatterload_copy                     0x08004e40   Section       14  handlers.o(i.__scatterload_copy)
    i.__scatterload_null                     0x08004e4e   Section        2  handlers.o(i.__scatterload_null)
    i.__scatterload_zeroinit                 0x08004e50   Section       14  handlers.o(i.__scatterload_zeroinit)
    i._printf_core                           0x08004e60   Section        0  printf1.o(i._printf_core)
    _printf_core                             0x08004e61   Thumb Code   336  printf1.o(i._printf_core)
    i._snputc                                0x08004fb4   Section        0  printf1.o(i._snputc)
    _snputc                                  0x08004fb5   Thumb Code    22  printf1.o(i._snputc)
    i.attenuation_number                     0x08004fca   Section        0  bsp.o(i.attenuation_number)
    i.bsp_InitI2C                            0x08004fe8   Section        0  soft_i2c.o(i.bsp_InitI2C)
    i.delay_init                             0x08005020   Section        0  delay.o(i.delay_init)
    i.delay_ms                               0x0800505c   Section        0  delay.o(i.delay_ms)
    i.delay_xms                              0x08005094   Section        0  delay.o(i.delay_xms)
    i.ee_ReadBytes                           0x080050e0   Section        0  soft_i2c_lm75b.o(i.ee_ReadBytes)
    i.i2c_Ack                                0x08005150   Section        0  soft_i2c.o(i.i2c_Ack)
    i.i2c_Delay                              0x08005184   Section        0  soft_i2c.o(i.i2c_Delay)
    i2c_Delay                                0x08005185   Thumb Code    14  soft_i2c.o(i.i2c_Delay)
    i.i2c_NAck                               0x08005194   Section        0  soft_i2c.o(i.i2c_NAck)
    i.i2c_ReadByte                           0x080051c0   Section        0  soft_i2c.o(i.i2c_ReadByte)
    i.i2c_SendByte                           0x08005204   Section        0  soft_i2c.o(i.i2c_SendByte)
    i.i2c_Start                              0x0800525c   Section        0  soft_i2c.o(i.i2c_Start)
    i.i2c_Stop                               0x08005290   Section        0  soft_i2c.o(i.i2c_Stop)
    i.i2c_WaitAck                            0x080052b4   Section        0  soft_i2c.o(i.i2c_WaitAck)
    i.main                                   0x080052f4   Section        0  main.o(i.main)
    i.mypow                                  0x080057e4   Section        0  lcd.o(i.mypow)
    .constdata                               0x080057fa   Section    18695  lcd.o(.constdata)
    .data                                    0x20000000   Section       42  main.o(.data)
    uwTimingDelay                            0x20000000   Data           4  main.o(.data)
    Random_Index                             0x20000028   Data           2  main.o(.data)
    .data                                    0x2000002a   Section        5  usart.o(.data)
    ucdata                                   0x2000002d   Data           1  usart.o(.data)
    g_ansondata                              0x2000002e   Data           1  usart.o(.data)
    .data                                    0x20000030   Section        2  lcd.o(.data)
    .data                                    0x20000032   Section        4  delay.o(.data)
    fac_us                                   0x20000032   Data           1  delay.o(.data)
    fac_ms                                   0x20000034   Data           2  delay.o(.data)
    .data                                    0x20000038   Section        4  tim.o(.data)
    SYS_Count                                0x20000038   Data           4  tim.o(.data)
    .data                                    0x20000040   Section       29  bsp.o(.data)
    RandomIndex                              0x2000005a   Data           2  bsp.o(.data)
    RandomRxError                            0x2000005c   Data           1  bsp.o(.data)
    .data                                    0x2000005e   Section       16  bsp_uart_dma.o(.data)
    SizeUart_Rx_Buffer1                      0x2000005e   Data           2  bsp_uart_dma.o(.data)
    SizeUart_Tx_Buffer1                      0x20000062   Data           2  bsp_uart_dma.o(.data)
    SizeUart_Rx_Buffer3                      0x20000066   Data           2  bsp_uart_dma.o(.data)
    SizeUart_Tx_Buffer3                      0x2000006a   Data           2  bsp_uart_dma.o(.data)
    .data                                    0x2000006e   Section       16  stm32f4xx_rcc.o(.data)
    APBAHBPrescTable                         0x2000006e   Data          16  stm32f4xx_rcc.o(.data)
    .bss                                     0x20000080   Section    15620  main.o(.bss)
    .bss                                     0x20003d84   Section      128  usart.o(.bss)
    .bss                                     0x20003e04   Section       32  bsp.o(.bss)
    .bss                                     0x20003e24   Section     2816  bsp_uart_dma.o(.bss)
    STACK                                    0x20004928   Section     1024  startup_stm32f407xx.o(STACK)

    Global Symbols

    Symbol Name                              Value     Ov Type        Size  Object(Section)

    BuildAttributes$$THM_ISAv4$E$P$D$K$B$S$7EM$VFPi3$EXTD16$VFPS$VFMA$PE$A:L22UL41UL21$X:L11$S22US41US21$IEEE1$IW$USESV6$~STKCKD$USESV7$~SHL$OTIME$ROPI$EBA8$MICROLIB$REQ8$PRES8$EABIv2 0x00000000   Number         0  anon$$obj.o ABSOLUTE
    __ARM_use_no_argv                        0x00000000   Number         0  main.o ABSOLUTE
    _printf_a                                0x00000000   Number         0  stubs.o ABSOLUTE
    _printf_c                                0x00000000   Number         0  stubs.o ABSOLUTE
    _printf_charcount                        0x00000000   Number         0  stubs.o ABSOLUTE
    _printf_d                                0x00000000   Number         0  stubs.o ABSOLUTE
    _printf_e                                0x00000000   Number         0  stubs.o ABSOLUTE
    _printf_f                                0x00000000   Number         0  stubs.o ABSOLUTE
    _printf_flags                            0x00000000   Number         0  stubs.o ABSOLUTE
    _printf_fp_dec                           0x00000000   Number         0  stubs.o ABSOLUTE
    _printf_fp_hex                           0x00000000   Number         0  stubs.o ABSOLUTE
    _printf_g                                0x00000000   Number         0  stubs.o ABSOLUTE
    _printf_i                                0x00000000   Number         0  stubs.o ABSOLUTE
    _printf_int_dec                          0x00000000   Number         0  stubs.o ABSOLUTE
    _printf_l                                0x00000000   Number         0  stubs.o ABSOLUTE
    _printf_lc                               0x00000000   Number         0  stubs.o ABSOLUTE
    _printf_ll                               0x00000000   Number         0  stubs.o ABSOLUTE
    _printf_lld                              0x00000000   Number         0  stubs.o ABSOLUTE
    _printf_lli                              0x00000000   Number         0  stubs.o ABSOLUTE
    _printf_llo                              0x00000000   Number         0  stubs.o ABSOLUTE
    _printf_llu                              0x00000000   Number         0  stubs.o ABSOLUTE
    _printf_llx                              0x00000000   Number         0  stubs.o ABSOLUTE
    _printf_longlong_dec                     0x00000000   Number         0  stubs.o ABSOLUTE
    _printf_longlong_hex                     0x00000000   Number         0  stubs.o ABSOLUTE
    _printf_longlong_oct                     0x00000000   Number         0  stubs.o ABSOLUTE
    _printf_ls                               0x00000000   Number         0  stubs.o ABSOLUTE
    _printf_mbtowc                           0x00000000   Number         0  stubs.o ABSOLUTE
    _printf_n                                0x00000000   Number         0  stubs.o ABSOLUTE
    _printf_o                                0x00000000   Number         0  stubs.o ABSOLUTE
    _printf_p                                0x00000000   Number         0  stubs.o ABSOLUTE
    _printf_percent                          0x00000000   Number         0  stubs.o ABSOLUTE
    _printf_pre_padding                      0x00000000   Number         0  stubs.o ABSOLUTE
    _printf_return_value                     0x00000000   Number         0  stubs.o ABSOLUTE
    _printf_s                                0x00000000   Number         0  stubs.o ABSOLUTE
    _printf_sizespec                         0x00000000   Number         0  stubs.o ABSOLUTE
    _printf_str                              0x00000000   Number         0  stubs.o ABSOLUTE
    _printf_truncate_signed                  0x00000000   Number         0  stubs.o ABSOLUTE
    _printf_truncate_unsigned                0x00000000   Number         0  stubs.o ABSOLUTE
    _printf_u                                0x00000000   Number         0  stubs.o ABSOLUTE
    _printf_wc                               0x00000000   Number         0  stubs.o ABSOLUTE
    _printf_wctomb                           0x00000000   Number         0  stubs.o ABSOLUTE
    _printf_widthprec                        0x00000000   Number         0  stubs.o ABSOLUTE
    _printf_x                                0x00000000   Number         0  stubs.o ABSOLUTE
    __arm_fini_                               - Undefined Weak Reference
    __cpp_initialize__aeabi_                  - Undefined Weak Reference
    __cxa_finalize                            - Undefined Weak Reference
    __decompress                              - Undefined Weak Reference
    _clock_init                               - Undefined Weak Reference
    _microlib_exit                            - Undefined Weak Reference
    __Vectors_Size                           0x00000188   Number         0  startup_stm32f407xx.o ABSOLUTE
    __Vectors                                0x08000000   Data           4  startup_stm32f407xx.o(RESET)
    __Vectors_End                            0x08000188   Data           0  startup_stm32f407xx.o(RESET)
    __main                                   0x08000189   Thumb Code     0  entry.o(.ARM.Collect$$$$00000000)
    _main_stk                                0x08000189   Thumb Code     0  entry2.o(.ARM.Collect$$$$00000001)
    _main_scatterload                        0x0800018d   Thumb Code     0  entry5.o(.ARM.Collect$$$$00000004)
    __main_after_scatterload                 0x08000191   Thumb Code     0  entry5.o(.ARM.Collect$$$$00000004)
    _main_clock                              0x08000191   Thumb Code     0  entry7b.o(.ARM.Collect$$$$00000008)
    _main_cpp_init                           0x08000191   Thumb Code     0  entry8b.o(.ARM.Collect$$$$0000000A)
    _main_init                               0x08000191   Thumb Code     0  entry9a.o(.ARM.Collect$$$$0000000B)
    __rt_lib_shutdown_fini                   0x08000199   Thumb Code     0  entry12b.o(.ARM.Collect$$$$0000000E)
    __rt_final_cpp                           0x0800019d   Thumb Code     0  entry10a.o(.ARM.Collect$$$$0000000F)
    __rt_final_exit                          0x0800019d   Thumb Code     0  entry11a.o(.ARM.Collect$$$$00000011)
    Reset_Handler                            0x080001a1   Thumb Code     8  startup_stm32f407xx.o(.text)
    ADC_IRQHandler                           0x080001bb   Thumb Code     0  startup_stm32f407xx.o(.text)
    CAN1_RX0_IRQHandler                      0x080001bb   Thumb Code     0  startup_stm32f407xx.o(.text)
    CAN1_RX1_IRQHandler                      0x080001bb   Thumb Code     0  startup_stm32f407xx.o(.text)
    CAN1_SCE_IRQHandler                      0x080001bb   Thumb Code     0  startup_stm32f407xx.o(.text)
    CAN1_TX_IRQHandler                       0x080001bb   Thumb Code     0  startup_stm32f407xx.o(.text)
    CAN2_RX0_IRQHandler                      0x080001bb   Thumb Code     0  startup_stm32f407xx.o(.text)
    CAN2_RX1_IRQHandler                      0x080001bb   Thumb Code     0  startup_stm32f407xx.o(.text)
    CAN2_SCE_IRQHandler                      0x080001bb   Thumb Code     0  startup_stm32f407xx.o(.text)
    CAN2_TX_IRQHandler                       0x080001bb   Thumb Code     0  startup_stm32f407xx.o(.text)
    DCMI_IRQHandler                          0x080001bb   Thumb Code     0  startup_stm32f407xx.o(.text)
    DMA1_Stream0_IRQHandler                  0x080001bb   Thumb Code     0  startup_stm32f407xx.o(.text)
    DMA1_Stream1_IRQHandler                  0x080001bb   Thumb Code     0  startup_stm32f407xx.o(.text)
    DMA1_Stream2_IRQHandler                  0x080001bb   Thumb Code     0  startup_stm32f407xx.o(.text)
    DMA1_Stream5_IRQHandler                  0x080001bb   Thumb Code     0  startup_stm32f407xx.o(.text)
    DMA2_Stream0_IRQHandler                  0x080001bb   Thumb Code     0  startup_stm32f407xx.o(.text)
    DMA2_Stream1_IRQHandler                  0x080001bb   Thumb Code     0  startup_stm32f407xx.o(.text)
    DMA2_Stream2_IRQHandler                  0x080001bb   Thumb Code     0  startup_stm32f407xx.o(.text)
    DMA2_Stream3_IRQHandler                  0x080001bb   Thumb Code     0  startup_stm32f407xx.o(.text)
    DMA2_Stream4_IRQHandler                  0x080001bb   Thumb Code     0  startup_stm32f407xx.o(.text)
    DMA2_Stream5_IRQHandler                  0x080001bb   Thumb Code     0  startup_stm32f407xx.o(.text)
    ETH_IRQHandler                           0x080001bb   Thumb Code     0  startup_stm32f407xx.o(.text)
    ETH_WKUP_IRQHandler                      0x080001bb   Thumb Code     0  startup_stm32f407xx.o(.text)
    EXTI0_IRQHandler                         0x080001bb   Thumb Code     0  startup_stm32f407xx.o(.text)
    EXTI15_10_IRQHandler                     0x080001bb   Thumb Code     0  startup_stm32f407xx.o(.text)
    EXTI1_IRQHandler                         0x080001bb   Thumb Code     0  startup_stm32f407xx.o(.text)
    EXTI2_IRQHandler                         0x080001bb   Thumb Code     0  startup_stm32f407xx.o(.text)
    EXTI3_IRQHandler                         0x080001bb   Thumb Code     0  startup_stm32f407xx.o(.text)
    EXTI4_IRQHandler                         0x080001bb   Thumb Code     0  startup_stm32f407xx.o(.text)
    EXTI9_5_IRQHandler                       0x080001bb   Thumb Code     0  startup_stm32f407xx.o(.text)
    FLASH_IRQHandler                         0x080001bb   Thumb Code     0  startup_stm32f407xx.o(.text)
    FMC_IRQHandler                           0x080001bb   Thumb Code     0  startup_stm32f407xx.o(.text)
    FPU_IRQHandler                           0x080001bb   Thumb Code     0  startup_stm32f407xx.o(.text)
    HASH_RNG_IRQHandler                      0x080001bb   Thumb Code     0  startup_stm32f407xx.o(.text)
    I2C1_ER_IRQHandler                       0x080001bb   Thumb Code     0  startup_stm32f407xx.o(.text)
    I2C1_EV_IRQHandler                       0x080001bb   Thumb Code     0  startup_stm32f407xx.o(.text)
    I2C2_ER_IRQHandler                       0x080001bb   Thumb Code     0  startup_stm32f407xx.o(.text)
    I2C2_EV_IRQHandler                       0x080001bb   Thumb Code     0  startup_stm32f407xx.o(.text)
    I2C3_ER_IRQHandler                       0x080001bb   Thumb Code     0  startup_stm32f407xx.o(.text)
    I2C3_EV_IRQHandler                       0x080001bb   Thumb Code     0  startup_stm32f407xx.o(.text)
    OTG_FS_IRQHandler                        0x080001bb   Thumb Code     0  startup_stm32f407xx.o(.text)
    OTG_FS_WKUP_IRQHandler                   0x080001bb   Thumb Code     0  startup_stm32f407xx.o(.text)
    OTG_HS_EP1_IN_IRQHandler                 0x080001bb   Thumb Code     0  startup_stm32f407xx.o(.text)
    OTG_HS_EP1_OUT_IRQHandler                0x080001bb   Thumb Code     0  startup_stm32f407xx.o(.text)
    OTG_HS_IRQHandler                        0x080001bb   Thumb Code     0  startup_stm32f407xx.o(.text)
    OTG_HS_WKUP_IRQHandler                   0x080001bb   Thumb Code     0  startup_stm32f407xx.o(.text)
    PVD_IRQHandler                           0x080001bb   Thumb Code     0  startup_stm32f407xx.o(.text)
    RCC_IRQHandler                           0x080001bb   Thumb Code     0  startup_stm32f407xx.o(.text)
    RTC_Alarm_IRQHandler                     0x080001bb   Thumb Code     0  startup_stm32f407xx.o(.text)
    RTC_WKUP_IRQHandler                      0x080001bb   Thumb Code     0  startup_stm32f407xx.o(.text)
    SDIO_IRQHandler                          0x080001bb   Thumb Code     0  startup_stm32f407xx.o(.text)
    SPI1_IRQHandler                          0x080001bb   Thumb Code     0  startup_stm32f407xx.o(.text)
    SPI2_IRQHandler                          0x080001bb   Thumb Code     0  startup_stm32f407xx.o(.text)
    SPI3_IRQHandler                          0x080001bb   Thumb Code     0  startup_stm32f407xx.o(.text)
    TAMP_STAMP_IRQHandler                    0x080001bb   Thumb Code     0  startup_stm32f407xx.o(.text)
    TIM1_BRK_TIM9_IRQHandler                 0x080001bb   Thumb Code     0  startup_stm32f407xx.o(.text)
    TIM1_CC_IRQHandler                       0x080001bb   Thumb Code     0  startup_stm32f407xx.o(.text)
    TIM1_TRG_COM_TIM11_IRQHandler            0x080001bb   Thumb Code     0  startup_stm32f407xx.o(.text)
    TIM1_UP_TIM10_IRQHandler                 0x080001bb   Thumb Code     0  startup_stm32f407xx.o(.text)
    TIM4_IRQHandler                          0x080001bb   Thumb Code     0  startup_stm32f407xx.o(.text)
    TIM5_IRQHandler                          0x080001bb   Thumb Code     0  startup_stm32f407xx.o(.text)
    TIM6_DAC_IRQHandler                      0x080001bb   Thumb Code     0  startup_stm32f407xx.o(.text)
    TIM7_IRQHandler                          0x080001bb   Thumb Code     0  startup_stm32f407xx.o(.text)
    TIM8_BRK_TIM12_IRQHandler                0x080001bb   Thumb Code     0  startup_stm32f407xx.o(.text)
    TIM8_CC_IRQHandler                       0x080001bb   Thumb Code     0  startup_stm32f407xx.o(.text)
    TIM8_TRG_COM_TIM14_IRQHandler            0x080001bb   Thumb Code     0  startup_stm32f407xx.o(.text)
    TIM8_UP_TIM13_IRQHandler                 0x080001bb   Thumb Code     0  startup_stm32f407xx.o(.text)
    WWDG_IRQHandler                          0x080001bb   Thumb Code     0  startup_stm32f407xx.o(.text)
    __aeabi_memcpy                           0x080001c5   Thumb Code    36  memcpya.o(.text)
    __aeabi_memcpy4                          0x080001c5   Thumb Code     0  memcpya.o(.text)
    __aeabi_memcpy8                          0x080001c5   Thumb Code     0  memcpya.o(.text)
    __aeabi_memset                           0x080001e9   Thumb Code    14  memseta.o(.text)
    __aeabi_memset4                          0x080001e9   Thumb Code     0  memseta.o(.text)
    __aeabi_memset8                          0x080001e9   Thumb Code     0  memseta.o(.text)
    __aeabi_memclr                           0x080001f7   Thumb Code     4  memseta.o(.text)
    __aeabi_memclr4                          0x080001f7   Thumb Code     0  memseta.o(.text)
    __aeabi_memclr8                          0x080001f7   Thumb Code     0  memseta.o(.text)
    _memset$wrapper                          0x080001fb   Thumb Code    18  memseta.o(.text)
    strlen                                   0x0800020d   Thumb Code    14  strlen.o(.text)
    __aeabi_dadd                             0x0800021b   Thumb Code   322  dadd.o(.text)
    __aeabi_dsub                             0x0800035d   Thumb Code     6  dadd.o(.text)
    __aeabi_drsub                            0x08000363   Thumb Code     6  dadd.o(.text)
    __aeabi_dmul                             0x08000369   Thumb Code   228  dmul.o(.text)
    __aeabi_ui2d                             0x0800044d   Thumb Code    26  dfltui.o(.text)
    __aeabi_d2uiz                            0x08000467   Thumb Code    50  dfixui.o(.text)
    __aeabi_d2f                              0x08000499   Thumb Code    56  d2f.o(.text)
    __aeabi_uidiv                            0x080004d1   Thumb Code     0  uidiv.o(.text)
    __aeabi_uidivmod                         0x080004d1   Thumb Code    44  uidiv.o(.text)
    __aeabi_llsl                             0x080004fd   Thumb Code    30  llshl.o(.text)
    _ll_shift_l                              0x080004fd   Thumb Code     0  llshl.o(.text)
    __aeabi_llsr                             0x0800051b   Thumb Code    32  llushr.o(.text)
    _ll_ushift_r                             0x0800051b   Thumb Code     0  llushr.o(.text)
    __aeabi_lasr                             0x0800053b   Thumb Code    36  llsshr.o(.text)
    _ll_sshift_r                             0x0800053b   Thumb Code     0  llsshr.o(.text)
    __I$use$fp                               0x0800055f   Thumb Code     0  iusefp.o(.text)
    _float_round                             0x0800055f   Thumb Code    18  fepilogue.o(.text)
    _float_epilogue                          0x08000571   Thumb Code    92  fepilogue.o(.text)
    _double_round                            0x080005cd   Thumb Code    30  depilogue.o(.text)
    _double_epilogue                         0x080005eb   Thumb Code   156  depilogue.o(.text)
    __scatterload                            0x08000689   Thumb Code    28  init.o(.text)
    __scatterload_rt2                        0x08000689   Thumb Code     0  init.o(.text)
    BusFault_Handler                         0x080006ad   Thumb Code     4  stm32f4xx_it.o(i.BusFault_Handler)
    Cross_StateTurn                          0x080006b1   Thumb Code    42  main.o(i.Cross_StateTurn)
    CycleCode_Renew                          0x080006e1   Thumb Code   152  fsmc.o(i.CycleCode_Renew)
    DMA1_Stream3_IRQHandler                  0x08000791   Thumb Code    34  bsp_uart_dma.o(i.DMA1_Stream3_IRQHandler)
    DMA1_Stream4_IRQHandler                  0x080007b9   Thumb Code    30  bsp_uart_dma.o(i.DMA1_Stream4_IRQHandler)
    DMA1_Stream6_IRQHandler                  0x080007e1   Thumb Code    38  bsp_uart_dma.o(i.DMA1_Stream6_IRQHandler)
    DMA1_Stream7_IRQHandler                  0x08000815   Thumb Code    34  bsp_uart_dma.o(i.DMA1_Stream7_IRQHandler)
    DMA2_Stream6_IRQHandler                  0x0800083d   Thumb Code    30  bsp_uart_dma.o(i.DMA2_Stream6_IRQHandler)
    DMA2_Stream7_IRQHandler                  0x08000865   Thumb Code    42  bsp_uart_dma.o(i.DMA2_Stream7_IRQHandler)
    DMA_ClearFlag                            0x08000899   Thumb Code    38  stm32f4xx_dma.o(i.DMA_ClearFlag)
    DMA_Cmd                                  0x080008cd   Thumb Code    22  stm32f4xx_dma.o(i.DMA_Cmd)
    DMA_DeInit                               0x080008e5   Thumb Code   324  stm32f4xx_dma.o(i.DMA_DeInit)
    DMA_GetCurrDataCounter                   0x08000a3d   Thumb Code     8  stm32f4xx_dma.o(i.DMA_GetCurrDataCounter)
    DMA_GetFlagStatus                        0x08000a45   Thumb Code    54  stm32f4xx_dma.o(i.DMA_GetFlagStatus)
    DMA_ITConfig                             0x08000a89   Thumb Code    58  stm32f4xx_dma.o(i.DMA_ITConfig)
    DMA_Init                                 0x08000ac5   Thumb Code    82  stm32f4xx_dma.o(i.DMA_Init)
    DMA_Rx                                   0x08000b1d   Thumb Code   230  bsp_uart_dma.o(i.DMA_Rx)
    DMA_SetCurrDataCounter                   0x08000c51   Thumb Code     4  stm32f4xx_dma.o(i.DMA_SetCurrDataCounter)
    DMA_Tx                                   0x08000c55   Thumb Code    88  bsp_uart_dma.o(i.DMA_Tx)
    DebugMon_Handler                         0x08000ccd   Thumb Code     2  stm32f4xx_it.o(i.DebugMon_Handler)
    FLASH_ClearFlag                          0x08000ce9   Thumb Code     6  stm32f4xx_flash.o(i.FLASH_ClearFlag)
    FLASH_DataCacheCmd                       0x08000cf5   Thumb Code    30  stm32f4xx_flash.o(i.FLASH_DataCacheCmd)
    FLASH_EraseSector                        0x08000d19   Thumb Code   130  stm32f4xx_flash.o(i.FLASH_EraseSector)
    FLASH_GetStatus                          0x08000da1   Thumb Code    80  stm32f4xx_flash.o(i.FLASH_GetStatus)
    FLASH_Lock                               0x08000df5   Thumb Code    14  stm32f4xx_flash.o(i.FLASH_Lock)
    FLASH_ProgramWord                        0x08000e09   Thumb Code    74  stm32f4xx_flash.o(i.FLASH_ProgramWord)
    FLASH_Unlock                             0x08000e59   Thumb Code    24  stm32f4xx_flash.o(i.FLASH_Unlock)
    FLASH_WaitForLastOperation               0x08000e7d   Thumb Code    34  stm32f4xx_flash.o(i.FLASH_WaitForLastOperation)
    FSMC_GPIO_Config                         0x08000ea1   Thumb Code   598  fsmc.o(i.FSMC_GPIO_Config)
    FSMC_Init                                0x08001105   Thumb Code    98  fsmc.o(i.FSMC_Init)
    FSMC_NORSRAMCmd                          0x08001169   Thumb Code    46  stm32f4xx_fsmc.o(i.FSMC_NORSRAMCmd)
    FSMC_NORSRAMInit                         0x0800119d   Thumb Code   282  stm32f4xx_fsmc.o(i.FSMC_NORSRAMInit)
    GPIO_Init                                0x080012c1   Thumb Code   144  stm32f4xx_gpio.o(i.GPIO_Init)
    GPIO_PinAFConfig                         0x08001351   Thumb Code    70  stm32f4xx_gpio.o(i.GPIO_PinAFConfig)
    GPIO_ResetBits                           0x08001397   Thumb Code     4  stm32f4xx_gpio.o(i.GPIO_ResetBits)
    GPIO_SetBits                             0x0800139b   Thumb Code     4  stm32f4xx_gpio.o(i.GPIO_SetBits)
    GetSector                                0x080013a1   Thumb Code   182  flash.o(i.GetSector)
    HandleEndSymbol                          0x08001485   Thumb Code    26  bsp_uart.o(i.HandleEndSymbol)
    HandleStartSymbol                        0x080014a5   Thumb Code    12  bsp_uart.o(i.HandleStartSymbol)
    HandleValidData                          0x080014b5   Thumb Code    12  bsp_uart.o(i.HandleValidData)
    HardFault_Handler                        0x080014c1   Thumb Code     4  stm32f4xx_it.o(i.HardFault_Handler)
    LCD_Address_Set                          0x080014c5   Thumb Code    58  lcd.o(i.LCD_Address_Set)
    LCD_Clear                                0x080014ff   Thumb Code    52  lcd.o(i.LCD_Clear)
    LCD_DrawPoint                            0x08001533   Thumb Code    28  lcd.o(i.LCD_DrawPoint)
    LCD_Init                                 0x08001551   Thumb Code   554  lcd.o(i.LCD_Init)
    LCD_PortInit                             0x08001781   Thumb Code    78  lcd.o(i.LCD_PortInit)
    LCD_Print                                0x080017d9   Thumb Code   170  lcd.o(i.LCD_Print)
    LCD_ShowBigChar                          0x08001885   Thumb Code   114  lcd.o(i.LCD_ShowBigChar)
    LCD_ShowBigString                        0x080018fd   Thumb Code    76  lcd.o(i.LCD_ShowBigString)
    LCD_ShowChar                             0x08001949   Thumb Code   214  lcd.o(i.LCD_ShowChar)
    LCD_ShowChinese                          0x08001a29   Thumb Code   130  lcd.o(i.LCD_ShowChinese)
    LCD_ShowNum1                             0x08001ab5   Thumb Code   156  lcd.o(i.LCD_ShowNum1)
    LCD_ShowString                           0x08001b55   Thumb Code    74  lcd.o(i.LCD_ShowString)
    LCD_WR_DATA                              0x08001ba1   Thumb Code    26  lcd.o(i.LCD_WR_DATA)
    LCD_WR_DATA8                             0x08001bc1   Thumb Code    20  lcd.o(i.LCD_WR_DATA8)
    LCD_WR_REG                               0x08001bd9   Thumb Code    20  lcd.o(i.LCD_WR_REG)
    LCD_Writ_Bus                             0x08001bf1   Thumb Code    62  lcd.o(i.LCD_Writ_Bus)
    LM75BTempRead                            0x08001c35   Thumb Code    92  soft_i2c_lm75b.o(i.LM75BTempRead)
    Laser_StateTurn                          0x08001ca1   Thumb Code   118  main.o(i.Laser_StateTurn)
    MemManage_Handler                        0x08001d2d   Thumb Code     4  stm32f4xx_it.o(i.MemManage_Handler)
    MenuTrig_Cancel                          0x08001d31   Thumb Code   580  bsp_key_oc.o(i.MenuTrig_Cancel)
    MenuTrig_Down                            0x08001fb5   Thumb Code   390  bsp_key.o(i.MenuTrig_Down)
    MenuTrig_OK                              0x08002151   Thumb Code   766  bsp_key_oc.o(i.MenuTrig_OK)
    MenuTrig_Up                              0x080024a9   Thumb Code   356  bsp_key.o(i.MenuTrig_Up)
    Menu_0_1                                 0x08002621   Thumb Code    62  ui.o(i.Menu_0_1)
    Menu_0_2                                 0x08002685   Thumb Code    88  ui.o(i.Menu_0_2)
    Menu_0_3                                 0x08002705   Thumb Code    88  ui.o(i.Menu_0_3)
    Menu_0_4                                 0x08002785   Thumb Code    58  ui.o(i.Menu_0_4)
    Menu_0_5                                 0x080027d5   Thumb Code    58  ui.o(i.Menu_0_5)
    Menu_0_6                                 0x08002825   Thumb Code    58  ui.o(i.Menu_0_6)
    Menu_1                                   0x08002875   Thumb Code    60  ui.o(i.Menu_1)
    Menu_2_x                                 0x080028b9   Thumb Code   138  ui.o(i.Menu_2_x)
    Menu_2_x_OK                              0x08002951   Thumb Code   324  ui.o(i.Menu_2_x_OK)
    Menu_4                                   0x08002aed   Thumb Code    60  ui.o(i.Menu_4)
    Menu_Infobar                             0x08002b31   Thumb Code    20  bsp_ui_showp_foundation.o(i.Menu_Infobar)
    Menu_Refresh                             0x08002b55   Thumb Code   226  ui.o(i.Menu_Refresh)
    Menu_Title                               0x08002c3d   Thumb Code    22  bsp_ui_showp_foundation.o(i.Menu_Title)
    MyDMA_Config                             0x08002c65   Thumb Code   108  bsp_uart_dma.o(i.MyDMA_Config)
    MyGPIO_Config                            0x08002cd1   Thumb Code   150  bsp_uart_dma.o(i.MyGPIO_Config)
    MyNVIC_Config                            0x08002d75   Thumb Code    34  bsp_uart_dma.o(i.MyNVIC_Config)
    Myuart_Config                            0x08002d99   Thumb Code   152  bsp_uart_dma.o(i.Myuart_Config)
    NMI_Handler                              0x08002e4d   Thumb Code     2  stm32f4xx_it.o(i.NMI_Handler)
    NVIC_Init                                0x08002e51   Thumb Code   106  misc.o(i.NVIC_Init)
    NVIC_PriorityGroupConfig                 0x08002ec9   Thumb Code    10  misc.o(i.NVIC_PriorityGroupConfig)
    Number_Highlight_Show                    0x08002edd   Thumb Code   376  lcd.o(i.Number_Highlight_Show)
    PendSV_Handler                           0x08003069   Thumb Code     2  stm32f4xx_it.o(i.PendSV_Handler)
    Program_control                          0x0800306b   Thumb Code     8  bsp_ui_showp_foundation.o(i.Program_control)
    Pulse_StateTurn                          0x08003075   Thumb Code    56  main.o(i.Pulse_StateTurn)
    RB_Get_FreeSize                          0x080030b5   Thumb Code    10  ring_buffer.o(i.RB_Get_FreeSize)
    RB_Get_Length                            0x080030bf   Thumb Code     6  ring_buffer.o(i.RB_Get_Length)
    RB_Init                                  0x080030c5   Thumb Code    30  ring_buffer.o(i.RB_Init)
    RB_Read_Byte                             0x080030e3   Thumb Code    48  ring_buffer.o(i.RB_Read_Byte)
    RB_Write_Byte                            0x08003113   Thumb Code    50  ring_buffer.o(i.RB_Write_Byte)
    RCC_AHB1PeriphClockCmd                   0x08003145   Thumb Code    26  stm32f4xx_rcc.o(i.RCC_AHB1PeriphClockCmd)
    RCC_AHB3PeriphClockCmd                   0x08003165   Thumb Code    26  stm32f4xx_rcc.o(i.RCC_AHB3PeriphClockCmd)
    RCC_APB1PeriphClockCmd                   0x08003185   Thumb Code    26  stm32f4xx_rcc.o(i.RCC_APB1PeriphClockCmd)
    RCC_APB2PeriphClockCmd                   0x080031a5   Thumb Code    26  stm32f4xx_rcc.o(i.RCC_APB2PeriphClockCmd)
    RCC_GetClocksFreq                        0x080031c5   Thumb Code   214  stm32f4xx_rcc.o(i.RCC_GetClocksFreq)
    RCC_MCO1Config                           0x080032ad   Thumb Code    24  stm32f4xx_rcc.o(i.RCC_MCO1Config)
    RCC_MCO2Config                           0x080032c9   Thumb Code    24  stm32f4xx_rcc.o(i.RCC_MCO2Config)
    RandomCode_Check                         0x080032e5   Thumb Code    80  randomcode.o(i.RandomCode_Check)
    RandomSaveData_Check                     0x0800333d   Thumb Code   212  randomcode.o(i.RandomSaveData_Check)
    Read_Memory                              0x08003429   Thumb Code    26  flash.o(i.Read_Memory)
    STMFLASH_Write                           0x08003445   Thumb Code   134  flash.o(i.STMFLASH_Write)
    SVC_Handler                              0x080034d1   Thumb Code     2  stm32f4xx_it.o(i.SVC_Handler)
    Search_ch32x32                           0x080034d5   Thumb Code    52  lcd.o(i.Search_ch32x32)
    SysTick_CLKSourceConfig                  0x080035f9   Thumb Code    40  misc.o(i.SysTick_CLKSourceConfig)
    SysTick_Handler                          0x08003621   Thumb Code     8  stm32f4xx_it.o(i.SysTick_Handler)
    SystemInit                               0x08003629   Thumb Code    88  system_stm32f4xx.o(i.SystemInit)
    TIM2_IRQHandler                          0x08003691   Thumb Code    62  tim.o(i.TIM2_IRQHandler)
    TIM2_Int_Init                            0x080036d5   Thumb Code    90  tim.o(i.TIM2_Int_Init)
    TIM3_IRQHandler                          0x08003731   Thumb Code    28  tim.o(i.TIM3_IRQHandler)
    TIM3_Int_Init                            0x08003755   Thumb Code    86  tim.o(i.TIM3_Int_Init)
    TIM_ClearITPendingBit                    0x080037b1   Thumb Code     6  stm32f4xx_tim.o(i.TIM_ClearITPendingBit)
    TIM_Cmd                                  0x080037b7   Thumb Code    24  stm32f4xx_tim.o(i.TIM_Cmd)
    TIM_GetITStatus                          0x080037cf   Thumb Code    34  stm32f4xx_tim.o(i.TIM_GetITStatus)
    TIM_ITConfig                             0x080037f1   Thumb Code    18  stm32f4xx_tim.o(i.TIM_ITConfig)
    TIM_TimeBaseInit                         0x08003805   Thumb Code   104  stm32f4xx_tim.o(i.TIM_TimeBaseInit)
    TimingDelay_Decrement                    0x08003889   Thumb Code    18  main.o(i.TimingDelay_Decrement)
    UART4_IRQHandler                         0x080038a1   Thumb Code    22  bsp_uart_dma.o(i.UART4_IRQHandler)
    UART5_IRQHandler                         0x080038bd   Thumb Code    22  bsp_uart_dma.o(i.UART5_IRQHandler)
    UART_AnswerError                         0x080038d9   Thumb Code    54  usart.o(i.UART_AnswerError)
    UART_Answer_LightData                    0x08003915   Thumb Code   866  bsp.o(i.UART_Answer_LightData)
    UART_Answer_NoData                       0x08003c81   Thumb Code   150  usart.o(i.UART_Answer_NoData)
    UART_Answer_RandomNumber                 0x08003d29   Thumb Code    86  usart.o(i.UART_Answer_RandomNumber)
    UART_Inbuff                              0x08003d89   Thumb Code    48  bsp_uart.o(i.UART_Inbuff)
    UART_RemoteCMD_Process                   0x08003dbd   Thumb Code  1772  bsp.o(i.UART_RemoteCMD_Process)
    UART_RemoteDecode                        0x080044dd   Thumb Code   102  bsp_uart.o(i.UART_RemoteDecode)
    UART_RemoteEncode                        0x08004549   Thumb Code   266  usart.o(i.UART_RemoteEncode)
    UART_SendInbuff                          0x0800466d   Thumb Code    24  usart.o(i.UART_SendInbuff)
    UI_Init                                  0x08004685   Thumb Code    28  bsp_ui_showp_foundation.o(i.UI_Init)
    UI_Level_0                               0x080046a5   Thumb Code    72  bsp_ui_showp_foundation.o(i.UI_Level_0)
    UI_Level_1                               0x080046f5   Thumb Code    52  bsp_ui_showp_foundation.o(i.UI_Level_1)
    UI_Level_2                               0x08004731   Thumb Code    62  bsp_ui_showp_foundation.o(i.UI_Level_2)
    UI_Level_3                               0x08004775   Thumb Code   102  bsp_ui_showp_foundation.o(i.UI_Level_3)
    UI_Level_4                               0x0800480d   Thumb Code    52  bsp_ui_showp_foundation.o(i.UI_Level_4)
    UI_Level_5                               0x08004851   Thumb Code   114  bsp_ui_showp_foundation.o(i.UI_Level_5)
    UI_Level_6                               0x080048f1   Thumb Code    90  bsp_ui_showp_foundation.o(i.UI_Level_6)
    USART1_IRQHandler                        0x08004985   Thumb Code    22  bsp_uart_dma.o(i.USART1_IRQHandler)
    USART2_IRQHandler                        0x080049a1   Thumb Code    22  bsp_uart_dma.o(i.USART2_IRQHandler)
    USART3_IRQHandler                        0x080049bd   Thumb Code    22  bsp_uart_dma.o(i.USART3_IRQHandler)
    USART6_IRQHandler                        0x080049d9   Thumb Code    22  bsp_uart_dma.o(i.USART6_IRQHandler)
    USART_ClearFlag                          0x080049f5   Thumb Code    18  stm32f4xx_usart.o(i.USART_ClearFlag)
    USART_Cmd                                0x08004a07   Thumb Code    24  stm32f4xx_usart.o(i.USART_Cmd)
    USART_DMACmd                             0x08004a1f   Thumb Code    18  stm32f4xx_usart.o(i.USART_DMACmd)
    USART_GetITStatus                        0x08004a31   Thumb Code    84  stm32f4xx_usart.o(i.USART_GetITStatus)
    USART_ITConfig                           0x08004a85   Thumb Code    74  stm32f4xx_usart.o(i.USART_ITConfig)
    USART_Init                               0x08004ad1   Thumb Code   204  stm32f4xx_usart.o(i.USART_Init)
    Uart_Init                                0x08004ba5   Thumb Code   344  bsp_uart_dma.o(i.Uart_Init)
    UsageFault_Handler                       0x08004d2d   Thumb Code     4  stm32f4xx_it.o(i.UsageFault_Handler)
    User_GPIO_Init                           0x08004d31   Thumb Code   204  gpio.o(i.User_GPIO_Init)
    __0snprintf$1                            0x08004e0d   Thumb Code    48  printf1.o(i.__0snprintf$1)
    __1snprintf$1                            0x08004e0d   Thumb Code     0  printf1.o(i.__0snprintf$1)
    __2snprintf                              0x08004e0d   Thumb Code     0  printf1.o(i.__0snprintf$1)
    __scatterload_copy                       0x08004e41   Thumb Code    14  handlers.o(i.__scatterload_copy)
    __scatterload_null                       0x08004e4f   Thumb Code     2  handlers.o(i.__scatterload_null)
    __scatterload_zeroinit                   0x08004e51   Thumb Code    14  handlers.o(i.__scatterload_zeroinit)
    attenuation_number                       0x08004fcb   Thumb Code    30  bsp.o(i.attenuation_number)
    bsp_InitI2C                              0x08004fe9   Thumb Code    52  soft_i2c.o(i.bsp_InitI2C)
    delay_init                               0x08005021   Thumb Code    52  delay.o(i.delay_init)
    delay_ms                                 0x0800505d   Thumb Code    56  delay.o(i.delay_ms)
    delay_xms                                0x08005095   Thumb Code    72  delay.o(i.delay_xms)
    ee_ReadBytes                             0x080050e1   Thumb Code   112  soft_i2c_lm75b.o(i.ee_ReadBytes)
    i2c_Ack                                  0x08005151   Thumb Code    48  soft_i2c.o(i.i2c_Ack)
    i2c_NAck                                 0x08005195   Thumb Code    38  soft_i2c.o(i.i2c_NAck)
    i2c_ReadByte                             0x080051c1   Thumb Code    62  soft_i2c.o(i.i2c_ReadByte)
    i2c_SendByte                             0x08005205   Thumb Code    84  soft_i2c.o(i.i2c_SendByte)
    i2c_Start                                0x0800525d   Thumb Code    46  soft_i2c.o(i.i2c_Start)
    i2c_Stop                                 0x08005291   Thumb Code    32  soft_i2c.o(i.i2c_Stop)
    i2c_WaitAck                              0x080052b5   Thumb Code    58  soft_i2c.o(i.i2c_WaitAck)
    main                                     0x080052f5   Thumb Code  1254  main.o(i.main)
    mypow                                    0x080057e5   Thumb Code    22  lcd.o(i.mypow)
    Font32x32_Index                          0x080057fa   Data         119  lcd.o(.constdata)
    Hzk32                                    0x08005871   Data        7552  lcd.o(.constdata)
    asc2_1608                                0x080075f1   Data        1520  lcd.o(.constdata)
    Hzk16                                    0x08007be1   Data         224  lcd.o(.constdata)
    Half_zk3216                              0x08007cc1   Data        6080  lcd.o(.constdata)
    image                                    0x08009481   Data        3200  lcd.o(.constdata)
    Region$$Table$$Base                      0x0800a104   Number         0  anon$$obj.o(Region$$Table)
    Region$$Table$$Limit                     0x0800a124   Number         0  anon$$obj.o(Region$$Table)
    Packet_flag                              0x20000004   Data           1  main.o(.data)
    b_Ext_Sync                               0x20000005   Data           1  main.o(.data)
    b_Ext_Sync_old                           0x20000006   Data           1  main.o(.data)
    flag_timer2                              0x20000007   Data           1  main.o(.data)
    cn                                       0x20000008   Data           8  main.o(.data)
    RandomNumber                             0x20000010   Data           2  main.o(.data)
    RandomBaseFreq                           0x20000012   Data           2  main.o(.data)
    RandomMinValue                           0x20000014   Data           2  main.o(.data)
    RandomMaxValue                           0x20000016   Data           2  main.o(.data)
    RandomCodeTime                           0x20000018   Data           4  main.o(.data)
    CycleCodeTime                            0x2000001c   Data           4  main.o(.data)
    Temp_CycleCodeTime                       0x20000020   Data           4  main.o(.data)
    Temp_dB_Loss                             0x20000024   Data           2  main.o(.data)
    dB_Loss                                  0x20000026   Data           2  main.o(.data)
    LaserState                               0x2000002a   Data           2  usart.o(.data)
    UART_Send_Buffer_Index                   0x2000002c   Data           1  usart.o(.data)
    BACK_COLOR                               0x20000030   Data           2  lcd.o(.data)
    Lightsoutce                              0x20000040   Data           1  bsp.o(.data)
    Byte_TypeConversion                      0x20000048   Data           8  bsp.o(.data)
    PauseTime                                0x20000050   Data           2  bsp.o(.data)
    b_Random_EN                              0x20000052   Data           1  bsp.o(.data)
    LaserControl                             0x20000054   Data           2  bsp.o(.data)
    Menu_Indexs                              0x20000056   Data           3  bsp.o(.data)
    Number_Rx_Buffer1                        0x20000060   Data           2  bsp_uart_dma.o(.data)
    Number_Tx_Buffer1                        0x20000064   Data           2  bsp_uart_dma.o(.data)
    Number_Rx_Buffer3                        0x20000068   Data           2  bsp_uart_dma.o(.data)
    Number_Tx_Buffer3                        0x2000006c   Data           2  bsp_uart_dma.o(.data)
    RCC_Clocks                               0x20000080   Data          16  main.o(.bss)
    RemoteDataPacket                         0x20000090   Data          35  main.o(.bss)
    uart1_rxbuff                             0x200000b3   Data        4096  main.o(.bss)
    uart1_txbuff                             0x200010b3   Data          64  main.o(.bss)
    uart3_rxbuff                             0x200010f3   Data        1024  main.o(.bss)
    uart3_txbuff                             0x200014f3   Data          64  main.o(.bss)
    rb_uart1_rx                              0x20001534   Data          20  main.o(.bss)
    rb_uart1_tx                              0x20001548   Data          20  main.o(.bss)
    rb_uart3_rx                              0x2000155c   Data          20  main.o(.bss)
    rb_uart3_tx                              0x20001570   Data          20  main.o(.bss)
    u32_FlashBuff                            0x20001584   Data        8192  main.o(.bss)
    u16_RandomData                           0x20003584   Data        2048  main.o(.bss)
    UART_Send_Buffer                         0x20003d84   Data         128  usart.o(.bss)
    retdata                                  0x20003e04   Data          12  bsp.o(.bss)
    display                                  0x20003e10   Data          20  bsp.o(.bss)
    Uart_Rx_Buffer1                          0x20003e24   Data        2048  bsp_uart_dma.o(.bss)
    Uart_Tx_Buffer1                          0x20004624   Data         256  bsp_uart_dma.o(.bss)
    Uart_Rx_Buffer3                          0x20004724   Data         256  bsp_uart_dma.o(.bss)
    Uart_Tx_Buffer3                          0x20004824   Data         256  bsp_uart_dma.o(.bss)
    __initial_sp                             0x20004d28   Data           0  startup_stm32f407xx.o(STACK)



==============================================================================

Memory Map of the image

  Image Entry point : 0x080001a1

  Load Region LR_1 (Base: 0x08000000, Size: 0x0000a1a4, Max: 0xffffffff, ABSOLUTE)

    Execution Region ER_RO (Exec base: 0x08000000, Load base: 0x08000000, Size: 0x0000a124, Max: 0xffffffff, ABSOLUTE)

    Exec Addr    Load Addr    Size         Type   Attr      Idx    E Section Name        Object

    0x08000000   0x08000000   0x00000188   Data   RO         1628    RESET               startup_stm32f407xx.o
    0x08000188   0x08000188   0x00000000   Code   RO         3844  * .ARM.Collect$$$$00000000  mc_w.l(entry.o)
    0x08000188   0x08000188   0x00000004   Code   RO         4130    .ARM.Collect$$$$00000001  mc_w.l(entry2.o)
    0x0800018c   0x0800018c   0x00000004   Code   RO         4133    .ARM.Collect$$$$00000004  mc_w.l(entry5.o)
    0x08000190   0x08000190   0x00000000   Code   RO         4135    .ARM.Collect$$$$00000008  mc_w.l(entry7b.o)
    0x08000190   0x08000190   0x00000000   Code   RO         4137    .ARM.Collect$$$$0000000A  mc_w.l(entry8b.o)
    0x08000190   0x08000190   0x00000008   Code   RO         4138    .ARM.Collect$$$$0000000B  mc_w.l(entry9a.o)
    0x08000198   0x08000198   0x00000004   Code   RO         4145    .ARM.Collect$$$$0000000E  mc_w.l(entry12b.o)
    0x0800019c   0x0800019c   0x00000000   Code   RO         4140    .ARM.Collect$$$$0000000F  mc_w.l(entry10a.o)
    0x0800019c   0x0800019c   0x00000000   Code   RO         4142    .ARM.Collect$$$$00000011  mc_w.l(entry11a.o)
    0x0800019c   0x0800019c   0x00000004   Code   RO         4131    .ARM.Collect$$$$00002712  mc_w.l(entry2.o)
    0x080001a0   0x080001a0   0x00000024   Code   RO         1629  * .text               startup_stm32f407xx.o
    0x080001c4   0x080001c4   0x00000024   Code   RO         3847    .text               mc_w.l(memcpya.o)
    0x080001e8   0x080001e8   0x00000024   Code   RO         3849    .text               mc_w.l(memseta.o)
    0x0800020c   0x0800020c   0x0000000e   Code   RO         3851    .text               mc_w.l(strlen.o)
    0x0800021a   0x0800021a   0x0000014e   Code   RO         4116    .text               mf_w.l(dadd.o)
    0x08000368   0x08000368   0x000000e4   Code   RO         4118    .text               mf_w.l(dmul.o)
    0x0800044c   0x0800044c   0x0000001a   Code   RO         4124    .text               mf_w.l(dfltui.o)
    0x08000466   0x08000466   0x00000032   Code   RO         4126    .text               mf_w.l(dfixui.o)
    0x08000498   0x08000498   0x00000038   Code   RO         4128    .text               mf_w.l(d2f.o)
    0x080004d0   0x080004d0   0x0000002c   Code   RO         4149    .text               mc_w.l(uidiv.o)
    0x080004fc   0x080004fc   0x0000001e   Code   RO         4153    .text               mc_w.l(llshl.o)
    0x0800051a   0x0800051a   0x00000020   Code   RO         4155    .text               mc_w.l(llushr.o)
    0x0800053a   0x0800053a   0x00000024   Code   RO         4157    .text               mc_w.l(llsshr.o)
    0x0800055e   0x0800055e   0x00000000   Code   RO         4159    .text               mc_w.l(iusefp.o)
    0x0800055e   0x0800055e   0x0000006e   Code   RO         4160    .text               mf_w.l(fepilogue.o)
    0x080005cc   0x080005cc   0x000000ba   Code   RO         4162    .text               mf_w.l(depilogue.o)
    0x08000686   0x08000686   0x00000002   PAD
    0x08000688   0x08000688   0x00000024   Code   RO         4170    .text               mc_w.l(init.o)
    0x080006ac   0x080006ac   0x00000004   Code   RO          287    i.BusFault_Handler  stm32f4xx_it.o
    0x080006b0   0x080006b0   0x00000030   Code   RO            4    i.Cross_StateTurn   main.o
    0x080006e0   0x080006e0   0x000000b0   Code   RO          860    i.CycleCode_Renew   fsmc.o
    0x08000790   0x08000790   0x00000028   Code   RO         1316    i.DMA1_Stream3_IRQHandler  bsp_uart_dma.o
    0x080007b8   0x080007b8   0x00000028   Code   RO         1317    i.DMA1_Stream4_IRQHandler  bsp_uart_dma.o
    0x080007e0   0x080007e0   0x00000034   Code   RO         1318    i.DMA1_Stream6_IRQHandler  bsp_uart_dma.o
    0x08000814   0x08000814   0x00000028   Code   RO         1319    i.DMA1_Stream7_IRQHandler  bsp_uart_dma.o
    0x0800083c   0x0800083c   0x00000028   Code   RO         1320    i.DMA2_Stream6_IRQHandler  bsp_uart_dma.o
    0x08000864   0x08000864   0x00000034   Code   RO         1321    i.DMA2_Stream7_IRQHandler  bsp_uart_dma.o
    0x08000898   0x08000898   0x00000034   Code   RO         3715    i.DMA_ClearFlag     stm32f4xx_dma.o
    0x080008cc   0x080008cc   0x00000016   Code   RO         3717    i.DMA_Cmd           stm32f4xx_dma.o
    0x080008e2   0x080008e2   0x00000002   PAD
    0x080008e4   0x080008e4   0x00000158   Code   RO         3718    i.DMA_DeInit        stm32f4xx_dma.o
    0x08000a3c   0x08000a3c   0x00000008   Code   RO         3723    i.DMA_GetCurrDataCounter  stm32f4xx_dma.o
    0x08000a44   0x08000a44   0x00000044   Code   RO         3726    i.DMA_GetFlagStatus  stm32f4xx_dma.o
    0x08000a88   0x08000a88   0x0000003a   Code   RO         3728    i.DMA_ITConfig      stm32f4xx_dma.o
    0x08000ac2   0x08000ac2   0x00000002   PAD
    0x08000ac4   0x08000ac4   0x00000058   Code   RO         3729    i.DMA_Init          stm32f4xx_dma.o
    0x08000b1c   0x08000b1c   0x00000134   Code   RO         1322    i.DMA_Rx            bsp_uart_dma.o
    0x08000c50   0x08000c50   0x00000004   Code   RO         3732    i.DMA_SetCurrDataCounter  stm32f4xx_dma.o
    0x08000c54   0x08000c54   0x00000078   Code   RO         1323    i.DMA_Tx            bsp_uart_dma.o
    0x08000ccc   0x08000ccc   0x00000002   Code   RO          288    i.DebugMon_Handler  stm32f4xx_it.o
    0x08000cce   0x08000cce   0x00000002   PAD
    0x08000cd0   0x08000cd0   0x00000018   Code   RO            5    i.Delay             main.o
    0x08000ce8   0x08000ce8   0x0000000c   Code   RO         2888    i.FLASH_ClearFlag   stm32f4xx_flash.o
    0x08000cf4   0x08000cf4   0x00000024   Code   RO         2889    i.FLASH_DataCacheCmd  stm32f4xx_flash.o
    0x08000d18   0x08000d18   0x00000088   Code   RO         2894    i.FLASH_EraseSector  stm32f4xx_flash.o
    0x08000da0   0x08000da0   0x00000054   Code   RO         2896    i.FLASH_GetStatus   stm32f4xx_flash.o
    0x08000df4   0x08000df4   0x00000014   Code   RO         2900    i.FLASH_Lock        stm32f4xx_flash.o
    0x08000e08   0x08000e08   0x00000050   Code   RO         2924    i.FLASH_ProgramWord  stm32f4xx_flash.o
    0x08000e58   0x08000e58   0x00000024   Code   RO         2926    i.FLASH_Unlock      stm32f4xx_flash.o
    0x08000e7c   0x08000e7c   0x00000022   Code   RO         2927    i.FLASH_WaitForLastOperation  stm32f4xx_flash.o
    0x08000e9e   0x08000e9e   0x00000002   PAD
    0x08000ea0   0x08000ea0   0x00000264   Code   RO          861    i.FSMC_GPIO_Config  fsmc.o
    0x08001104   0x08001104   0x00000062   Code   RO          862    i.FSMC_Init         fsmc.o
    0x08001166   0x08001166   0x00000002   PAD
    0x08001168   0x08001168   0x00000034   Code   RO         1688    i.FSMC_NORSRAMCmd   stm32f4xx_fsmc.o
    0x0800119c   0x0800119c   0x00000124   Code   RO         1690    i.FSMC_NORSRAMInit  stm32f4xx_fsmc.o
    0x080012c0   0x080012c0   0x00000090   Code   RO         2151    i.GPIO_Init         stm32f4xx_gpio.o
    0x08001350   0x08001350   0x00000046   Code   RO         2152    i.GPIO_PinAFConfig  stm32f4xx_gpio.o
    0x08001396   0x08001396   0x00000004   Code   RO         2158    i.GPIO_ResetBits    stm32f4xx_gpio.o
    0x0800139a   0x0800139a   0x00000004   Code   RO         2159    i.GPIO_SetBits      stm32f4xx_gpio.o
    0x0800139e   0x0800139e   0x00000002   PAD
    0x080013a0   0x080013a0   0x000000e4   Code   RO          818    i.GetSector         flash.o
    0x08001484   0x08001484   0x00000020   Code   RO         1263    i.HandleEndSymbol   bsp_uart.o
    0x080014a4   0x080014a4   0x00000010   Code   RO         1264    i.HandleStartSymbol  bsp_uart.o
    0x080014b4   0x080014b4   0x0000000c   Code   RO         1265    i.HandleValidData   bsp_uart.o
    0x080014c0   0x080014c0   0x00000004   Code   RO          289    i.HardFault_Handler  stm32f4xx_it.o
    0x080014c4   0x080014c4   0x0000003a   Code   RO          498    i.LCD_Address_Set   lcd.o
    0x080014fe   0x080014fe   0x00000034   Code   RO          499    i.LCD_Clear         lcd.o
    0x08001532   0x08001532   0x0000001c   Code   RO          501    i.LCD_DrawPoint     lcd.o
    0x0800154e   0x0800154e   0x00000002   PAD
    0x08001550   0x08001550   0x00000230   Code   RO          505    i.LCD_Init          lcd.o
    0x08001780   0x08001780   0x00000058   Code   RO          506    i.LCD_PortInit      lcd.o
    0x080017d8   0x080017d8   0x000000aa   Code   RO          507    i.LCD_Print         lcd.o
    0x08001882   0x08001882   0x00000002   PAD
    0x08001884   0x08001884   0x00000078   Code   RO          508    i.LCD_ShowBigChar   lcd.o
    0x080018fc   0x080018fc   0x0000004c   Code   RO          509    i.LCD_ShowBigString  lcd.o
    0x08001948   0x08001948   0x000000e0   Code   RO          510    i.LCD_ShowChar      lcd.o
    0x08001a28   0x08001a28   0x0000008c   Code   RO          511    i.LCD_ShowChinese   lcd.o
    0x08001ab4   0x08001ab4   0x000000a0   Code   RO          513    i.LCD_ShowNum1      lcd.o
    0x08001b54   0x08001b54   0x0000004a   Code   RO          515    i.LCD_ShowString    lcd.o
    0x08001b9e   0x08001b9e   0x00000002   PAD
    0x08001ba0   0x08001ba0   0x00000020   Code   RO          516    i.LCD_WR_DATA       lcd.o
    0x08001bc0   0x08001bc0   0x00000018   Code   RO          517    i.LCD_WR_DATA8      lcd.o
    0x08001bd8   0x08001bd8   0x00000018   Code   RO          518    i.LCD_WR_REG        lcd.o
    0x08001bf0   0x08001bf0   0x00000044   Code   RO          519    i.LCD_Writ_Bus      lcd.o
    0x08001c34   0x08001c34   0x0000006c   Code   RO         1047    i.LM75BTempRead     soft_i2c_lm75b.o
    0x08001ca0   0x08001ca0   0x0000008c   Code   RO            6    i.Laser_StateTurn   main.o
    0x08001d2c   0x08001d2c   0x00000004   Code   RO          290    i.MemManage_Handler  stm32f4xx_it.o
    0x08001d30   0x08001d30   0x00000284   Code   RO         1575    i.MenuTrig_Cancel   bsp_key_oc.o
    0x08001fb4   0x08001fb4   0x0000019c   Code   RO         1545    i.MenuTrig_Down     bsp_key.o
    0x08002150   0x08002150   0x00000358   Code   RO         1576    i.MenuTrig_OK       bsp_key_oc.o
    0x080024a8   0x080024a8   0x00000178   Code   RO         1546    i.MenuTrig_Up       bsp_key.o
    0x08002620   0x08002620   0x00000064   Code   RO          734    i.Menu_0_1          ui.o
    0x08002684   0x08002684   0x00000080   Code   RO          735    i.Menu_0_2          ui.o
    0x08002704   0x08002704   0x00000080   Code   RO          736    i.Menu_0_3          ui.o
    0x08002784   0x08002784   0x00000050   Code   RO          737    i.Menu_0_4          ui.o
    0x080027d4   0x080027d4   0x00000050   Code   RO          738    i.Menu_0_5          ui.o
    0x08002824   0x08002824   0x00000050   Code   RO          739    i.Menu_0_6          ui.o
    0x08002874   0x08002874   0x00000044   Code   RO          740    i.Menu_1            ui.o
    0x080028b8   0x080028b8   0x00000098   Code   RO          741    i.Menu_2_x          ui.o
    0x08002950   0x08002950   0x0000019c   Code   RO          742    i.Menu_2_x_OK       ui.o
    0x08002aec   0x08002aec   0x00000044   Code   RO          743    i.Menu_4            ui.o
    0x08002b30   0x08002b30   0x00000024   Code   RO         1461    i.Menu_Infobar      bsp_ui_showp_foundation.o
    0x08002b54   0x08002b54   0x000000e8   Code   RO          744    i.Menu_Refresh      ui.o
    0x08002c3c   0x08002c3c   0x00000028   Code   RO         1462    i.Menu_Title        bsp_ui_showp_foundation.o
    0x08002c64   0x08002c64   0x0000006c   Code   RO         1324    i.MyDMA_Config      bsp_uart_dma.o
    0x08002cd0   0x08002cd0   0x000000a4   Code   RO         1325    i.MyGPIO_Config     bsp_uart_dma.o
    0x08002d74   0x08002d74   0x00000022   Code   RO         1326    i.MyNVIC_Config     bsp_uart_dma.o
    0x08002d96   0x08002d96   0x00000002   PAD
    0x08002d98   0x08002d98   0x000000b4   Code   RO         1327    i.Myuart_Config     bsp_uart_dma.o
    0x08002e4c   0x08002e4c   0x00000002   Code   RO          291    i.NMI_Handler       stm32f4xx_it.o
    0x08002e4e   0x08002e4e   0x00000002   PAD
    0x08002e50   0x08002e50   0x00000078   Code   RO         2840    i.NVIC_Init         misc.o
    0x08002ec8   0x08002ec8   0x00000014   Code   RO         2841    i.NVIC_PriorityGroupConfig  misc.o
    0x08002edc   0x08002edc   0x0000018c   Code   RO          521    i.Number_Highlight_Show  lcd.o
    0x08003068   0x08003068   0x00000002   Code   RO          292    i.PendSV_Handler    stm32f4xx_it.o
    0x0800306a   0x0800306a   0x00000008   Code   RO         1463    i.Program_control   bsp_ui_showp_foundation.o
    0x08003072   0x08003072   0x00000002   PAD
    0x08003074   0x08003074   0x00000040   Code   RO            7    i.Pulse_StateTurn   main.o
    0x080030b4   0x080030b4   0x0000000a   Code   RO         1131    i.RB_Get_FreeSize   ring_buffer.o
    0x080030be   0x080030be   0x00000006   Code   RO         1132    i.RB_Get_Length     ring_buffer.o
    0x080030c4   0x080030c4   0x0000001e   Code   RO         1133    i.RB_Init           ring_buffer.o
    0x080030e2   0x080030e2   0x00000030   Code   RO         1134    i.RB_Read_Byte      ring_buffer.o
    0x08003112   0x08003112   0x00000032   Code   RO         1136    i.RB_Write_Byte     ring_buffer.o
    0x08003144   0x08003144   0x00000020   Code   RO         1812    i.RCC_AHB1PeriphClockCmd  stm32f4xx_rcc.o
    0x08003164   0x08003164   0x00000020   Code   RO         1818    i.RCC_AHB3PeriphClockCmd  stm32f4xx_rcc.o
    0x08003184   0x08003184   0x00000020   Code   RO         1821    i.RCC_APB1PeriphClockCmd  stm32f4xx_rcc.o
    0x080031a4   0x080031a4   0x00000020   Code   RO         1824    i.RCC_APB2PeriphClockCmd  stm32f4xx_rcc.o
    0x080031c4   0x080031c4   0x000000e8   Code   RO         1833    i.RCC_GetClocksFreq  stm32f4xx_rcc.o
    0x080032ac   0x080032ac   0x0000001c   Code   RO         1846    i.RCC_MCO1Config    stm32f4xx_rcc.o
    0x080032c8   0x080032c8   0x0000001c   Code   RO         1847    i.RCC_MCO2Config    stm32f4xx_rcc.o
    0x080032e4   0x080032e4   0x00000058   Code   RO          896    i.RandomCode_Check  randomcode.o
    0x0800333c   0x0800333c   0x000000ec   Code   RO          897    i.RandomSaveData_Check  randomcode.o
    0x08003428   0x08003428   0x0000001a   Code   RO          819    i.Read_Memory       flash.o
    0x08003442   0x08003442   0x00000002   PAD
    0x08003444   0x08003444   0x0000008c   Code   RO          821    i.STMFLASH_Write    flash.o
    0x080034d0   0x080034d0   0x00000002   Code   RO          293    i.SVC_Handler       stm32f4xx_it.o
    0x080034d2   0x080034d2   0x00000002   PAD
    0x080034d4   0x080034d4   0x00000038   Code   RO          522    i.Search_ch32x32    lcd.o
    0x0800350c   0x0800350c   0x000000ec   Code   RO         1636    i.SetSysClock       system_stm32f4xx.o
    0x080035f8   0x080035f8   0x00000028   Code   RO         2844    i.SysTick_CLKSourceConfig  misc.o
    0x08003620   0x08003620   0x00000008   Code   RO          294    i.SysTick_Handler   stm32f4xx_it.o
    0x08003628   0x08003628   0x00000068   Code   RO         1638    i.SystemInit        system_stm32f4xx.o
    0x08003690   0x08003690   0x00000044   Code   RO          926    i.TIM2_IRQHandler   tim.o
    0x080036d4   0x080036d4   0x0000005a   Code   RO          927    i.TIM2_Int_Init     tim.o
    0x0800372e   0x0800372e   0x00000002   PAD
    0x08003730   0x08003730   0x00000024   Code   RO          928    i.TIM3_IRQHandler   tim.o
    0x08003754   0x08003754   0x0000005c   Code   RO          929    i.TIM3_Int_Init     tim.o
    0x080037b0   0x080037b0   0x00000006   Code   RO         3160    i.TIM_ClearITPendingBit  stm32f4xx_tim.o
    0x080037b6   0x080037b6   0x00000018   Code   RO         3165    i.TIM_Cmd           stm32f4xx_tim.o
    0x080037ce   0x080037ce   0x00000022   Code   RO         3186    i.TIM_GetITStatus   stm32f4xx_tim.o
    0x080037f0   0x080037f0   0x00000012   Code   RO         3190    i.TIM_ITConfig      stm32f4xx_tim.o
    0x08003802   0x08003802   0x00000002   PAD
    0x08003804   0x08003804   0x00000084   Code   RO         3237    i.TIM_TimeBaseInit  stm32f4xx_tim.o
    0x08003888   0x08003888   0x00000018   Code   RO            8    i.TimingDelay_Decrement  main.o
    0x080038a0   0x080038a0   0x0000001c   Code   RO         1328    i.UART4_IRQHandler  bsp_uart_dma.o
    0x080038bc   0x080038bc   0x0000001c   Code   RO         1329    i.UART5_IRQHandler  bsp_uart_dma.o
    0x080038d8   0x080038d8   0x0000003c   Code   RO          412    i.UART_AnswerError  usart.o
    0x08003914   0x08003914   0x0000036c   Code   RO         1089    i.UART_Answer_LightData  bsp.o
    0x08003c80   0x08003c80   0x000000a8   Code   RO          413    i.UART_Answer_NoData  usart.o
    0x08003d28   0x08003d28   0x00000060   Code   RO          415    i.UART_Answer_RandomNumber  usart.o
    0x08003d88   0x08003d88   0x00000034   Code   RO         1266    i.UART_Inbuff       bsp_uart.o
    0x08003dbc   0x08003dbc   0x00000720   Code   RO         1090    i.UART_RemoteCMD_Process  bsp.o
    0x080044dc   0x080044dc   0x0000006c   Code   RO         1267    i.UART_RemoteDecode  bsp_uart.o
    0x08004548   0x08004548   0x00000124   Code   RO          416    i.UART_RemoteEncode  usart.o
    0x0800466c   0x0800466c   0x00000018   Code   RO          418    i.UART_SendInbuff   usart.o
    0x08004684   0x08004684   0x00000020   Code   RO         1464    i.UI_Init           bsp_ui_showp_foundation.o
    0x080046a4   0x080046a4   0x00000050   Code   RO         1465    i.UI_Level_0        bsp_ui_showp_foundation.o
    0x080046f4   0x080046f4   0x0000003c   Code   RO         1466    i.UI_Level_1        bsp_ui_showp_foundation.o
    0x08004730   0x08004730   0x00000044   Code   RO         1467    i.UI_Level_2        bsp_ui_showp_foundation.o
    0x08004774   0x08004774   0x00000098   Code   RO         1468    i.UI_Level_3        bsp_ui_showp_foundation.o
    0x0800480c   0x0800480c   0x00000044   Code   RO         1469    i.UI_Level_4        bsp_ui_showp_foundation.o
    0x08004850   0x08004850   0x000000a0   Code   RO         1470    i.UI_Level_5        bsp_ui_showp_foundation.o
    0x080048f0   0x080048f0   0x00000094   Code   RO         1471    i.UI_Level_6        bsp_ui_showp_foundation.o
    0x08004984   0x08004984   0x0000001c   Code   RO         1330    i.USART1_IRQHandler  bsp_uart_dma.o
    0x080049a0   0x080049a0   0x0000001c   Code   RO         1331    i.USART2_IRQHandler  bsp_uart_dma.o
    0x080049bc   0x080049bc   0x0000001c   Code   RO         1332    i.USART3_IRQHandler  bsp_uart_dma.o
    0x080049d8   0x080049d8   0x0000001c   Code   RO         1333    i.USART6_IRQHandler  bsp_uart_dma.o
    0x080049f4   0x080049f4   0x00000012   Code   RO         2252    i.USART_ClearFlag   stm32f4xx_usart.o
    0x08004a06   0x08004a06   0x00000018   Code   RO         2256    i.USART_Cmd         stm32f4xx_usart.o
    0x08004a1e   0x08004a1e   0x00000012   Code   RO         2257    i.USART_DMACmd      stm32f4xx_usart.o
    0x08004a30   0x08004a30   0x00000054   Code   RO         2260    i.USART_GetITStatus  stm32f4xx_usart.o
    0x08004a84   0x08004a84   0x0000004a   Code   RO         2262    i.USART_ITConfig    stm32f4xx_usart.o
    0x08004ace   0x08004ace   0x00000002   PAD
    0x08004ad0   0x08004ad0   0x000000d4   Code   RO         2263    i.USART_Init        stm32f4xx_usart.o
    0x08004ba4   0x08004ba4   0x00000188   Code   RO         1334    i.Uart_Init         bsp_uart_dma.o
    0x08004d2c   0x08004d2c   0x00000004   Code   RO          295    i.UsageFault_Handler  stm32f4xx_it.o
    0x08004d30   0x08004d30   0x000000dc   Code   RO          247    i.User_GPIO_Init    gpio.o
    0x08004e0c   0x08004e0c   0x00000034   Code   RO         3901    i.__0snprintf$1     mc_w.l(printf1.o)
    0x08004e40   0x08004e40   0x0000000e   Code   RO         4176    i.__scatterload_copy  mc_w.l(handlers.o)
    0x08004e4e   0x08004e4e   0x00000002   Code   RO         4177    i.__scatterload_null  mc_w.l(handlers.o)
    0x08004e50   0x08004e50   0x0000000e   Code   RO         4178    i.__scatterload_zeroinit  mc_w.l(handlers.o)
    0x08004e5e   0x08004e5e   0x00000002   PAD
    0x08004e60   0x08004e60   0x00000154   Code   RO         3907    i._printf_core      mc_w.l(printf1.o)
    0x08004fb4   0x08004fb4   0x00000016   Code   RO         3908    i._snputc           mc_w.l(printf1.o)
    0x08004fca   0x08004fca   0x0000001e   Code   RO         1091    i.attenuation_number  bsp.o
    0x08004fe8   0x08004fe8   0x00000038   Code   RO          970    i.bsp_InitI2C       soft_i2c.o
    0x08005020   0x08005020   0x0000003c   Code   RO          690    i.delay_init        delay.o
    0x0800505c   0x0800505c   0x00000038   Code   RO          691    i.delay_ms          delay.o
    0x08005094   0x08005094   0x0000004c   Code   RO          693    i.delay_xms         delay.o
    0x080050e0   0x080050e0   0x00000070   Code   RO         1049    i.ee_ReadBytes      soft_i2c_lm75b.o
    0x08005150   0x08005150   0x00000034   Code   RO          971    i.i2c_Ack           soft_i2c.o
    0x08005184   0x08005184   0x0000000e   Code   RO          973    i.i2c_Delay         soft_i2c.o
    0x08005192   0x08005192   0x00000002   PAD
    0x08005194   0x08005194   0x0000002c   Code   RO          974    i.i2c_NAck          soft_i2c.o
    0x080051c0   0x080051c0   0x00000044   Code   RO          975    i.i2c_ReadByte      soft_i2c.o
    0x08005204   0x08005204   0x00000058   Code   RO          976    i.i2c_SendByte      soft_i2c.o
    0x0800525c   0x0800525c   0x00000034   Code   RO          977    i.i2c_Start         soft_i2c.o
    0x08005290   0x08005290   0x00000024   Code   RO          978    i.i2c_Stop          soft_i2c.o
    0x080052b4   0x080052b4   0x00000040   Code   RO          979    i.i2c_WaitAck       soft_i2c.o
    0x080052f4   0x080052f4   0x000004f0   Code   RO            9    i.main              main.o
    0x080057e4   0x080057e4   0x00000016   Code   RO          523    i.mypow             lcd.o
    0x080057fa   0x080057fa   0x00004907   Data   RO          524    .constdata          lcd.o
    0x0800a101   0x0800a101   0x00000003   PAD
    0x0800a104   0x0800a104   0x00000020   Data   RO         4174    Region$$Table       anon$$obj.o


    Execution Region ER_RW (Exec base: 0x20000000, Load base: 0x0800a124, Size: 0x00000080, Max: 0xffffffff, ABSOLUTE)

    Exec Addr    Load Addr    Size         Type   Attr      Idx    E Section Name        Object

    0x20000000   0x0800a124   0x0000002a   Data   RW           11    .data               main.o
    0x2000002a   0x0800a14e   0x00000005   Data   RW          422    .data               usart.o
    0x2000002f   0x0800a153   0x00000001   PAD
    0x20000030   0x0800a154   0x00000002   Data   RW          525    .data               lcd.o
    0x20000032   0x0800a156   0x00000004   Data   RW          694    .data               delay.o
    0x20000036   0x0800a15a   0x00000002   PAD
    0x20000038   0x0800a15c   0x00000004   Data   RW          930    .data               tim.o
    0x2000003c   0x0800a160   0x00000004   PAD
    0x20000040   0x0800a164   0x0000001d   Data   RW         1093    .data               bsp.o
    0x2000005d   0x0800a181   0x00000001   PAD
    0x2000005e   0x0800a182   0x00000010   Data   RW         1337    .data               bsp_uart_dma.o
    0x2000006e   0x0800a192   0x00000010   Data   RW         1865    .data               stm32f4xx_rcc.o


    Execution Region ER_ZI (Exec base: 0x20000080, Load base: 0x0800a1a4, Size: 0x00004ca8, Max: 0xffffffff, ABSOLUTE)

    Exec Addr    Load Addr    Size         Type   Attr      Idx    E Section Name        Object

    0x20000080        -       0x00003d04   Zero   RW           10    .bss                main.o
    0x20003d84        -       0x00000080   Zero   RW          421    .bss                usart.o
    0x20003e04        -       0x00000020   Zero   RW         1092    .bss                bsp.o
    0x20003e24        -       0x00000b00   Zero   RW         1336    .bss                bsp_uart_dma.o
    0x20004924   0x0800a1a4   0x00000004   PAD
    0x20004928        -       0x00000400   Zero   RW         1626    STACK               startup_stm32f407xx.o


==============================================================================

Image component sizes


      Code (inc. data)   RO Data    RW Data    ZI Data      Debug   Object Name

      2730        164          0         29         32       6784   bsp.o
       788         74          0          0          0       1410   bsp_key.o
      1500        178          0          0          0       1844   bsp_key_oc.o
       220         20          0          0          0       2706   bsp_uart.o
      1738        292          0         16       2816      13405   bsp_uart_dma.o
       852        230          0          0          0       6235   bsp_ui_showp_foundation.o
       192         12          0          4          0       1912   delay.o
       394         52          0          0          0       2595   flash.o
       886         38          0          0          0       2129   fsmc.o
       220         16          0          0          0       1358   gpio.o
      2372         96      18695          2          0      15418   lcd.o
      1564        200          0         42      15620     356227   main.o
       180         24          0          0          0       2077   misc.o
       324         32          0          0          0       2066   randomcode.o
       144          0          0          0          0       3395   ring_buffer.o
       474         40          0          0          0       4742   soft_i2c.o
       220         16          0          0          0       1899   soft_i2c_lm75b.o
        36          8        392          0       1024        832   startup_stm32f407xx.o
       644         54          0          0          0       6271   stm32f4xx_dma.o
       438         46          0          0          0      14014   stm32f4xx_flash.o
       344         16          0          0          0       2001   stm32f4xx_fsmc.o
       222          0          0          0          0       2883   stm32f4xx_gpio.o
        32          0          0          0          0       4278   stm32f4xx_it.o
       416         50          0         16          0       6478   stm32f4xx_rcc.o
       214         28          0          0          0       3674   stm32f4xx_tim.o
       430          8          0          0          0       4883   stm32f4xx_usart.o
       340         32          0          0          0       1549   system_stm32f4xx.o
       286         20          0          4          0       2592   tim.o
      1528        324          0          0          0       7452   ui.o
       640         60          0          5        128       4149   usart.o

    ----------------------------------------------------------------------
     20404       2130      19122        128      19624     487258   Object Totals
         0          0         32          0          0          0   (incl. Generated)
        36          0          3         10          4          0   (incl. Padding)

    ----------------------------------------------------------------------

      Code (inc. data)   RO Data    RW Data    ZI Data      Debug   Library Member Name

         0          0          0          0          0          0   entry.o
         0          0          0          0          0          0   entry10a.o
         0          0          0          0          0          0   entry11a.o
         4          0          0          0          0          0   entry12b.o
         8          4          0          0          0          0   entry2.o
         4          0          0          0          0          0   entry5.o
         0          0          0          0          0          0   entry7b.o
         0          0          0          0          0          0   entry8b.o
         8          4          0          0          0          0   entry9a.o
        30          0          0          0          0          0   handlers.o
        36          8          0          0          0         68   init.o
         0          0          0          0          0          0   iusefp.o
        30          0          0          0          0         68   llshl.o
        36          0          0          0          0         68   llsshr.o
        32          0          0          0          0         68   llushr.o
        36          0          0          0          0         68   memcpya.o
        36          0          0          0          0        108   memseta.o
       414          8          0          0          0        256   printf1.o
        14          0          0          0          0         68   strlen.o
        44          0          0          0          0         80   uidiv.o
        56          0          0          0          0         88   d2f.o
       334          0          0          0          0        148   dadd.o
       186          0          0          0          0        176   depilogue.o
        50          0          0          0          0         76   dfixui.o
        26          0          0          0          0         76   dfltui.o
       228          0          0          0          0         96   dmul.o
       110          0          0          0          0        168   fepilogue.o

    ----------------------------------------------------------------------
      1726         24          0          0          0       1680   Library Totals
         4          0          0          0          0          0   (incl. Padding)

    ----------------------------------------------------------------------

      Code (inc. data)   RO Data    RW Data    ZI Data      Debug   Library Name

       732         24          0          0          0        852   mc_w.l
       990          0          0          0          0        828   mf_w.l

    ----------------------------------------------------------------------
      1726         24          0          0          0       1680   Library Totals

    ----------------------------------------------------------------------

==============================================================================


      Code (inc. data)   RO Data    RW Data    ZI Data      Debug   

     22130       2154      19122        128      19624     472062   Grand Totals
     22130       2154      19122        128      19624     472062   ELF Image Totals
     22130       2154      19122        128          0          0   ROM Totals

==============================================================================

    Total RO  Size (Code + RO Data)                41252 (  40.29kB)
    Total RW  Size (RW Data + ZI Data)             19752 (  19.29kB)
    Total ROM Size (Code + RO Data + RW Data)      41380 (  40.41kB)

==============================================================================

